Component: ARM Compiler 5.06 update 5 (build 528) Tool: armlink [4d35e2]

==============================================================================

Section Cross References

    main.o(i.Load_Drow_Dialog) refers to lcd.o(i.LCD_Clear) for LCD_Clear
    main.o(i.Load_Drow_Dialog) refers to lcd.o(i.LCD_ShowString) for LCD_ShowString
    main.o(i.Load_Drow_Dialog) refers to lcd.o(.data) for POINT_COLOR
    main.o(i.Load_Drow_Dialog) refers to lcd.o(.bss) for lcddev
    main.o(i.ctp_test) refers to main.o(i.lcd_draw_bline) for lcd_draw_bline
    main.o(i.ctp_test) refers to easyui.o(i.UI_TouchHandler) for UI_TouchHandler
    main.o(i.ctp_test) refers to main.o(i.Load_Drow_Dialog) for Load_Drow_Dialog
    main.o(i.ctp_test) refers to esp8266.o(i.ESP8266_MQTT_LED_Process) for ESP8266_MQTT_LED_Process
    main.o(i.ctp_test) refers to delay.o(i.delay_ms) for delay_ms
    main.o(i.ctp_test) refers to easyui.o(i.UI_DATA_Show) for UI_DATA_Show
    main.o(i.ctp_test) refers to lcd.o(.bss) for lcddev
    main.o(i.ctp_test) refers to touch.o(.data) for tp_dev
    main.o(i.ctp_test) refers to main.o(.constdata) for POINT_COLOR_TBL
    main.o(i.gui_draw_hline) refers to lcd.o(i.LCD_Fill) for LCD_Fill
    main.o(i.gui_draw_hline) refers to lcd.o(.bss) for lcddev
    main.o(i.gui_fill_circle) refers to main.o(i.gui_draw_hline) for gui_draw_hline
    main.o(i.lcd_draw_bline) refers to main.o(i.gui_fill_circle) for gui_fill_circle
    main.o(i.main) refers to stm32f4xx_hal.o(i.HAL_Init) for HAL_Init
    main.o(i.main) refers to sys.o(i.Stm32_Clock_Init) for Stm32_Clock_Init
    main.o(i.main) refers to delay.o(i.delay_init) for delay_init
    main.o(i.main) refers to usart.o(i.uart_init) for uart_init
    main.o(i.main) refers to led.o(i.LED_Init) for LED_Init
    main.o(i.main) refers to key.o(i.KEY_Init) for KEY_Init
    main.o(i.main) refers to sdram.o(i.SDRAM_Init) for SDRAM_Init
    main.o(i.main) refers to lcd.o(i.LCD_Init) for LCD_Init
    main.o(i.main) refers to pcf8574.o(i.PCF8574_Init) for PCF8574_Init
    main.o(i.main) refers to pcf8574.o(i.PCF8574_ReadBit) for PCF8574_ReadBit
    main.o(i.main) refers to dht11.o(i.DHT11_Init) for DHT11_Init
    main.o(i.main) refers to fontupd.o(i.font_init) for font_init
    main.o(i.main) refers to malloc.o(i.my_mem_init) for my_mem_init
    main.o(i.main) refers to exfuns.o(i.exfuns_init) for exfuns_init
    main.o(i.main) refers to w25qxx.o(i.W25QXX_Init) for W25QXX_Init
    main.o(i.main) refers to rtc.o(i.RTC_Init) for RTC_Init
    main.o(i.main) refers to esp8266.o(i.ESP8266_Init) for ESP8266_Init
    main.o(i.main) refers to ff.o(i.f_mount) for f_mount
    main.o(i.main) refers to easyui.o(i.UI_Init) for UI_Init
    main.o(i.main) refers to main.o(i.ctp_test) for ctp_test
    main.o(i.main) refers to touch.o(.data) for tp_dev
    main.o(i.main) refers to lcd.o(.data) for POINT_COLOR
    main.o(i.main) refers to exfuns.o(.bss) for fs
    system_stm32f4xx.o(i.SystemCoreClockUpdate) refers to system_stm32f4xx.o(.data) for SystemCoreClock
    startup_stm32f429xx.o(STACK) refers (Special) to heapauxi.o(.text) for __use_two_region_memory
    startup_stm32f429xx.o(HEAP) refers (Special) to heapauxi.o(.text) for __use_two_region_memory
    startup_stm32f429xx.o(RESET) refers (Special) to heapauxi.o(.text) for __use_two_region_memory
    startup_stm32f429xx.o(RESET) refers to startup_stm32f429xx.o(STACK) for __initial_sp
    startup_stm32f429xx.o(RESET) refers to startup_stm32f429xx.o(.text) for Reset_Handler
    startup_stm32f429xx.o(RESET) refers to stm32f4xx_it.o(i.NMI_Handler) for NMI_Handler
    startup_stm32f429xx.o(RESET) refers to stm32f4xx_it.o(i.HardFault_Handler) for HardFault_Handler
    startup_stm32f429xx.o(RESET) refers to stm32f4xx_it.o(i.MemManage_Handler) for MemManage_Handler
    startup_stm32f429xx.o(RESET) refers to stm32f4xx_it.o(i.BusFault_Handler) for BusFault_Handler
    startup_stm32f429xx.o(RESET) refers to stm32f4xx_it.o(i.UsageFault_Handler) for UsageFault_Handler
    startup_stm32f429xx.o(RESET) refers to port.o(.emb_text) for SVC_Handler
    startup_stm32f429xx.o(RESET) refers to stm32f4xx_it.o(i.DebugMon_Handler) for DebugMon_Handler
    startup_stm32f429xx.o(RESET) refers to rtc.o(i.RTC_WKUP_IRQHandler) for RTC_WKUP_IRQHandler
    startup_stm32f429xx.o(RESET) refers to usmart.o(i.TIM4_IRQHandler) for TIM4_IRQHandler
    startup_stm32f429xx.o(RESET) refers to usart.o(i.USART1_IRQHandler) for USART1_IRQHandler
    startup_stm32f429xx.o(RESET) refers to rs485.o(i.USART2_IRQHandler) for USART2_IRQHandler
    startup_stm32f429xx.o(RESET) refers to esp8266.o(i.USART3_IRQHandler) for USART3_IRQHandler
    startup_stm32f429xx.o(RESET) refers to rtc.o(i.RTC_Alarm_IRQHandler) for RTC_Alarm_IRQHandler
    startup_stm32f429xx.o(.text) refers (Special) to heapauxi.o(.text) for __use_two_region_memory
    startup_stm32f429xx.o(.text) refers to system_stm32f4xx.o(i.SystemInit) for SystemInit
[...]
    UI_422                                   0x0800fc01   Thumb Code   304  easyui.o(i.UI_422)
    UI_430                                   0x0800fd89   Thumb Code   120  easyui.o(i.UI_430)
    UI_600                                   0x0800fe29   Thumb Code   226  easyui.o(i.UI_600)
    UI_610                                   0x0800ff69   Thumb Code   190  easyui.o(i.UI_610)
    UI_611                                   0x08010069   Thumb Code  1154  easyui.o(i.UI_611)
    UI_620                                   0x080104f1   Thumb Code   310  easyui.o(i.UI_620)
    UI_621                                   0x08010699   Thumb Code   162  easyui.o(i.UI_621)
    UI_630                                   0x08010769   Thumb Code   190  easyui.o(i.UI_630)
    UI_640                                   0x0801086d   Thumb Code    84  easyui.o(i.UI_640)
    UI_650                                   0x080108d9   Thumb Code   154  easyui.o(i.UI_650)
    UI_660                                   0x080109a5   Thumb Code   154  easyui.o(i.UI_660)
    UI_DATA_Show                             0x08010a6d   Thumb Code    18  easyui.o(i.UI_DATA_Show)
    UI_ESP8266                               0x08010a85   Thumb Code   202  easyui.o(i.UI_ESP8266)
    UI_Init                                  0x08010bf5   Thumb Code    26  easyui.o(i.UI_Init)
    UI_Main                                  0x08010c15   Thumb Code   332  easyui.o(i.UI_Main)
    UI_Main_show                             0x08010df1   Thumb Code   194  easyui.o(i.UI_Main_show)
    UI_TouchHandler                          0x08010ed5   Thumb Code  5894  easyui.o(i.UI_TouchHandler)
    USART1_IRQHandler                        0x0801261d   Thumb Code    66  usart.o(i.USART1_IRQHandler)
    USART2_IRQHandler                        0x0801266d   Thumb Code    60  rs485.o(i.USART2_IRQHandler)
    USART3_IRQHandler                        0x080126b5   Thumb Code    62  esp8266.o(i.USART3_IRQHandler)
    UsageFault_Handler                       0x08012701   Thumb Code     4  stm32f4xx_it.o(i.UsageFault_Handler)
    W25QXX_Erase_Sector                      0x08012705   Thumb Code    78  w25qxx.o(i.W25QXX_Erase_Sector)
    W25QXX_Init                              0x0801275d   Thumb Code   132  w25qxx.o(i.W25QXX_Init)
    W25QXX_Read                              0x080127f5   Thumb Code    92  w25qxx.o(i.W25QXX_Read)
    W25QXX_ReadID                            0x08012859   Thumb Code    64  w25qxx.o(i.W25QXX_ReadID)
    W25QXX_ReadSR                            0x080128a1   Thumb Code    72  w25qxx.o(i.W25QXX_ReadSR)
    W25QXX_Wait_Busy                         0x080128f1   Thumb Code    20  w25qxx.o(i.W25QXX_Wait_Busy)
    W25QXX_Write                             0x08012905   Thumb Code   180  w25qxx.o(i.W25QXX_Write)
    W25QXX_Write_Enable                      0x080129bd   Thumb Code    24  w25qxx.o(i.W25QXX_Write_Enable)
    W25QXX_Write_NoCheck                     0x080129dd   Thumb Code    70  w25qxx.o(i.W25QXX_Write_NoCheck)
    W25QXX_Write_Page                        0x08012a25   Thumb Code    98  w25qxx.o(i.W25QXX_Write_Page)
    __hardfp_sqrt                            0x08012a91   Thumb Code   122  sqrt.o(i.__hardfp_sqrt)
    _is_digit                                0x08012b0b   Thumb Code    14  __printf_wp.o(i._is_digit)
    _sys_exit                                0x08012b19   Thumb Code     4  usart.o(i._sys_exit)
    ctp_test                                 0x08012bbd   Thumb Code   322  main.o(i.ctp_test)
    delay_init                               0x08012d11   Thumb Code    16  delay.o(i.delay_init)
    delay_ms                                 0x08012d25   Thumb Code    50  delay.o(i.delay_ms)
    delay_us                                 0x08012d59   Thumb Code    68  delay.o(i.delay_us)
    disk_initialize                          0x08012da1   Thumb Code    56  diskio.o(i.disk_initialize)
    disk_read                                0x08012dd9   Thumb Code   144  diskio.o(i.disk_read)
    disk_status                              0x08012e69   Thumb Code     6  diskio.o(i.disk_status)
    disk_write                               0x08012e6f   Thumb Code   144  diskio.o(i.disk_write)
    exfuns_init                              0x08012f01   Thumb Code   114  exfuns.o(i.exfuns_init)
    f_mount                                  0x08012f85   Thumb Code    86  ff.o(i.f_mount)
    font_init                                0x08013439   Thumb Code    64  fontupd.o(i.font_init)
    fputc                                    0x0801347d   Thumb Code    22  usart.o(i.fputc)
    gui_draw_hline                           0x080134e5   Thumb Code    74  main.o(i.gui_draw_hline)
    gui_fill_circle                          0x08013535   Thumb Code   176  main.o(i.gui_fill_circle)
    lcd_draw_bline                           0x080135e5   Thumb Code   212  main.o(i.lcd_draw_bline)
    main                                     0x08013741   Thumb Code   150  main.o(i.main)
    my_mem_free                              0x08013845   Thumb Code    96  malloc.o(i.my_mem_free)
    my_mem_init                              0x080138b1   Thumb Code    34  malloc.o(i.my_mem_init)
    my_mem_malloc                            0x080138dd   Thumb Code   156  malloc.o(i.my_mem_malloc)
    my_mem_perused                           0x08013985   Thumb Code    56  malloc.o(i.my_mem_perused)
    myfree                                   0x080139c5   Thumb Code    30  malloc.o(i.myfree)
    mymalloc                                 0x080139e9   Thumb Code    34  malloc.o(i.mymalloc)
    mymemset                                 0x08013a11   Thumb Code    20  malloc.o(i.mymemset)
    read_addr                                0x08013a25   Thumb Code     6  usmart.o(i.read_addr)
    uart_init                                0x08013a7d   Thumb Code    44  usart.o(i.uart_init)
    usmart_cmd_rec                           0x08013ab5   Thumb Code   170  usmart.o(i.usmart_cmd_rec)
    usmart_exe                               0x08013b65   Thumb Code   632  usmart.o(i.usmart_exe)
    usmart_get_aparm                         0x08013e39   Thumb Code   200  usmart_str.o(i.usmart_get_aparm)
    usmart_get_cmdname                       0x08013f01   Thumb Code    54  usmart_str.o(i.usmart_get_cmdname)
    usmart_get_fname                         0x08013f39   Thumb Code   440  usmart_str.o(i.usmart_get_fname)
    usmart_get_fparam                        0x080140f9   Thumb Code   262  usmart_str.o(i.usmart_get_fparam)
    usmart_get_parmpos                       0x08014205   Thumb Code    26  usmart_str.o(i.usmart_get_parmpos)
    usmart_get_runtime                       0x08014225   Thumb Code    58  usmart.o(i.usmart_get_runtime)
    usmart_init                              0x08014269   Thumb Code    36  usmart.o(i.usmart_init)
    usmart_pow                               0x08014291   Thumb Code    22  usmart_str.o(i.usmart_pow)
    usmart_reset_runtime                     0x080142a9   Thumb Code    44  usmart.o(i.usmart_reset_runtime)
    usmart_scan                              0x080142dd   Thumb Code   120  usmart.o(i.usmart_scan)
    usmart_search_nextc                      0x08014399   Thumb Code    22  usmart_str.o(i.usmart_search_nextc)
    usmart_str2num                           0x080143af   Thumb Code   202  usmart_str.o(i.usmart_str2num)
    usmart_strcmp                            0x08014479   Thumb Code    34  usmart_str.o(i.usmart_strcmp)
    usmart_strcopy                           0x0801449b   Thumb Code    22  usmart_str.o(i.usmart_strcopy)
    usmart_strlen                            0x080144b1   Thumb Code    24  usmart_str.o(i.usmart_strlen)
    usmart_sys_cmd_exe                       0x080144c9   Thumb Code  1570  usmart.o(i.usmart_sys_cmd_exe)
    vTaskSwitchContext                       0x08014bbd   Thumb Code   110  tasks.o(i.vTaskSwitchContext)
    write_addr                               0x08014c71   Thumb Code     4  usmart.o(i.write_addr)
    __aeabi_dadd                             0x08014c75   Thumb Code     0  daddsub_clz.o(x$fpl$dadd)
    _dadd                                    0x08014c75   Thumb Code   332  daddsub_clz.o(x$fpl$dadd)
    __fpl_dcmp_Inf                           0x08014dc5   Thumb Code    24  dcmpi.o(x$fpl$dcmpinf)
    __aeabi_d2uiz                            0x08014ddd   Thumb Code     0  dfixu.o(x$fpl$dfixu)
    _dfixu                                   0x08014ddd   Thumb Code    90  dfixu.o(x$fpl$dfixu)
    __aeabi_i2d                              0x08014e37   Thumb Code     0  dflt_clz.o(x$fpl$dflt)
    _dflt                                    0x08014e37   Thumb Code    46  dflt_clz.o(x$fpl$dflt)
    __aeabi_ui2d                             0x08014e65   Thumb Code     0  dflt_clz.o(x$fpl$dfltu)
    _dfltu                                   0x08014e65   Thumb Code    38  dflt_clz.o(x$fpl$dfltu)
    __aeabi_cdcmple                          0x08014e8d   Thumb Code     0  dleqf.o(x$fpl$dleqf)
    _dcmple                                  0x08014e8d   Thumb Code   120  dleqf.o(x$fpl$dleqf)
    __fpl_dcmple_InfNaN                      0x08014eef   Thumb Code     0  dleqf.o(x$fpl$dleqf)
    __aeabi_dmul                             0x08014f05   Thumb Code     0  dmul.o(x$fpl$dmul)
    _dmul                                    0x08014f05   Thumb Code   332  dmul.o(x$fpl$dmul)
    __fpl_dnaninf                            0x08015059   Thumb Code   156  dnaninf.o(x$fpl$dnaninf)
    __fpl_dretinf                            0x080150f5   Thumb Code    12  dretinf.o(x$fpl$dretinf)
    __aeabi_cdrcmple                         0x08015101   Thumb Code     0  drleqf.o(x$fpl$drleqf)
    _drcmple                                 0x08015101   Thumb Code   108  drleqf.o(x$fpl$drleqf)
    __aeabi_drsub                            0x0801516d   Thumb Code     0  daddsub_clz.o(x$fpl$drsb)
    _drsb                                    0x0801516d   Thumb Code    22  daddsub_clz.o(x$fpl$drsb)
    _dsqrt                                   0x08015185   Thumb Code   404  dsqrt_umaal.o(x$fpl$dsqrt)
    __aeabi_dsub                             0x0801531d   Thumb Code     0  daddsub_clz.o(x$fpl$dsub)
    _dsub                                    0x0801531d   Thumb Code   464  daddsub_clz.o(x$fpl$dsub)
    __aeabi_f2d                              0x080154f1   Thumb Code     0  f2d.o(x$fpl$f2d)
    _f2d                                     0x080154f1   Thumb Code    86  f2d.o(x$fpl$f2d)
    __fpl_fnaninf                            0x08015547   Thumb Code   140  fnaninf.o(x$fpl$fnaninf)
    _fp_init                                 0x080155d3   Thumb Code    10  fpinit.o(x$fpl$fpinit)
    __fplib_config_fpu_vfp                   0x080155db   Thumb Code     0  fpinit.o(x$fpl$fpinit)
    __fplib_config_pureend_doubles           0x080155db   Thumb Code     0  fpinit.o(x$fpl$fpinit)
    POINT_COLOR_TBL                          0x080155dc   Data          20  main.o(.constdata)
    __I$use$fp                               0x080155dc   Number         0  usenofp.o(x$fpl$usenofp)
    APBAHBPrescTable                         0x080155f0   Data          16  stm32f4xx_hal_rcc.o(.constdata)
    asc2_1206                                0x08015600   Data        1140  lcd.o(.constdata)
    asc2_1608                                0x08015a74   Data        1520  lcd.o(.constdata)
    asc2_2412                                0x08016064   Data        3420  lcd.o(.constdata)
    asc2_3216                                0x08016dc0   Data       12160  lcd.o(.constdata)
    FT5206_TPX_TBL                           0x08019d40   Data          10  ft5206.o(.constdata)
    GT911_TPX_TBL                            0x08019d4a   Data          10  ft5206.o(.constdata)
    TP_REMIND_MSG_TBL                        0x08019d54   Data           4  touch.o(.constdata)
    GT9147_CFG_TBL                           0x08019d58   Data         184  gt9147.o(.constdata)
    GT9147_TPX_TBL                           0x08019e10   Data          10  gt9147.o(.constdata)
    GT9271_CFG_TBL                           0x08019e1a   Data         186  gt9271.o(.constdata)
    GT9271_TPX_TBL                           0x08019ed4   Data          20  gt9271.o(.constdata)
    OTT_TPX_TBL                              0x08019ee8   Data          10  ott2001a.o(.constdata)
    memtblsize                               0x08019ef4   Data          12  malloc.o(.constdata)
    memblksize                               0x08019f00   Data          12  malloc.o(.constdata)
    memsize                                  0x08019f0c   Data          12  malloc.o(.constdata)
    Region$$Table$$Base                      0x0801a124   Number         0  anon$$obj.o(Region$$Table)
    Region$$Table$$Limit                     0x0801a144   Number         0  anon$$obj.o(Region$$Table)
    mem3base                                 0x10000000   Data       61440  malloc.o(.ARM.__AT_0x10000000)
    mem3mapbase                              0x1000f000   Data        3840  malloc.o(.ARM.__AT_0x1000F000)
    SystemCoreClock                          0x20000000   Data           4  system_stm32f4xx.o(.data)
    AHBPrescTable                            0x20000004   Data          16  system_stm32f4xx.o(.data)
    __stdout                                 0x2000001c   Data           4  usart.o(.data)
    USART_RX_STA                             0x20000020   Data           2  usart.o(.data)
    aRxBuffer                                0x20000022   Data           1  usart.o(.data)
    RS485_RX_CNT                             0x20000023   Data           1  rs485.o(.data)
    POINT_COLOR                              0x20000034   Data           4  lcd.o(.data)
    BACK_COLOR                               0x20000038   Data           4  lcd.o(.data)
    g_curX                                   0x2000003c   Data           2  lcd.o(.data)
    g_curY                                   0x2000003e   Data           2  lcd.o(.data)
    CIP                                      0x20000044   Data           5  ft5206.o(.data)
    g_gt_tnum                                0x20000049   Data           1  ft5206.o(.data)
    tp_dev                                   0x2000004c   Data          72  touch.o(.data)
    CMD_RDX                                  0x20000094   Data           1  touch.o(.data)
    CMD_RDY                                  0x20000095   Data           1  touch.o(.data)
    ltdc_framebuf                            0x20000098   Data           8  ltdc.o(.data)
    W25QXX_TYPE                              0x200000a8   Data           2  w25qxx.o(.data)
    ESP8266_RX_CNT                           0x200000aa   Data           2  esp8266.o(.data)
    file                                     0x200000ac   Data           4  exfuns.o(.data)
    ftemp                                    0x200000b0   Data           4  exfuns.o(.data)
    br                                       0x200000b4   Data           4  exfuns.o(.data)
    bw                                       0x200000b8   Data           4  exfuns.o(.data)
    fatbuf                                   0x200000bc   Data           4  exfuns.o(.data)
    mallco_dev                               0x200000c4   Data          36  malloc.o(.data)
    sys_cmd_tab                              0x200000e8   Data          28  usmart.o(.data)
    usmart_nametab                           0x20000104   Data          64  usmart_config.o(.data)
    usmart_dev                               0x20000144   Data         244  usmart_config.o(.data)
    pxCurrentTCB                             0x20000238   Data           4  tasks.o(.data)
    USART_RX_BUF                             0x20000274   Data         200  usart.o(.bss)
    UART1_Handler                            0x2000033c   Data          64  usart.o(.bss)
    USART2_RS485Handler                      0x2000037c   Data          64  rs485.o(.bss)
    RS485_RX_BUF                             0x200003bc   Data          64  rs485.o(.bss)
    SRAM_Handler                             0x200004fc   Data          80  lcd.o(.bss)
    lcddev                                   0x2000054c   Data          14  lcd.o(.bss)
    LTDC_Handler                             0x2000055c   Data         168  ltdc.o(.bss)
    DMA2D_Handler                            0x20000604   Data          64  ltdc.o(.bss)
    lcdltdc                                  0x20000644   Data          32  ltdc.o(.bss)
    SDRAM_Handler                            0x20000664   Data          52  sdram.o(.bss)
    NAND_Handler                             0x20000698   Data          56  nand.o(.bss)
    nand_dev                                 0x200006d0   Data          92  nand.o(.bss)
    SDCARD_Handler                           0x20000730   Data          96  sdio_sdcard.o(.bss)
    SDCardInfo                               0x20000790   Data          88  sdio_sdcard.o(.bss)
    SDTxDMAHandler                           0x200007e8   Data          88  sdio_sdcard.o(.bss)
    SDRxDMAHandler                           0x20000840   Data          88  sdio_sdcard.o(.bss)
    SDIO_DATA_BUFFER                         0x20000898   Data         512  sdio_sdcard.o(.bss)
    W25QXX_BUFFER                            0x20000a98   Data        4096  w25qxx.o(.bss)
    SPI5_Handler                             0x20001a98   Data          88  spi.o(.bss)
    RTC_Handler                              0x20001af0   Data          32  rtc.o(.bss)
    ESP8266_UART_Handler                     0x20001b10   Data          64  esp8266.o(.bss)
    ESP8266_RX_BUF                           0x20001b50   Data         512  esp8266.o(.bss)
    ftinfo                                   0x20001d50   Data          41  fontupd.o(.bss)
    fs                                       0x20001d80   Data          12  exfuns.o(.bss)
    fileinfo                                 0x20001d90   Data         288  exfuns.o(.bss)
    dir                                      0x20001eb0   Data          72  exfuns.o(.bss)
    mem1base                                 0x20001f20   Data       163840  malloc.o(.bss)
    mem1mapbase                              0x20029f20   Data       10240  malloc.o(.bss)
    TIM4_Handler                             0x2002c720   Data          60  usmart.o(.bss)
    __libspace_start                         0x2002ca40   Data          96  libspace.o(.bss)
    __temporary_stack_top$libspace           0x2002caa0   Data           0  libspace.o(.bss)
    ltdc_lcd_framebuf                        0xc0000000   Data       2048000  ltdc.o(.ARM.__AT_0xC0000000)
    mem2base                                 0xc01f4000   Data       29605888  malloc.o(.ARM.__AT_0xC01F4000)
    mem2mapbase                              0xc1e30000   Data       1850368  malloc.o(.ARM.__AT_0xC1E30000)



==============================================================================

Memory Map of the image

  Image Entry point : 0x080001ad

  Load Region LR_IROM1 (Base: 0x08000000, Size: 0x0001a3b8, Max: 0x00100000, ABSOLUTE, COMPRESSED[0x0001a1f8])

    Execution Region ER_IROM1 (Exec base: 0x08000000, Load base: 0x08000000, Size: 0x0001a144, Max: 0x00100000, ABSOLUTE)

    Exec Addr    Load Addr    Size         Type   Attr      Idx    E Section Name        Object

    0x08000000   0x08000000   0x000001ac   Data   RO          617    RESET               startup_stm32f429xx.o
    0x080001ac   0x080001ac   0x00000008   Code   RO        10228  * !!!main             c_w.l(__main.o)
    0x080001b4   0x080001b4   0x00000034   Code   RO        10478    !!!scatter          c_w.l(__scatter.o)
    0x080001e8   0x080001e8   0x0000005a   Code   RO        10476    !!dczerorl2         c_w.l(__dczerorl2.o)
    0x08000242   0x08000242   0x00000002   PAD
    0x08000244   0x08000244   0x0000001c   Code   RO        10480    !!handler_zi        c_w.l(__scatter_zi.o)
    0x08000260   0x08000260   0x00000000   Code   RO        10203    .ARM.Collect$$_printf_percent$$00000000  c_w.l(_printf_percent.o)
    0x08000260   0x08000260   0x00000006   Code   RO        10201    .ARM.Collect$$_printf_percent$$00000009  c_w.l(_printf_d.o)
    0x08000266   0x08000266   0x00000006   Code   RO        10202    .ARM.Collect$$_printf_percent$$0000000A  c_w.l(_printf_u.o)
    0x0800026c   0x0800026c   0x00000006   Code   RO        10200    .ARM.Collect$$_printf_percent$$0000000C  c_w.l(_printf_x.o)
    0x08000272   0x08000272   0x00000006   Code   RO        10198    .ARM.Collect$$_printf_percent$$00000013  c_w.l(_printf_c.o)
    0x08000278   0x08000278   0x00000006   Code   RO        10199    .ARM.Collect$$_printf_percent$$00000014  c_w.l(_printf_s.o)
    0x0800027e   0x0800027e   0x00000004   Code   RO        10297    .ARM.Collect$$_printf_percent$$00000017  c_w.l(_printf_percent_end.o)
    0x08000282   0x08000282   0x00000002   Code   RO        10353    .ARM.Collect$$libinit$$00000000  c_w.l(libinit.o)
    0x08000284   0x08000284   0x00000004   Code   RO        10362    .ARM.Collect$$libinit$$00000001  c_w.l(libinit2.o)
    0x08000288   0x08000288   0x00000000   Code   RO        10365    .ARM.Collect$$libinit$$00000004  c_w.l(libinit2.o)
    0x08000288   0x08000288   0x00000000   Code   RO        10368    .ARM.Collect$$libinit$$0000000A  c_w.l(libinit2.o)
    0x08000288   0x08000288   0x00000000   Code   RO        10370    .ARM.Collect$$libinit$$0000000C  c_w.l(libinit2.o)
    0x08000288   0x08000288   0x00000000   Code   RO        10372    .ARM.Collect$$libinit$$0000000E  c_w.l(libinit2.o)
    0x08000288   0x08000288   0x00000000   Code   RO        10375    .ARM.Collect$$libinit$$00000011  c_w.l(libinit2.o)
    0x08000288   0x08000288   0x00000000   Code   RO        10377    .ARM.Collect$$libinit$$00000013  c_w.l(libinit2.o)
    0x08000288   0x08000288   0x00000000   Code   RO        10379    .ARM.Collect$$libinit$$00000015  c_w.l(libinit2.o)
    0x08000288   0x08000288   0x00000000   Code   RO        10381    .ARM.Collect$$libinit$$00000017  c_w.l(libinit2.o)
    0x08000288   0x08000288   0x00000000   Code   RO        10383    .ARM.Collect$$libinit$$00000019  c_w.l(libinit2.o)
    0x08000288   0x08000288   0x00000000   Code   RO        10385    .ARM.Collect$$libinit$$0000001B  c_w.l(libinit2.o)
    0x08000288   0x08000288   0x00000000   Code   RO        10387    .ARM.Collect$$libinit$$0000001D  c_w.l(libinit2.o)
    0x08000288   0x08000288   0x00000000   Code   RO        10389    .ARM.Collect$$libinit$$0000001F  c_w.l(libinit2.o)
    0x08000288   0x08000288   0x00000000   Code   RO        10391    .ARM.Collect$$libinit$$00000021  c_w.l(libinit2.o)
    0x08000288   0x08000288   0x00000000   Code   RO        10393    .ARM.Collect$$libinit$$00000023  c_w.l(libinit2.o)
    0x08000288   0x08000288   0x00000000   Code   RO        10395    .ARM.Collect$$libinit$$00000025  c_w.l(libinit2.o)
    0x08000288   0x08000288   0x00000000   Code   RO        10399    .ARM.Collect$$libinit$$0000002C  c_w.l(libinit2.o)
    0x08000288   0x08000288   0x00000000   Code   RO        10401    .ARM.Collect$$libinit$$0000002E  c_w.l(libinit2.o)
    0x08000288   0x08000288   0x00000000   Code   RO        10403    .ARM.Collect$$libinit$$00000030  c_w.l(libinit2.o)
    0x08000288   0x08000288   0x00000000   Code   RO        10405    .ARM.Collect$$libinit$$00000032  c_w.l(libinit2.o)
    0x08000288   0x08000288   0x00000002   Code   RO        10406    .ARM.Collect$$libinit$$00000033  c_w.l(libinit2.o)
    0x0800028a   0x0800028a   0x00000002   Code   RO        10432    .ARM.Collect$$libshutdown$$00000000  c_w.l(libshutdown.o)
    0x0800028c   0x0800028c   0x00000000   Code   RO        10459    .ARM.Collect$$libshutdown$$00000002  c_w.l(libshutdown2.o)
    0x0800028c   0x0800028c   0x00000000   Code   RO        10461    .ARM.Collect$$libshutdown$$00000004  c_w.l(libshutdown2.o)
    0x0800028c   0x0800028c   0x00000000   Code   RO        10464    .ARM.Collect$$libshutdown$$00000007  c_w.l(libshutdown2.o)
    0x0800028c   0x0800028c   0x00000000   Code   RO        10467    .ARM.Collect$$libshutdown$$0000000A  c_w.l(libshutdown2.o)
    0x0800028c   0x0800028c   0x00000000   Code   RO        10469    .ARM.Collect$$libshutdown$$0000000C  c_w.l(libshutdown2.o)
    0x0800028c   0x0800028c   0x00000000   Code   RO        10472    .ARM.Collect$$libshutdown$$0000000F  c_w.l(libshutdown2.o)
    0x0800028c   0x0800028c   0x00000002   Code   RO        10473    .ARM.Collect$$libshutdown$$00000010  c_w.l(libshutdown2.o)
    0x0800028e   0x0800028e   0x00000000   Code   RO        10280    .ARM.Collect$$rtentry$$00000000  c_w.l(__rtentry.o)
    0x0800028e   0x0800028e   0x00000000   Code   RO        10310    .ARM.Collect$$rtentry$$00000002  c_w.l(__rtentry2.o)
    0x0800028e   0x0800028e   0x00000006   Code   RO        10322    .ARM.Collect$$rtentry$$00000004  c_w.l(__rtentry4.o)
    0x08000294   0x08000294   0x00000000   Code   RO        10312    .ARM.Collect$$rtentry$$00000009  c_w.l(__rtentry2.o)
    0x08000294   0x08000294   0x00000004   Code   RO        10313    .ARM.Collect$$rtentry$$0000000A  c_w.l(__rtentry2.o)
    0x08000298   0x08000298   0x00000000   Code   RO        10315    .ARM.Collect$$rtentry$$0000000C  c_w.l(__rtentry2.o)
    0x08000298   0x08000298   0x00000008   Code   RO        10316    .ARM.Collect$$rtentry$$0000000D  c_w.l(__rtentry2.o)
    0x080002a0   0x080002a0   0x00000002   Code   RO        10354    .ARM.Collect$$rtexit$$00000000  c_w.l(rtexit.o)
    0x080002a2   0x080002a2   0x00000000   Code   RO        10408    .ARM.Collect$$rtexit$$00000002  c_w.l(rtexit2.o)
    0x080002a2   0x080002a2   0x00000004   Code   RO        10409    .ARM.Collect$$rtexit$$00000003  c_w.l(rtexit2.o)
    0x080002a6   0x080002a6   0x00000006   Code   RO        10410    .ARM.Collect$$rtexit$$00000004  c_w.l(rtexit2.o)
    0x080002ac   0x080002ac   0x00000010   Code   RO         5766    .emb_text           sys.o
    0x080002bc   0x080002bc   0x000000b6   Code   RO         9094    .emb_text           port.o
    0x08000372   0x08000372   0x00000002   PAD
    0x08000374   0x08000374   0x00000040   Code   RO          618    .text               startup_stm32f429xx.o
    0x080003b4   0x080003b4   0x00000002   Code   RO        10137    .text               c_w.l(use_no_semi_2.o)
    0x080003b6   0x080003b6   0x000000ee   Code   RO        10139    .text               c_w.l(lludivv7m.o)
    0x080004a4   0x080004a4   0x00000018   Code   RO        10145    .text               c_w.l(noretval__2printf.o)
    0x080004bc   0x080004bc   0x00000028   Code   RO        10147    .text               c_w.l(noretval__2sprintf.o)
    0x080004e4   0x080004e4   0x0000004e   Code   RO        10151    .text               c_w.l(_printf_pad.o)
    0x08000532   0x08000532   0x00000052   Code   RO        10153    .text               c_w.l(_printf_str.o)
    0x08000584   0x08000584   0x00000078   Code   RO        10155    .text               c_w.l(_printf_dec.o)
    0x080005fc   0x080005fc   0x00000058   Code   RO        10160    .text               c_w.l(_printf_hex_int.o)
    0x08000654   0x08000654   0x00000188   Code   RO        10195    .text               c_w.l(__printf_flags_ss_wp.o)
    0x080007dc   0x080007dc   0x00000024   Code   RO        10204    .text               c_w.l(strstr.o)
    0x08000800   0x08000800   0x0000003e   Code   RO        10208    .text               c_w.l(strlen.o)
    0x0800083e   0x0800083e   0x00000096   Code   RO        10210    .text               c_w.l(strncmp.o)
    0x080008d4   0x080008d4   0x0000008a   Code   RO        10214    .text               c_w.l(rt_memcpy_v6.o)
    0x0800095e   0x0800095e   0x00000064   Code   RO        10216    .text               c_w.l(rt_memcpy_w.o)
    0x080009c2   0x080009c2   0x00000044   Code   RO        10220    .text               c_w.l(rt_memclr.o)
    0x08000a06   0x08000a06   0x0000004e   Code   RO        10222    .text               c_w.l(rt_memclr_w.o)
    0x08000a54   0x08000a54   0x00000080   Code   RO        10224    .text               c_w.l(strcmpv7m.o)
    0x08000ad4   0x08000ad4   0x00000006   Code   RO        10226    .text               c_w.l(heapauxi.o)
    0x08000ada   0x08000ada   0x00000002   Code   RO        10278    .text               c_w.l(use_no_semi.o)
    0x08000adc   0x08000adc   0x00000016   Code   RO        10285    .text               c_w.l(_rserrno.o)
    0x08000af2   0x08000af2   0x000000b2   Code   RO        10287    .text               c_w.l(_printf_intcommon.o)
    0x08000ba4   0x08000ba4   0x00000030   Code   RO        10289    .text               c_w.l(_printf_char_common.o)
    0x08000bd4   0x08000bd4   0x0000000a   Code   RO        10291    .text               c_w.l(_sputc.o)
    0x08000bde   0x08000bde   0x0000002c   Code   RO        10293    .text               c_w.l(_printf_char.o)
    0x08000c0a   0x08000c0a   0x00000002   PAD
    0x08000c0c   0x08000c0c   0x00000024   Code   RO        10295    .text               c_w.l(_printf_char_file.o)
    0x08000c30   0x08000c30   0x00000008   Code   RO        10329    .text               c_w.l(rt_errno_addr_intlibspace.o)
    0x08000c38   0x08000c38   0x00000008   Code   RO        10333    .text               c_w.l(ferror.o)
    0x08000c40   0x08000c40   0x00000008   Code   RO        10337    .text               c_w.l(libspace.o)
    0x08000c48   0x08000c48   0x0000004a   Code   RO        10340    .text               c_w.l(sys_stackheap_outer.o)
    0x08000c92   0x08000c92   0x00000012   Code   RO        10342    .text               c_w.l(exit.o)
    0x08000ca4   0x08000ca4   0x00000008   Code   RO         7082    i.AT24CXX_Init      24cxx.o
    0x08000cac   0x08000cac   0x00000022   Code   RO         7083    i.AT24CXX_Read      24cxx.o
    0x08000cce   0x08000cce   0x00000058   Code   RO         7085    i.AT24CXX_ReadOneByte  24cxx.o
    0x08000d26   0x08000d26   0x00000024   Code   RO         7086    i.AT24CXX_Write     24cxx.o
    0x08000d4a   0x08000d4a   0x00000050   Code   RO         7088    i.AT24CXX_WriteOneByte  24cxx.o
    0x08000d9a   0x08000d9a   0x00000004   Code   RO          422    i.BusFault_Handler  stm32f4xx_it.o
    0x08000d9e   0x08000d9e   0x0000000a   Code   RO         6737    i.CT_Delay          ctiic.o
    0x08000da8   0x08000da8   0x00000040   Code   RO         6738    i.CT_IIC_Ack        ctiic.o
    0x08000de8   0x08000de8   0x0000008c   Code   RO         6739    i.CT_IIC_Init       ctiic.o
    0x08000e74   0x08000e74   0x00000030   Code   RO         6740    i.CT_IIC_NAck       ctiic.o
    0x08000ea4   0x08000ea4   0x00000050   Code   RO         6741    i.CT_IIC_Read_Byte  ctiic.o
    0x08000ef4   0x08000ef4   0x00000044   Code   RO         6742    i.CT_IIC_Send_Byte  ctiic.o
    0x08000f38   0x08000f38   0x00000034   Code   RO         6743    i.CT_IIC_Start      ctiic.o
    0x08000f6c   0x08000f6c   0x0000002c   Code   RO         6744    i.CT_IIC_Stop       ctiic.o
    0x08000f98   0x08000f98   0x00000058   Code   RO         6745    i.CT_IIC_Wait_Ack   ctiic.o
    0x08000ff0   0x08000ff0   0x00000060   Code   RO         5890    i.DHT11_Check       dht11.o
    0x08001050   0x08001050   0x00000050   Code   RO         5891    i.DHT11_Init        dht11.o
    0x080010a0   0x080010a0   0x0000004c   Code   RO         5892    i.DHT11_Read_Bit    dht11.o
    0x080010ec   0x080010ec   0x0000001e   Code   RO         5893    i.DHT11_Read_Byte   dht11.o
    0x0800110a   0x0800110a   0x0000005e   Code   RO         5894    i.DHT11_Read_Data   dht11.o
    0x08001168   0x08001168   0x00000040   Code   RO         5895    i.DHT11_Rst         dht11.o
    0x080011a8   0x080011a8   0x00000002   Code   RO          423    i.DebugMon_Handler  stm32f4xx_it.o
    0x080011aa   0x080011aa   0x00000002   PAD
    0x080011ac   0x080011ac   0x0000001c   Code   RO         7961    i.ESP8266_Clear     esp8266.o
    0x080011c8   0x080011c8   0x000000c8   Code   RO         7962    i.ESP8266_Init      esp8266.o
    0x08001290   0x08001290   0x000000ec   Code   RO         7964    i.ESP8266_MQTT_Debug  esp8266.o
    0x0800137c   0x0800137c   0x000000c8   Code   RO         7965    i.ESP8266_MQTT_LED_Process  esp8266.o
    0x08001444   0x08001444   0x0000003c   Code   RO         7967    i.ESP8266_Receive_Data  esp8266.o
    0x08001480   0x08001480   0x00000060   Code   RO         7968    i.ESP8266_SendCmd   esp8266.o
    0x080014e0   0x080014e0   0x00000036   Code   RO         4680    i.FMC_NAND_AttributeSpace_Timing_Init  stm32f4xx_ll_fmc.o
    0x08001516   0x08001516   0x00000036   Code   RO         4681    i.FMC_NAND_CommonSpace_Timing_Init  stm32f4xx_ll_fmc.o
    0x0800154c   0x0800154c   0x0000004c   Code   RO         4686    i.FMC_NAND_Init     stm32f4xx_ll_fmc.o
    0x08001598   0x08001598   0x00000048   Code   RO         4688    i.FMC_NORSRAM_Extended_Timing_Init  stm32f4xx_ll_fmc.o
    0x080015e0   0x080015e0   0x00000080   Code   RO         4689    i.FMC_NORSRAM_Init  stm32f4xx_ll_fmc.o
    0x08001660   0x08001660   0x0000005e   Code   RO         4690    i.FMC_NORSRAM_Timing_Init  stm32f4xx_ll_fmc.o
    0x080016be   0x080016be   0x00000074   Code   RO         4700    i.FMC_SDRAM_Init    stm32f4xx_ll_fmc.o
    0x08001732   0x08001732   0x0000000e   Code   RO         4701    i.FMC_SDRAM_ProgramRefreshRate  stm32f4xx_ll_fmc.o
    0x08001740   0x08001740   0x00000052   Code   RO         4702    i.FMC_SDRAM_SendCommand  stm32f4xx_ll_fmc.o
    0x08001792   0x08001792   0x00000098   Code   RO         4704    i.FMC_SDRAM_Timing_Init  stm32f4xx_ll_fmc.o
    0x0800182a   0x0800182a   0x00000002   PAD
    0x0800182c   0x0800182c   0x00000194   Code   RO         6812    i.FT5206_Init       ft5206.o
    0x080019c0   0x080019c0   0x00000058   Code   RO         6813    i.FT5206_RD_Reg     ft5206.o
    0x08001a18   0x08001a18   0x00000368   Code   RO         6814    i.FT5206_Scan       ft5206.o
    0x08001d80   0x08001d80   0x00000052   Code   RO         6815    i.FT5206_WR_Reg     ft5206.o
    0x08001dd2   0x08001dd2   0x00000002   PAD
    0x08001dd4   0x08001dd4   0x00000034   Code   RO         7363    i.FTL_BadBlockMark  ftl.o
    0x08001e08   0x08001e08   0x0000010c   Code   RO         7364    i.FTL_BlockCompare  ftl.o
    0x08001f14   0x08001f14   0x0000004c   Code   RO         7365    i.FTL_CheckBadBlock  ftl.o
    0x08001f60   0x08001f60   0x0000010c   Code   RO         7366    i.FTL_CopyAndWriteToBlock  ftl.o
    0x0800206c   0x0800206c   0x000000ec   Code   RO         7367    i.FTL_CreateLUT     ftl.o
    0x08002158   0x08002158   0x00000070   Code   RO         7368    i.FTL_FindSamePlaneUnusedBlock  ftl.o
    0x080021c8   0x080021c8   0x00000048   Code   RO         7369    i.FTL_FindUnusedBlock  ftl.o
    0x08002210   0x08002210   0x000000e4   Code   RO         7370    i.FTL_Format        ftl.o
    0x080022f4   0x080022f4   0x00000100   Code   RO         7371    i.FTL_Init          ftl.o
    0x080023f4   0x080023f4   0x00000024   Code   RO         7372    i.FTL_LBNToPBN      ftl.o
    0x08002418   0x08002418   0x00000150   Code   RO         7373    i.FTL_ReadSectors   ftl.o
    0x08002568   0x08002568   0x00000028   Code   RO         7375    i.FTL_UsedBlockMark  ftl.o
    0x08002590   0x08002590   0x00000178   Code   RO         7376    i.FTL_WriteSectors  ftl.o
    0x08002708   0x08002708   0x000001a0   Code   RO         7147    i.GT9147_Init       gt9147.o
    0x080028a8   0x080028a8   0x00000062   Code   RO         7148    i.GT9147_RD_Reg     gt9147.o
    0x0800290a   0x0800290a   0x00000002   PAD
    0x0800290c   0x0800290c   0x0000035c   Code   RO         7149    i.GT9147_Scan       gt9147.o
    0x08002c68   0x08002c68   0x0000005c   Code   RO         7150    i.GT9147_Send_Cfg   gt9147.o
    0x08002cc4   0x08002cc4   0x0000005c   Code   RO         7151    i.GT9147_WR_Reg     gt9147.o
    0x08002d20   0x08002d20   0x00000164   Code   RO         7199    i.GT9271_Init       gt9271.o
    0x08002e84   0x08002e84   0x00000062   Code   RO         7200    i.GT9271_RD_Reg     gt9271.o
    0x08002ee6   0x08002ee6   0x00000002   PAD
    0x08002ee8   0x08002ee8   0x00000210   Code   RO         7201    i.GT9271_Scan       gt9271.o
    0x080030f8   0x080030f8   0x0000005c   Code   RO         7202    i.GT9271_Send_Cfg   gt9271.o
    0x08003154   0x08003154   0x0000005c   Code   RO         7203    i.GT9271_WR_Reg     gt9271.o
    0x080031b0   0x080031b0   0x000000f0   Code   RO         8102    i.Get_HzMat         text.o
    0x080032a0   0x080032a0   0x0000000c   Code   RO         5722    i.HAL_Delay         delay.o
    0x080032ac   0x080032ac   0x0000021c   Code   RO          914    i.HAL_GPIO_Init     stm32f4xx_hal_gpio.o
    0x080034c8   0x080034c8   0x00000010   Code   RO          916    i.HAL_GPIO_ReadPin  stm32f4xx_hal_gpio.o
    0x080034d8   0x080034d8   0x0000000c   Code   RO          918    i.HAL_GPIO_WritePin  stm32f4xx_hal_gpio.o
    0x080034e4   0x080034e4   0x0000000c   Code   RO          640    i.HAL_GetTick       stm32f4xx_hal.o
    0x080034f0   0x080034f0   0x0000003c   Code   RO          642    i.HAL_Init          stm32f4xx_hal.o
    0x0800352c   0x0800352c   0x00000024   Code   RO          643    i.HAL_InitTick      stm32f4xx_hal.o
    0x08003550   0x08003550   0x0000005e   Code   RO         2818    i.HAL_LTDC_ConfigLayer  stm32f4xx_hal_ltdc.o
    0x080035ae   0x080035ae   0x00000002   PAD
    0x080035b0   0x080035b0   0x00000128   Code   RO         2830    i.HAL_LTDC_Init     stm32f4xx_hal_ltdc.o
    0x080036d8   0x080036d8   0x0000015c   Code   RO         6965    i.HAL_LTDC_MspInit  ltdc.o
    0x08003834   0x08003834   0x0000006c   Code   RO         2839    i.HAL_LTDC_SetWindowPosition  stm32f4xx_hal_ltdc.o
    0x080038a0   0x080038a0   0x00000074   Code   RO         2840    i.HAL_LTDC_SetWindowSize  stm32f4xx_hal_ltdc.o
    0x08003914   0x08003914   0x0000000a   Code   RO          645    i.HAL_MspInit       stm32f4xx_hal.o
    0x0800391e   0x0800391e   0x00000066   Code   RO         5233    i.HAL_NAND_Init     stm32f4xx_hal_nand.o
    0x08003984   0x08003984   0x000000f0   Code   RO         7473    i.HAL_NAND_MspInit  nand.o
    0x08003a74   0x08003a74   0x0000001a   Code   RO          786    i.HAL_NVIC_EnableIRQ  stm32f4xx_hal_cortex.o
    0x08003a8e   0x08003a8e   0x0000007c   Code   RO          792    i.HAL_NVIC_SetPriority  stm32f4xx_hal_cortex.o
    0x08003b0a   0x08003b0a   0x00000002   PAD
    0x08003b0c   0x08003b0c   0x00000028   Code   RO          793    i.HAL_NVIC_SetPriorityGrouping  stm32f4xx_hal_cortex.o
    0x08003b34   0x08003b34   0x000000a4   Code   RO         1103    i.HAL_PWREx_EnableOverDrive  stm32f4xx_hal_pwr_ex.o
    0x08003bd8   0x08003bd8   0x00000018   Code   RO          984    i.HAL_PWR_EnableBkUpAccess  stm32f4xx_hal_pwr.o
    0x08003bf0   0x08003bf0   0x00000368   Code   RO         1275    i.HAL_RCCEx_PeriphCLKConfig  stm32f4xx_hal_rcc_ex.o
    0x08003f58   0x08003f58   0x000002b0   Code   RO         1170    i.HAL_RCC_ClockConfig  stm32f4xx_hal_rcc.o
    0x08004208   0x08004208   0x00000038   Code   RO         1175    i.HAL_RCC_GetHCLKFreq  stm32f4xx_hal_rcc.o
    0x08004240   0x08004240   0x0000002c   Code   RO         1177    i.HAL_RCC_GetPCLK1Freq  stm32f4xx_hal_rcc.o
    0x0800426c   0x0800426c   0x0000002c   Code   RO         1178    i.HAL_RCC_GetPCLK2Freq  stm32f4xx_hal_rcc.o
    0x08004298   0x08004298   0x000000b4   Code   RO         1179    i.HAL_RCC_GetSysClockFreq  stm32f4xx_hal_rcc.o
    0x0800434c   0x0800434c   0x00000408   Code   RO         1182    i.HAL_RCC_OscConfig  stm32f4xx_hal_rcc.o
    0x08004754   0x08004754   0x00000002   Code   RO         5494    i.HAL_RTCEx_AlarmBEventCallback  stm32f4xx_hal_rtc_ex.o
    0x08004756   0x08004756   0x00000012   Code   RO         5495    i.HAL_RTCEx_BKUPRead  stm32f4xx_hal_rtc_ex.o
    0x08004768   0x08004768   0x00000012   Code   RO         5496    i.HAL_RTCEx_BKUPWrite  stm32f4xx_hal_rtc_ex.o
    0x0800477a   0x0800477a   0x00000002   PAD
    0x0800477c   0x0800477c   0x0000012c   Code   RO         5522    i.HAL_RTCEx_SetWakeUpTimer_IT  stm32f4xx_hal_rtc_ex.o
    0x080048a8   0x080048a8   0x00000018   Code   RO         7844    i.HAL_RTCEx_WakeUpTimerEventCallback  rtc.o
    0x080048c0   0x080048c0   0x00000040   Code   RO         5528    i.HAL_RTCEx_WakeUpTimerIRQHandler  stm32f4xx_hal_rtc_ex.o
    0x08004900   0x08004900   0x00000018   Code   RO         7845    i.HAL_RTC_AlarmAEventCallback  rtc.o
    0x08004918   0x08004918   0x0000006c   Code   RO         5357    i.HAL_RTC_AlarmIRQHandler  stm32f4xx_hal_rtc.o
    0x08004984   0x08004984   0x0000004c   Code   RO         5361    i.HAL_RTC_GetDate   stm32f4xx_hal_rtc.o
    0x080049d0   0x080049d0   0x00000060   Code   RO         5363    i.HAL_RTC_GetTime   stm32f4xx_hal_rtc.o
    0x08004a30   0x08004a30   0x000000b4   Code   RO         5364    i.HAL_RTC_Init      stm32f4xx_hal_rtc.o
    0x08004ae4   0x08004ae4   0x0000005c   Code   RO         7846    i.HAL_RTC_MspInit   rtc.o
    0x08004b40   0x08004b40   0x00000228   Code   RO         5369    i.HAL_RTC_SetAlarm_IT  stm32f4xx_hal_rtc.o
    0x08004d68   0x08004d68   0x00000114   Code   RO         5370    i.HAL_RTC_SetDate   stm32f4xx_hal_rtc.o
    0x08004e7c   0x08004e7c   0x00000134   Code   RO         5371    i.HAL_RTC_SetTime   stm32f4xx_hal_rtc.o
    0x08004fb0   0x08004fb0   0x0000003a   Code   RO         5372    i.HAL_RTC_WaitForSynchro  stm32f4xx_hal_rtc.o
    0x08004fea   0x08004fea   0x00000040   Code   RO         3013    i.HAL_SDRAM_Init    stm32f4xx_hal_sdram.o
    0x0800502a   0x0800502a   0x00000002   PAD
    0x0800502c   0x0800502c   0x00000134   Code   RO         7305    i.HAL_SDRAM_MspInit  sdram.o
    0x08005160   0x08005160   0x00000028   Code   RO         3016    i.HAL_SDRAM_ProgramRefreshRate  stm32f4xx_hal_sdram.o
    0x08005188   0x08005188   0x0000003a   Code   RO         3022    i.HAL_SDRAM_SendCommand  stm32f4xx_hal_sdram.o
    0x080051c2   0x080051c2   0x000002ee   Code   RO         4870    i.HAL_SD_Get_CardInfo  stm32f4xx_hal_sd.o
    0x080054b0   0x080054b0   0x0000009c   Code   RO         4873    i.HAL_SD_Init       stm32f4xx_hal_sd.o
    0x0800554c   0x0800554c   0x000000c0   Code   RO         7623    i.HAL_SD_MspInit    sdio_sdcard.o
    0x0800560c   0x0800560c   0x000001f0   Code   RO         4876    i.HAL_SD_ReadBlocks  stm32f4xx_hal_sd.o
    0x080057fc   0x080057fc   0x00000036   Code   RO         4879    i.HAL_SD_StopTransfer  stm32f4xx_hal_sd.o
    0x08005832   0x08005832   0x0000007e   Code   RO         4880    i.HAL_SD_WideBusOperation_Config  stm32f4xx_hal_sd.o
    0x080058b0   0x080058b0   0x0000028a   Code   RO         4881    i.HAL_SD_WriteBlocks  stm32f4xx_hal_sd.o
    0x08005b3a   0x08005b3a   0x00000088   Code   RO         3564    i.HAL_SPI_Init      stm32f4xx_hal_spi.o
    0x08005bc2   0x08005bc2   0x00000002   PAD
    0x08005bc4   0x08005bc4   0x00000074   Code   RO         7796    i.HAL_SPI_MspInit   spi.o
    0x08005c38   0x08005c38   0x00000352   Code   RO         3573    i.HAL_SPI_TransmitReceive  stm32f4xx_hal_spi.o
    0x08005f8a   0x08005f8a   0x00000058   Code   RO         3167    i.HAL_SRAM_Init     stm32f4xx_hal_sram.o
    0x08005fe2   0x08005fe2   0x00000002   PAD
    0x08005fe4   0x08005fe4   0x000000a4   Code   RO         6506    i.HAL_SRAM_MspInit  lcd.o
    0x08006088   0x08006088   0x00000028   Code   RO          795    i.HAL_SYSTICK_CLKSourceConfig  stm32f4xx_hal_cortex.o
    0x080060b0   0x080060b0   0x00000034   Code   RO          797    i.HAL_SYSTICK_Config  stm32f4xx_hal_cortex.o
    0x080060e4   0x080060e4   0x00000034   Code   RO         3802    i.HAL_TIM_Base_Init  stm32f4xx_hal_tim.o
    0x08006118   0x08006118   0x00000002   Code   RO         3804    i.HAL_TIM_Base_MspInit  stm32f4xx_hal_tim.o
    0x0800611a   0x0800611a   0x0000001e   Code   RO         3807    i.HAL_TIM_Base_Start_IT  stm32f4xx_hal_tim.o
    0x08006138   0x08006138   0x00000002   Code   RO         1322    i.HAL_UART_ErrorCallback  stm32f4xx_hal_uart.o
    0x0800613a   0x0800613a   0x00000008   Code   RO         1324    i.HAL_UART_GetState  stm32f4xx_hal_uart.o
    0x08006142   0x08006142   0x00000130   Code   RO         1325    i.HAL_UART_IRQHandler  stm32f4xx_hal_uart.o
    0x08006272   0x08006272   0x0000006e   Code   RO         1326    i.HAL_UART_Init     stm32f4xx_hal_uart.o
    0x080062e0   0x080062e0   0x0000009c   Code   RO         5794    i.HAL_UART_MspInit  usart.o
    0x0800637c   0x0800637c   0x000000f8   Code   RO         1329    i.HAL_UART_Receive  stm32f4xx_hal_uart.o
    0x08006474   0x08006474   0x00000086   Code   RO         1331    i.HAL_UART_Receive_IT  stm32f4xx_hal_uart.o
    0x080064fa   0x080064fa   0x00000002   PAD
    0x080064fc   0x080064fc   0x00000088   Code   RO         5795    i.HAL_UART_RxCpltCallback  usart.o
    0x08006584   0x08006584   0x000000f0   Code   RO         1334    i.HAL_UART_Transmit  stm32f4xx_hal_uart.o
    0x08006674   0x08006674   0x00000002   Code   RO         1337    i.HAL_UART_TxCpltCallback  stm32f4xx_hal_uart.o
    0x08006676   0x08006676   0x00000004   Code   RO          424    i.HardFault_Handler  stm32f4xx_it.o
    0x0800667a   0x0800667a   0x00000002   PAD
    0x0800667c   0x0800667c   0x00000050   Code   RO         6077    i.IIC_Ack           myiic.o
    0x080066cc   0x080066cc   0x0000005c   Code   RO         6078    i.IIC_Init          myiic.o
    0x08006728   0x08006728   0x00000050   Code   RO         6079    i.IIC_NAck          myiic.o
    0x08006778   0x08006778   0x0000006c   Code   RO         6080    i.IIC_Read_Byte     myiic.o
    0x080067e4   0x080067e4   0x00000068   Code   RO         6081    i.IIC_Send_Byte     myiic.o
    0x0800684c   0x0800684c   0x0000004c   Code   RO         6082    i.IIC_Start         myiic.o
    0x08006898   0x08006898   0x0000004c   Code   RO         6083    i.IIC_Stop          myiic.o
    0x080068e4   0x080068e4   0x00000060   Code   RO         6084    i.IIC_Wait_Ack      myiic.o
    0x08006944   0x08006944   0x000000b4   Code   RO         5859    i.KEY_Init          key.o
    0x080069f8   0x080069f8   0x00000048   Code   RO         6508    i.LCD_Clear         lcd.o
    0x08006a40   0x08006a40   0x00000190   Code   RO         6512    i.LCD_Display_Dir   lcd.o
    0x08006bd0   0x08006bd0   0x000000b0   Code   RO         6513    i.LCD_DrawLine      lcd.o
    0x08006c80   0x08006c80   0x0000003c   Code   RO         6514    i.LCD_DrawPoint     lcd.o
    0x08006cbc   0x08006cbc   0x00000040   Code   RO         6515    i.LCD_DrawRectangle  lcd.o
    0x08006cfc   0x08006cfc   0x00000098   Code   RO         6516    i.LCD_Draw_Circle   lcd.o
    0x08006d94   0x08006d94   0x0000010c   Code   RO         6517    i.LCD_Fast_DrawPoint  lcd.o
    0x08006ea0   0x08006ea0   0x00000070   Code   RO         6518    i.LCD_Fill          lcd.o
    0x08006f10   0x08006f10   0x000000a4   Code   RO         6519    i.LCD_GetCursor     lcd.o
    0x08006fb4   0x08006fb4   0x00002c94   Code   RO         6520    i.LCD_Init          lcd.o
    0x08009c48   0x08009c48   0x00000016   Code   RO         6521    i.LCD_Pow           lcd.o
    0x08009c5e   0x08009c5e   0x00000002   PAD
    0x08009c60   0x08009c60   0x00000014   Code   RO         6522    i.LCD_RD_DATA       lcd.o
    0x08009c74   0x08009c74   0x00000060   Code   RO         6525    i.LCD_SSD_BackLightSet  lcd.o
    0x08009cd4   0x08009cd4   0x0000023c   Code   RO         6526    i.LCD_Scan_Dir      lcd.o
    0x08009f10   0x08009f10   0x00000130   Code   RO         6527    i.LCD_SetCursor     lcd.o
    0x0800a040   0x0800a040   0x0000013c   Code   RO         6529    i.LCD_ShowChar      lcd.o
    0x0800a17c   0x0800a17c   0x00000094   Code   RO         6530    i.LCD_ShowNum       lcd.o
    0x0800a210   0x0800a210   0x00000066   Code   RO         6531    i.LCD_ShowString    lcd.o
    0x0800a276   0x0800a276   0x00000002   PAD
    0x0800a278   0x0800a278   0x00000018   Code   RO         6533    i.LCD_WR_DATA       lcd.o
    0x0800a290   0x0800a290   0x00000018   Code   RO         6534    i.LCD_WR_REG        lcd.o
    0x0800a2a8   0x0800a2a8   0x00000014   Code   RO         6536    i.LCD_WriteRAM_Prepare  lcd.o
    0x0800a2bc   0x0800a2bc   0x00000010   Code   RO         6537    i.LCD_WriteReg      lcd.o
    0x0800a2cc   0x0800a2cc   0x000000a4   Code   RO         5944    i.LED_Init          led.o
    0x0800a370   0x0800a370   0x00000024   Code   RO         6966    i.LTDC_Clear        ltdc.o
    0x0800a394   0x0800a394   0x00000026   Code   RO         6967    i.LTDC_Clk_Set      ltdc.o
    0x0800a3ba   0x0800a3ba   0x00000002   PAD
    0x0800a3bc   0x0800a3bc   0x0000002c   Code   RO         6969    i.LTDC_Display_Dir  ltdc.o
    0x0800a3e8   0x0800a3e8   0x00000050   Code   RO         6970    i.LTDC_Draw_Point   ltdc.o
    0x0800a438   0x0800a438   0x00000164   Code   RO         6971    i.LTDC_Fill         ltdc.o
    0x0800a59c   0x0800a59c   0x000002a4   Code   RO         6972    i.LTDC_Init         ltdc.o
    0x0800a840   0x0800a840   0x0000007c   Code   RO         6973    i.LTDC_Layer_Parameter_Config  ltdc.o
    0x0800a8bc   0x0800a8bc   0x00000030   Code   RO         6975    i.LTDC_Layer_Window_Config  ltdc.o
    0x0800a8ec   0x0800a8ec   0x000000d4   Code   RO         6976    i.LTDC_PanelID_Read  ltdc.o
    0x0800a9c0   0x0800a9c0   0x0000000c   Code   RO         6978    i.LTDC_Select_Layer  ltdc.o
    0x0800a9cc   0x0800a9cc   0x00000212   Code   RO         2841    i.LTDC_SetConfig    stm32f4xx_hal_ltdc.o
    0x0800abde   0x0800abde   0x00000002   PAD
    0x0800abe0   0x0800abe0   0x00000040   Code   RO            4    i.Load_Drow_Dialog  main.o
    0x0800ac20   0x0800ac20   0x00000004   Code   RO          425    i.MemManage_Handler  stm32f4xx_it.o
    0x0800ac24   0x0800ac24   0x0000020c   Code   RO         7474    i.NAND_CopyPageWithWrite  nand.o
    0x0800ae30   0x0800ae30   0x000000c8   Code   RO         7475    i.NAND_CopyPageWithoutWrite  nand.o
    0x0800aef8   0x0800aef8   0x00000012   Code   RO         7476    i.NAND_Delay        nand.o
    0x0800af0a   0x0800af0a   0x00000002   PAD
    0x0800af0c   0x0800af0c   0x000000c4   Code   RO         7477    i.NAND_ECC_Correction  nand.o
    0x0800afd0   0x0800afd0   0x0000003a   Code   RO         7478    i.NAND_ECC_Get_OE   nand.o
    0x0800b00a   0x0800b00a   0x00000002   PAD
    0x0800b00c   0x0800b00c   0x00000060   Code   RO         7479    i.NAND_EraseBlock   nand.o
    0x0800b06c   0x0800b06c   0x000000dc   Code   RO         7481    i.NAND_Init         nand.o
    0x0800b148   0x0800b148   0x00000038   Code   RO         7482    i.NAND_ModeSet      nand.o
    0x0800b180   0x0800b180   0x00000060   Code   RO         7483    i.NAND_ReadID       nand.o
    0x0800b1e0   0x0800b1e0   0x0000029c   Code   RO         7484    i.NAND_ReadPage     nand.o
    0x0800b47c   0x0800b47c   0x00000090   Code   RO         7485    i.NAND_ReadPageComp  nand.o
    0x0800b50c   0x0800b50c   0x00000040   Code   RO         7486    i.NAND_ReadSpare    nand.o
    0x0800b54c   0x0800b54c   0x00000024   Code   RO         7487    i.NAND_ReadStatus   nand.o
    0x0800b570   0x0800b570   0x0000001c   Code   RO         7488    i.NAND_Reset        nand.o
    0x0800b58c   0x0800b58c   0x00000034   Code   RO         7489    i.NAND_WaitForReady  nand.o
    0x0800b5c0   0x0800b5c0   0x00000034   Code   RO         7490    i.NAND_WaitRB       nand.o
    0x0800b5f4   0x0800b5f4   0x00000188   Code   RO         7491    i.NAND_WritePage    nand.o
    0x0800b77c   0x0800b77c   0x0000006c   Code   RO         7492    i.NAND_WritePageConst  nand.o
    0x0800b7e8   0x0800b7e8   0x00000040   Code   RO         7493    i.NAND_WriteSpare   nand.o
    0x0800b828   0x0800b828   0x00000002   Code   RO          426    i.NMI_Handler       stm32f4xx_it.o
    0x0800b82a   0x0800b82a   0x00000002   PAD
    0x0800b82c   0x0800b82c   0x00000010   Code   RO          799    i.NVIC_GetPriorityGrouping  stm32f4xx_hal_cortex.o
    0x0800b83c   0x0800b83c   0x00000028   Code   RO          800    i.NVIC_SetPriority  stm32f4xx_hal_cortex.o
    0x0800b864   0x0800b864   0x000000dc   Code   RO         7251    i.OTT2001A_Init     ott2001a.o
    0x0800b940   0x0800b940   0x00000062   Code   RO         7252    i.OTT2001A_RD_Reg   ott2001a.o
    0x0800b9a2   0x0800b9a2   0x00000002   PAD
    0x0800b9a4   0x0800b9a4   0x000001f8   Code   RO         7253    i.OTT2001A_Scan     ott2001a.o
    0x0800bb9c   0x0800bb9c   0x0000001c   Code   RO         7254    i.OTT2001A_SensorControl  ott2001a.o
    0x0800bbb8   0x0800bbb8   0x0000005c   Code   RO         7255    i.OTT2001A_WR_Reg   ott2001a.o
    0x0800bc14   0x0800bc14   0x0000006c   Code   RO         5974    i.PCF8574_Init      pcf8574.o
    0x0800bc80   0x0800bc80   0x0000001a   Code   RO         5975    i.PCF8574_ReadBit   pcf8574.o
    0x0800bc9a   0x0800bc9a   0x00000022   Code   RO         5976    i.PCF8574_ReadOneByte  pcf8574.o
    0x0800bcbc   0x0800bcbc   0x00000028   Code   RO         5978    i.PCF8574_WriteOneByte  pcf8574.o
    0x0800bce4   0x0800bce4   0x00000010   Code   RO         7847    i.RTC_Alarm_IRQHandler  rtc.o
    0x0800bcf4   0x0800bcf4   0x00000016   Code   RO         5373    i.RTC_Bcd2ToByte    stm32f4xx_hal_rtc.o
    0x0800bd0a   0x0800bd0a   0x0000001a   Code   RO         5374    i.RTC_ByteToBcd2    stm32f4xx_hal_rtc.o
    0x0800bd24   0x0800bd24   0x0000003e   Code   RO         5375    i.RTC_EnterInitMode  stm32f4xx_hal_rtc.o
    0x0800bd62   0x0800bd62   0x00000002   PAD
    0x0800bd64   0x0800bd64   0x00000068   Code   RO         7848    i.RTC_Init          rtc.o
    0x0800bdcc   0x0800bdcc   0x00000058   Code   RO         7849    i.RTC_Set_AlarmA    rtc.o
    0x0800be24   0x0800be24   0x0000002c   Code   RO         7850    i.RTC_Set_Date      rtc.o
    0x0800be50   0x0800be50   0x00000034   Code   RO         7851    i.RTC_Set_Time      rtc.o
    0x0800be84   0x0800be84   0x0000003c   Code   RO         7852    i.RTC_Set_WakeUp    rtc.o
    0x0800bec0   0x0800bec0   0x00000010   Code   RO         7853    i.RTC_WKUP_IRQHandler  rtc.o
    0x0800bed0   0x0800bed0   0x0000002c   Code   RO         5128    i.SDIO_DataConfig   stm32f4xx_ll_sdmmc.o
    0x0800befc   0x0800befc   0x00000008   Code   RO         5129    i.SDIO_GetCommandResponse  stm32f4xx_ll_sdmmc.o
    0x0800bf04   0x0800bf04   0x0000000a   Code   RO         5132    i.SDIO_GetPowerState  stm32f4xx_ll_sdmmc.o
    0x0800bf0e   0x0800bf0e   0x00000002   PAD
    0x0800bf10   0x0800bf10   0x00000018   Code   RO         5133    i.SDIO_GetResponse  stm32f4xx_ll_sdmmc.o
    0x0800bf28   0x0800bf28   0x00000034   Code   RO         5134    i.SDIO_Init         stm32f4xx_ll_sdmmc.o
    0x0800bf5c   0x0800bf5c   0x0000000a   Code   RO         5136    i.SDIO_PowerState_ON  stm32f4xx_ll_sdmmc.o
    0x0800bf66   0x0800bf66   0x00000008   Code   RO         5137    i.SDIO_ReadFIFO     stm32f4xx_ll_sdmmc.o
    0x0800bf6e   0x0800bf6e   0x00000028   Code   RO         5138    i.SDIO_SendCommand  stm32f4xx_ll_sdmmc.o
    0x0800bf96   0x0800bf96   0x0000000c   Code   RO         5140    i.SDIO_WriteFIFO    stm32f4xx_ll_sdmmc.o
    0x0800bfa2   0x0800bfa2   0x00000002   PAD
    0x0800bfa4   0x0800bfa4   0x00000068   Code   RO         7306    i.SDRAM_Init        sdram.o
    0x0800c00c   0x0800c00c   0x00000054   Code   RO         7307    i.SDRAM_Initialization_Sequence  sdram.o
    0x0800c060   0x0800c060   0x00000048   Code   RO         7308    i.SDRAM_Send_Cmd    sdram.o
    0x0800c0a8   0x0800c0a8   0x00000036   Code   RO         4885    i.SD_CmdError       stm32f4xx_hal_sd.o
    0x0800c0de   0x0800c0de   0x00000002   PAD
    0x0800c0e0   0x0800c0e0   0x00000180   Code   RO         4886    i.SD_CmdResp1Error  stm32f4xx_hal_sd.o
    0x0800c260   0x0800c260   0x00000046   Code   RO         4887    i.SD_CmdResp2Error  stm32f4xx_hal_sd.o
    0x0800c2a6   0x0800c2a6   0x00000032   Code   RO         4888    i.SD_CmdResp3Error  stm32f4xx_hal_sd.o
    0x0800c2d8   0x0800c2d8   0x000000ac   Code   RO         4889    i.SD_CmdResp6Error  stm32f4xx_hal_sd.o
    0x0800c384   0x0800c384   0x00000066   Code   RO         4890    i.SD_CmdResp7Error  stm32f4xx_hal_sd.o
    0x0800c3ea   0x0800c3ea   0x00000172   Code   RO         4895    i.SD_FindSCR        stm32f4xx_hal_sd.o
    0x0800c55c   0x0800c55c   0x0000004c   Code   RO         7625    i.SD_Init           sdio_sdcard.o
    0x0800c5a8   0x0800c5a8   0x000000fa   Code   RO         4897    i.SD_Initialize_Cards  stm32f4xx_hal_sd.o
    0x0800c6a2   0x0800c6a2   0x00000002   PAD
    0x0800c6a4   0x0800c6a4   0x000001d4   Code   RO         4898    i.SD_IsCardProgramming  stm32f4xx_hal_sd.o
    0x0800c878   0x0800c878   0x00000164   Code   RO         4900    i.SD_PowerON        stm32f4xx_hal_sd.o
    0x0800c9dc   0x0800c9dc   0x00000090   Code   RO         7626    i.SD_ReadDisk       sdio_sdcard.o
    0x0800ca6c   0x0800ca6c   0x00000038   Code   RO         4901    i.SD_Select_Deselect  stm32f4xx_hal_sd.o
    0x0800caa4   0x0800caa4   0x00000096   Code   RO         4903    i.SD_WideBus_Disable  stm32f4xx_hal_sd.o
    0x0800cb3a   0x0800cb3a   0x00000096   Code   RO         4904    i.SD_WideBus_Enable  stm32f4xx_hal_sd.o
    0x0800cbd0   0x0800cbd0   0x00000090   Code   RO         7627    i.SD_WriteDisk      sdio_sdcard.o
    0x0800cc60   0x0800cc60   0x00000058   Code   RO         7797    i.SPI5_Init         spi.o
    0x0800ccb8   0x0800ccb8   0x00000020   Code   RO         7798    i.SPI5_ReadWriteByte  spi.o
    0x0800ccd8   0x0800ccd8   0x00000048   Code   RO         7799    i.SPI5_SetSpeed     spi.o
    0x0800cd20   0x0800cd20   0x00000114   Code   RO         3595    i.SPI_WaitOnFlagUntilTimeout  stm32f4xx_hal_spi.o
    0x0800ce34   0x0800ce34   0x000000cc   Code   RO         8103    i.Show_Font         text.o
    0x0800cf00   0x0800cf00   0x000000c2   Code   RO         8104    i.Show_Str          text.o
    0x0800cfc2   0x0800cfc2   0x00000002   PAD
    0x0800cfc4   0x0800cfc4   0x00000070   Code   RO         8105    i.Show_Str_Mid      text.o
    0x0800d034   0x0800d034   0x000000b8   Code   RO         5767    i.Stm32_Clock_Init  sys.o
    0x0800d0ec   0x0800d0ec   0x00000064   Code   RO          483    i.SystemInit        system_stm32f4xx.o
    0x0800d150   0x0800d150   0x00000044   Code   RO         8822    i.TIM4_IRQHandler   usmart.o
    0x0800d194   0x0800d194   0x000000e4   Code   RO         3886    i.TIM_Base_SetConfig  stm32f4xx_hal_tim.o
    0x0800d278   0x0800d278   0x000001a8   Code   RO         6858    i.TP_Adj_Info_Show  touch.o
    0x0800d420   0x0800d420   0x00000900   Code   RO         6859    i.TP_Adjust         touch.o
    0x0800dd20   0x0800dd20   0x00000070   Code   RO         6861    i.TP_Drow_Touch_Point  touch.o
    0x0800dd90   0x0800dd90   0x00000050   Code   RO         6862    i.TP_Get_Adjdata    touch.o
    0x0800dde0   0x0800dde0   0x0000022c   Code   RO         6863    i.TP_Init           touch.o
    0x0800e00c   0x0800e00c   0x00000098   Code   RO         6864    i.TP_Read_AD        touch.o
    0x0800e0a4   0x0800e0a4   0x00000078   Code   RO         6865    i.TP_Read_XOY       touch.o
    0x0800e11c   0x0800e11c   0x00000030   Code   RO         6866    i.TP_Read_XY        touch.o
    0x0800e14c   0x0800e14c   0x000000c0   Code   RO         6867    i.TP_Read_XY2       touch.o
    0x0800e20c   0x0800e20c   0x0000001c   Code   RO         6868    i.TP_Save_Adjdata   touch.o
    0x0800e228   0x0800e228   0x000000f4   Code   RO         6869    i.TP_Scan           touch.o
    0x0800e31c   0x0800e31c   0x0000004c   Code   RO         6870    i.TP_Write_Byte     touch.o
    0x0800e368   0x0800e368   0x00000060   Code   RO         8823    i.Timer4_Init       usmart.o
    0x0800e3c8   0x0800e3c8   0x00000030   Code   RO         1344    i.UART_EndTransmit_IT  stm32f4xx_hal_uart.o
    0x0800e3f8   0x0800e3f8   0x000000bc   Code   RO         1345    i.UART_Receive_IT   stm32f4xx_hal_uart.o
    0x0800e4b4   0x0800e4b4   0x00000224   Code   RO         1346    i.UART_SetConfig    stm32f4xx_hal_uart.o
    0x0800e6d8   0x0800e6d8   0x00000070   Code   RO         1347    i.UART_Transmit_IT  stm32f4xx_hal_uart.o
    0x0800e748   0x0800e748   0x000000fa   Code   RO         1348    i.UART_WaitOnFlagUntilTimeout  stm32f4xx_hal_uart.o
    0x0800e842   0x0800e842   0x00000002   PAD
    0x0800e844   0x0800e844   0x000000e0   Code   RO         6246    i.UI_100            easyui.o
    0x0800e924   0x0800e924   0x00000134   Code   RO         6247    i.UI_110            easyui.o
    0x0800ea58   0x0800ea58   0x000000bc   Code   RO         6248    i.UI_111            easyui.o
    0x0800eb14   0x0800eb14   0x000000bc   Code   RO         6249    i.UI_112            easyui.o
    0x0800ebd0   0x0800ebd0   0x000000bc   Code   RO         6250    i.UI_120            easyui.o
    0x0800ec8c   0x0800ec8c   0x000000a4   Code   RO         6251    i.UI_130            easyui.o
    0x0800ed30   0x0800ed30   0x0000014c   Code   RO         6252    i.UI_200            easyui.o
    0x0800ee7c   0x0800ee7c   0x000000a4   Code   RO         6253    i.UI_210            easyui.o
    0x0800ef20   0x0800ef20   0x00000074   Code   RO         6254    i.UI_220            easyui.o
    0x0800ef94   0x0800ef94   0x00000074   Code   RO         6255    i.UI_230            easyui.o
    0x0800f008   0x0800f008   0x00000074   Code   RO         6256    i.UI_240            easyui.o
    0x0800f07c   0x0800f07c   0x00000074   Code   RO         6257    i.UI_250            easyui.o
    0x0800f0f0   0x0800f0f0   0x00000074   Code   RO         6258    i.UI_260            easyui.o
    0x0800f164   0x0800f164   0x000001e8   Code   RO         6259    i.UI_300            easyui.o
    0x0800f34c   0x0800f34c   0x000000a4   Code   RO         6260    i.UI_301            easyui.o
    0x0800f3f0   0x0800f3f0   0x0000015c   Code   RO         6261    i.UI_310            easyui.o
    0x0800f54c   0x0800f54c   0x0000010c   Code   RO         6262    i.UI_400            easyui.o
    0x0800f658   0x0800f658   0x00000198   Code   RO         6263    i.UI_410            easyui.o
    0x0800f7f0   0x0800f7f0   0x00000130   Code   RO         6264    i.UI_411            easyui.o
    0x0800f920   0x0800f920   0x00000148   Code   RO         6265    i.UI_420            easyui.o
    0x0800fa68   0x0800fa68   0x00000198   Code   RO         6266    i.UI_421            easyui.o
    0x0800fc00   0x0800fc00   0x00000188   Code   RO         6267    i.UI_422            easyui.o
    0x0800fd88   0x0800fd88   0x000000a0   Code   RO         6268    i.UI_430            easyui.o
    0x0800fe28   0x0800fe28   0x00000140   Code   RO         6270    i.UI_600            easyui.o
    0x0800ff68   0x0800ff68   0x00000100   Code   RO         6271    i.UI_610            easyui.o
    0x08010068   0x08010068   0x00000488   Code   RO         6272    i.UI_611            easyui.o
    0x080104f0   0x080104f0   0x000001a8   Code   RO         6273    i.UI_620            easyui.o
    0x08010698   0x08010698   0x000000d0   Code   RO         6274    i.UI_621            easyui.o
    0x08010768   0x08010768   0x00000104   Code   RO         6275    i.UI_630            easyui.o
    0x0801086c   0x0801086c   0x0000006c   Code   RO         6276    i.UI_640            easyui.o
    0x080108d8   0x080108d8   0x000000cc   Code   RO         6277    i.UI_650            easyui.o
    0x080109a4   0x080109a4   0x000000c8   Code   RO         6278    i.UI_660            easyui.o
    0x08010a6c   0x08010a6c   0x00000018   Code   RO         6279    i.UI_DATA_Show      easyui.o
    0x08010a84   0x08010a84   0x00000100   Code   RO         6280    i.UI_ESP8266        easyui.o
    0x08010b84   0x08010b84   0x00000070   Code   RO         6281    i.UI_ESP8266_Send   easyui.o
    0x08010bf4   0x08010bf4   0x00000020   Code   RO         6282    i.UI_Init           easyui.o
    0x08010c14   0x08010c14   0x000001dc   Code   RO         6283    i.UI_Main           easyui.o
    0x08010df0   0x08010df0   0x000000e4   Code   RO         6284    i.UI_Main_show      easyui.o
    0x08010ed4   0x08010ed4   0x00001748   Code   RO         6285    i.UI_TouchHandler   easyui.o
    0x0801261c   0x0801261c   0x00000050   Code   RO         5796    i.USART1_IRQHandler  usart.o
    0x0801266c   0x0801266c   0x00000048   Code   RO         6026    i.USART2_IRQHandler  rs485.o
    0x080126b4   0x080126b4   0x0000004c   Code   RO         7971    i.USART3_IRQHandler  esp8266.o
    0x08012700   0x08012700   0x00000004   Code   RO          427    i.UsageFault_Handler  stm32f4xx_it.o
    0x08012704   0x08012704   0x00000058   Code   RO         7678    i.W25QXX_Erase_Sector  w25qxx.o
    0x0801275c   0x0801275c   0x00000098   Code   RO         7679    i.W25QXX_Init       w25qxx.o
    0x080127f4   0x080127f4   0x00000064   Code   RO         7681    i.W25QXX_Read       w25qxx.o
    0x08012858   0x08012858   0x00000048   Code   RO         7682    i.W25QXX_ReadID     w25qxx.o
    0x080128a0   0x080128a0   0x00000050   Code   RO         7683    i.W25QXX_ReadSR     w25qxx.o
    0x080128f0   0x080128f0   0x00000014   Code   RO         7685    i.W25QXX_Wait_Busy  w25qxx.o
    0x08012904   0x08012904   0x000000b8   Code   RO         7686    i.W25QXX_Write      w25qxx.o
    0x080129bc   0x080129bc   0x00000020   Code   RO         7688    i.W25QXX_Write_Enable  w25qxx.o
    0x080129dc   0x080129dc   0x00000046   Code   RO         7689    i.W25QXX_Write_NoCheck  w25qxx.o
    0x08012a22   0x08012a22   0x00000002   PAD
    0x08012a24   0x08012a24   0x0000006c   Code   RO         7690    i.W25QXX_Write_Page  w25qxx.o
    0x08012a90   0x08012a90   0x0000007a   Code   RO        10254    i.__hardfp_sqrt     m_wm.l(sqrt.o)
    0x08012b0a   0x08012b0a   0x0000000e   Code   RO        10188    i._is_digit         c_w.l(__printf_wp.o)
    0x08012b18   0x08012b18   0x00000004   Code   RO         5797    i._sys_exit         usart.o
    0x08012b1c   0x08012b1c   0x00000084   Code   RO         8330    i.check_fs          ff.o
    0x08012ba0   0x08012ba0   0x0000001a   Code   RO         8333    i.clust2sect        ff.o
    0x08012bba   0x08012bba   0x00000002   PAD
    0x08012bbc   0x08012bbc   0x00000154   Code   RO            5    i.ctp_test          main.o
    0x08012d10   0x08012d10   0x00000014   Code   RO         5723    i.delay_init        delay.o
    0x08012d24   0x08012d24   0x00000032   Code   RO         5724    i.delay_ms          delay.o
    0x08012d56   0x08012d56   0x00000002   PAD
    0x08012d58   0x08012d58   0x00000048   Code   RO         5725    i.delay_us          delay.o
    0x08012da0   0x08012da0   0x00000038   Code   RO         8263    i.disk_initialize   diskio.o
    0x08012dd8   0x08012dd8   0x00000090   Code   RO         8265    i.disk_read         diskio.o
    0x08012e68   0x08012e68   0x00000006   Code   RO         8266    i.disk_status       diskio.o
    0x08012e6e   0x08012e6e   0x00000090   Code   RO         8267    i.disk_write        diskio.o
    0x08012efe   0x08012efe   0x00000002   PAD
    0x08012f00   0x08012f00   0x00000084   Code   RO         8184    i.exfuns_init       exfuns.o
    0x08012f84   0x08012f84   0x0000005c   Code   RO         8353    i.f_mount           ff.o
    0x08012fe0   0x08012fe0   0x00000458   Code   RO         8370    i.find_volume       ff.o
    0x08013438   0x08013438   0x00000044   Code   RO         8051    i.font_init         fontupd.o
    0x0801347c   0x0801347c   0x0000001c   Code   RO         5798    i.fputc             usart.o
    0x08013498   0x08013498   0x0000004a   Code   RO         8375    i.get_ldnumber      ff.o
    0x080134e2   0x080134e2   0x00000002   PAD
    0x080134e4   0x080134e4   0x00000050   Code   RO            6    i.gui_draw_hline    main.o
    0x08013534   0x08013534   0x000000b0   Code   RO            7    i.gui_fill_circle   main.o
    0x080135e4   0x080135e4   0x000000d4   Code   RO            8    i.lcd_draw_bline    main.o
    0x080136b8   0x080136b8   0x00000018   Code   RO         8378    i.ld_dword          ff.o
    0x080136d0   0x080136d0   0x00000062   Code   RO         8379    i.ld_qword          ff.o
    0x08013732   0x08013732   0x0000000c   Code   RO         8380    i.ld_word           ff.o
    0x0801373e   0x0801373e   0x00000002   PAD
    0x08013740   0x08013740   0x000000ac   Code   RO            9    i.main              main.o
    0x080137ec   0x080137ec   0x00000024   Code   RO         8383    i.mem_cmp           ff.o
    0x08013810   0x08013810   0x00000034   Code   RO         8386    i.move_window       ff.o
    0x08013844   0x08013844   0x0000006c   Code   RO         8738    i.my_mem_free       malloc.o
    0x080138b0   0x080138b0   0x0000002c   Code   RO         8739    i.my_mem_init       malloc.o
    0x080138dc   0x080138dc   0x000000a8   Code   RO         8740    i.my_mem_malloc     malloc.o
    0x08013984   0x08013984   0x00000040   Code   RO         8741    i.my_mem_perused    malloc.o
    0x080139c4   0x080139c4   0x00000024   Code   RO         8742    i.myfree            malloc.o
    0x080139e8   0x080139e8   0x00000028   Code   RO         8743    i.mymalloc          malloc.o
    0x08013a10   0x08013a10   0x00000014   Code   RO         8745    i.mymemset          malloc.o
    0x08013a24   0x08013a24   0x00000006   Code   RO         8824    i.read_addr         usmart.o
    0x08013a2a   0x08013a2a   0x00000052   Code   RO         8399    i.sync_window       ff.o
    0x08013a7c   0x08013a7c   0x00000038   Code   RO         5799    i.uart_init         usart.o
    0x08013ab4   0x08013ab4   0x000000b0   Code   RO         8825    i.usmart_cmd_rec    usmart.o
    0x08013b64   0x08013b64   0x000002d4   Code   RO         8826    i.usmart_exe        usmart.o
    0x08013e38   0x08013e38   0x000000c8   Code   RO         8936    i.usmart_get_aparm  usmart_str.o
    0x08013f00   0x08013f00   0x00000036   Code   RO         8937    i.usmart_get_cmdname  usmart_str.o
    0x08013f36   0x08013f36   0x00000002   PAD
    0x08013f38   0x08013f38   0x000001c0   Code   RO         8938    i.usmart_get_fname  usmart_str.o
    0x080140f8   0x080140f8   0x0000010c   Code   RO         8939    i.usmart_get_fparam  usmart_str.o
    0x08014204   0x08014204   0x00000020   Code   RO         8940    i.usmart_get_parmpos  usmart_str.o
    0x08014224   0x08014224   0x00000044   Code   RO         8827    i.usmart_get_runtime  usmart.o
    0x08014268   0x08014268   0x00000028   Code   RO         8828    i.usmart_init       usmart.o
    0x08014290   0x08014290   0x00000016   Code   RO         8941    i.usmart_pow        usmart_str.o
    0x080142a6   0x080142a6   0x00000002   PAD
    0x080142a8   0x080142a8   0x00000034   Code   RO         8829    i.usmart_reset_runtime  usmart.o
    0x080142dc   0x080142dc   0x000000bc   Code   RO         8830    i.usmart_scan       usmart.o
    0x08014398   0x08014398   0x00000016   Code   RO         8942    i.usmart_search_nextc  usmart_str.o
    0x080143ae   0x080143ae   0x000000ca   Code   RO         8943    i.usmart_str2num    usmart_str.o
    0x08014478   0x08014478   0x00000022   Code   RO         8944    i.usmart_strcmp     usmart_str.o
    0x0801449a   0x0801449a   0x00000016   Code   RO         8945    i.usmart_strcopy    usmart_str.o
    0x080144b0   0x080144b0   0x00000018   Code   RO         8946    i.usmart_strlen     usmart_str.o
    0x080144c8   0x080144c8   0x000006f4   Code   RO         8831    i.usmart_sys_cmd_exe  usmart.o
    0x08014bbc   0x08014bbc   0x000000b4   Code   RO         9663    i.vTaskSwitchContext  tasks.o
    0x08014c70   0x08014c70   0x00000004   Code   RO         8832    i.write_addr        usmart.o
    0x08014c74   0x08014c74   0x00000150   Code   RO        10230    x$fpl$dadd          fz_wm.l(daddsub_clz.o)
    0x08014dc4   0x08014dc4   0x00000018   Code   RO        10298    x$fpl$dcmpinf       fz_wm.l(dcmpi.o)
    0x08014ddc   0x08014ddc   0x0000005a   Code   RO        10236    x$fpl$dfixu         fz_wm.l(dfixu.o)
    0x08014e36   0x08014e36   0x0000002e   Code   RO        10241    x$fpl$dflt          fz_wm.l(dflt_clz.o)
    0x08014e64   0x08014e64   0x00000026   Code   RO        10240    x$fpl$dfltu         fz_wm.l(dflt_clz.o)
    0x08014e8a   0x08014e8a   0x00000002   PAD
    0x08014e8c   0x08014e8c   0x00000078   Code   RO        10246    x$fpl$dleqf         fz_wm.l(dleqf.o)
    0x08014f04   0x08014f04   0x00000154   Code   RO        10248    x$fpl$dmul          fz_wm.l(dmul.o)
    0x08015058   0x08015058   0x0000009c   Code   RO        10300    x$fpl$dnaninf       fz_wm.l(dnaninf.o)
    0x080150f4   0x080150f4   0x0000000c   Code   RO        10302    x$fpl$dretinf       fz_wm.l(dretinf.o)
    0x08015100   0x08015100   0x0000006c   Code   RO        10250    x$fpl$drleqf        fz_wm.l(drleqf.o)
    0x0801516c   0x0801516c   0x00000016   Code   RO        10231    x$fpl$drsb          fz_wm.l(daddsub_clz.o)
    0x08015182   0x08015182   0x00000002   PAD
    0x08015184   0x08015184   0x00000198   Code   RO        10304    x$fpl$dsqrt         fz_wm.l(dsqrt_umaal.o)
    0x0801531c   0x0801531c   0x000001d4   Code   RO        10232    x$fpl$dsub          fz_wm.l(daddsub_clz.o)
    0x080154f0   0x080154f0   0x00000056   Code   RO        10252    x$fpl$f2d           fz_wm.l(f2d.o)
    0x08015546   0x08015546   0x0000008c   Code   RO        10306    x$fpl$fnaninf       fz_wm.l(fnaninf.o)
    0x080155d2   0x080155d2   0x0000000a   Code   RO        10420    x$fpl$fpinit        fz_wm.l(fpinit.o)
    0x080155dc   0x080155dc   0x00000000   Code   RO        10308    x$fpl$usenofp       fz_wm.l(usenofp.o)
    0x080155dc   0x080155dc   0x00000014   Data   RO           11    .constdata          main.o
    0x080155f0   0x080155f0   0x00000010   Data   RO         1183    .constdata          stm32f4xx_hal_rcc.o
    0x08015600   0x08015600   0x00004740   Data   RO         6540    .constdata          lcd.o
    0x08019d40   0x08019d40   0x00000014   Data   RO         6816    .constdata          ft5206.o
    0x08019d54   0x08019d54   0x00000004   Data   RO         6871    .constdata          touch.o
    0x08019d58   0x08019d58   0x000000c2   Data   RO         7152    .constdata          gt9147.o
    0x08019e1a   0x08019e1a   0x000000ce   Data   RO         7204    .constdata          gt9271.o
    0x08019ee8   0x08019ee8   0x0000000a   Data   RO         7256    .constdata          ott2001a.o
    0x08019ef2   0x08019ef2   0x00000002   PAD
    0x08019ef4   0x08019ef4   0x00000024   Data   RO         8752    .constdata          malloc.o
    0x08019f18   0x08019f18   0x00000028   Data   RO        10161    .constdata          c_w.l(_printf_hex_int.o)
    0x08019f40   0x08019f40   0x00000011   Data   RO        10196    .constdata          c_w.l(__printf_flags_ss_wp.o)
    0x08019f51   0x08019f51   0x00000003   PAD
    0x08019f54   0x08019f54   0x00000079   Data   RO         6872    .conststring        touch.o
    0x08019fcd   0x08019fcd   0x00000003   PAD
    0x08019fd0   0x08019fd0   0x00000028   Data   RO         8834    .conststring        usmart.o
    0x08019ff8   0x08019ff8   0x0000012a   Data   RO         8911    .conststring        usmart_config.o
    0x0801a122   0x0801a122   0x00000002   PAD
    0x0801a124   0x0801a124   0x00000020   Data   RO        10474    Region$$Table       anon$$obj.o


    Execution Region RW_IRAM1 (Exec base: 0x20000000, Load base: 0x0801a144, Size: 0x0002d0a0, Max: 0x00030000, ABSOLUTE, COMPRESSED[0x000000b4])

    Exec Addr    Load Addr    Size         Type   Attr      Idx    E Section Name        Object

    0x20000000   COMPRESSED   0x00000014   Data   RW          484    .data               system_stm32f4xx.o
    0x20000014   COMPRESSED   0x00000004   Data   RW          648    .data               stm32f4xx_hal.o
    0x20000018   COMPRESSED   0x00000004   Data   RW         5726    .data               delay.o
    0x2000001c   COMPRESSED   0x00000007   Data   RW         5801    .data               usart.o
    0x20000023   COMPRESSED   0x00000001   Data   RW         6028    .data               rs485.o
    0x20000024   COMPRESSED   0x00000010   Data   RW         6287    .data               easyui.o
    0x20000034   COMPRESSED   0x00000010   Data   RW         6541    .data               lcd.o
    0x20000044   COMPRESSED   0x00000007   Data   RW         6817    .data               ft5206.o
    0x2000004b   COMPRESSED   0x00000001   PAD
    0x2000004c   COMPRESSED   0x0000004a   Data   RW         6873    .data               touch.o
    0x20000096   COMPRESSED   0x00000002   PAD
    0x20000098   COMPRESSED   0x00000008   Data   RW         6982    .data               ltdc.o
    0x200000a0   COMPRESSED   0x00000001   Data   RW         7153    .data               gt9147.o
    0x200000a1   COMPRESSED   0x00000001   Data   RW         7205    .data               gt9271.o
    0x200000a2   COMPRESSED   0x00000001   Data   RW         7257    .data               ott2001a.o
    0x200000a3   COMPRESSED   0x00000001   PAD
    0x200000a4   COMPRESSED   0x00000004   Data   RW         7377    .data               ftl.o
    0x200000a8   COMPRESSED   0x00000002   Data   RW         7693    .data               w25qxx.o
    0x200000aa   COMPRESSED   0x00000002   Data   RW         7973    .data               esp8266.o
    0x200000ac   COMPRESSED   0x00000014   Data   RW         8189    .data               exfuns.o
    0x200000c0   COMPRESSED   0x00000002   Data   RW         8405    .data               ff.o
    0x200000c2   COMPRESSED   0x00000002   PAD
    0x200000c4   COMPRESSED   0x00000024   Data   RW         8753    .data               malloc.o
    0x200000e8   COMPRESSED   0x0000001c   Data   RW         8835    .data               usmart.o
    0x20000104   COMPRESSED   0x00000134   Data   RW         8912    .data               usmart_config.o
    0x20000238   COMPRESSED   0x0000003c   Data   RW         9681    .data               tasks.o
    0x20000274        -       0x00000108   Zero   RW         5800    .bss                usart.o
    0x2000037c        -       0x00000080   Zero   RW         6027    .bss                rs485.o
    0x200003fc        -       0x00000100   Zero   RW         6286    .bss                easyui.o
    0x200004fc        -       0x0000005e   Zero   RW         6539    .bss                lcd.o
    0x2000055a   COMPRESSED   0x00000002   PAD
    0x2000055c        -       0x00000108   Zero   RW         6981    .bss                ltdc.o
    0x20000664        -       0x00000034   Zero   RW         7309    .bss                sdram.o
    0x20000698        -       0x00000094   Zero   RW         7494    .bss                nand.o
    0x2000072c   COMPRESSED   0x00000004   PAD
    0x20000730        -       0x00000368   Zero   RW         7628    .bss                sdio_sdcard.o
    0x20000a98        -       0x00001000   Zero   RW         7692    .bss                w25qxx.o
    0x20001a98        -       0x00000058   Zero   RW         7800    .bss                spi.o
    0x20001af0        -       0x00000020   Zero   RW         7854    .bss                rtc.o
    0x20001b10        -       0x00000240   Zero   RW         7972    .bss                esp8266.o
    0x20001d50        -       0x00000029   Zero   RW         8055    .bss                fontupd.o
    0x20001d79   COMPRESSED   0x00000007   PAD
    0x20001d80        -       0x00000178   Zero   RW         8186    .bss                exfuns.o
    0x20001ef8        -       0x0000000c   Zero   RW         8403    .bss                ff.o
    0x20001f04   COMPRESSED   0x0000001c   PAD
    0x20001f20        -       0x0002a800   Zero   RW         8751    .bss                malloc.o
    0x2002c720        -       0x0000003c   Zero   RW         8833    .bss                usmart.o
    0x2002c75c        -       0x000002e4   Zero   RW         9680    .bss                tasks.o
    0x2002ca40        -       0x00000060   Zero   RW        10338    .bss                c_w.l(libspace.o)
    0x2002caa0        -       0x00000200   Zero   RW          616    HEAP                startup_stm32f429xx.o
    0x2002cca0        -       0x00000400   Zero   RW          615    STACK               startup_stm32f429xx.o



  Load Region LR$$.ARM.__AT_0x10000000 (Base: 0x10000000, Size: 0x00000000, Max: 0x0000f000, ABSOLUTE)

    Execution Region ER$$.ARM.__AT_0x10000000 (Exec base: 0x10000000, Load base: 0x10000000, Size: 0x0000f000, Max: 0x0000f000, ABSOLUTE, UNINIT)

    Exec Addr    Load Addr    Size         Type   Attr      Idx    E Section Name        Object

    0x10000000        -       0x0000f000   Zero   RW         8747    .ARM.__AT_0x10000000  malloc.o



  Load Region LR$$.ARM.__AT_0x1000F000 (Base: 0x1000f000, Size: 0x00000000, Max: 0x00000f00, ABSOLUTE)

    Execution Region ER$$.ARM.__AT_0x1000F000 (Exec base: 0x1000f000, Load base: 0x1000f000, Size: 0x00000f00, Max: 0x00000f00, ABSOLUTE, UNINIT)

    Exec Addr    Load Addr    Size         Type   Attr      Idx    E Section Name        Object

    0x1000f000        -       0x00000f00   Zero   RW         8748    .ARM.__AT_0x1000F000  malloc.o



  Load Region LR$$.ARM.__AT_0xC0000000 (Base: 0xc0000000, Size: 0x00000000, Max: 0x001f4000, ABSOLUTE)

    Execution Region ER$$.ARM.__AT_0xC0000000 (Exec base: 0xc0000000, Load base: 0xc0000000, Size: 0x001f4000, Max: 0x001f4000, ABSOLUTE, UNINIT)

    Exec Addr    Load Addr    Size         Type   Attr      Idx    E Section Name        Object

    0xc0000000        -       0x001f4000   Zero   RW         6980    .ARM.__AT_0xC0000000  ltdc.o



  Load Region LR$$.ARM.__AT_0xC01F4000 (Base: 0xc01f4000, Size: 0x00000000, Max: 0x01c3c000, ABSOLUTE)

    Execution Region ER$$.ARM.__AT_0xC01F4000 (Exec base: 0xc01f4000, Load base: 0xc01f4000, Size: 0x01c3c000, Max: 0x01c3c000, ABSOLUTE, UNINIT)

    Exec Addr    Load Addr    Size         Type   Attr      Idx    E Section Name        Object

    0xc01f4000        -       0x01c3c000   Zero   RW         8749    .ARM.__AT_0xC01F4000  malloc.o



  Load Region LR$$.ARM.__AT_0xC1E30000 (Base: 0xc1e30000, Size: 0x00000000, Max: 0x001c3c00, ABSOLUTE)

    Execution Region ER$$.ARM.__AT_0xC1E30000 (Exec base: 0xc1e30000, Load base: 0xc1e30000, Size: 0x001c3c00, Max: 0x001c3c00, ABSOLUTE, UNINIT)

    Exec Addr    Load Addr    Size         Type   Attr      Idx    E Section Name        Object

    0xc1e30000        -       0x001c3c00   Zero   RW         8750    .ARM.__AT_0xC1E30000  malloc.o


==============================================================================

Image component sizes


      Code (inc. data)   RO Data    RW Data    ZI Data      Debug   Object Name

       246          0          0          0          0       3407   24cxx.o
       594        102          0          0          0       5377   ctiic.o
       154          8          0          4          0       2523   delay.o
       440         36          0          0          0       4084   dht11.o
       350          0          0          0          0       4205   diskio.o
     15832       2318          0         16        256      26305   easyui.o
       896        278          0          2        576       5509   esp8266.o
       132         18          0         20        376       1654   exfuns.o
      1740         42          0          2         12      12086   ff.o
        68          4          0          0         41       2003   fontupd.o
      1446         84         20          7          0       4157   ft5206.o
      2356        286          0          4          0      11301   ftl.o
      1558        104        194          1          0       4782   gt9147.o
      1166         82        206          1          0       4642   gt9271.o
       180         18          0          0          0        983   key.o
     14708        270      18240         16         94      25437   lcd.o
       164         14          0          0          0        903   led.o
      1974        130          0          8    2048264       9798   ltdc.o
      1044         58         20          0          0     492979   main.o
       480         54         36         36   31695616       6398   malloc.o
         0          0          0          0          0       2276   mycc936.o
       712        112          0          0          0       4834   myiic.o
      3312        304          0          0        148      17955   nand.o
       942         70         10          1          0       4351   ott2001a.o
       208         10          0          0          0       2798   pcf8574.o
       182         16          0          0          0        732   port.o
        72         12          0          1        128       1220   rs485.o
       520         66          0          0         32       6759   rtc.o
       556         42          0          0        872       3883   sdio_sdcard.o
       568         44          0          0         52       3522   sdram.o
       308         28          0          0         88       2770   spi.o
        64         26        428          0       1536        828   startup_stm32f429xx.o
       118         12          0          4          0       3610   stm32f4xx_hal.o
       338         22          0          0          0      31377   stm32f4xx_hal_cortex.o
       568         54          0          0          0       3079   stm32f4xx_hal_gpio.o
      1144          6          0          0          0       4653   stm32f4xx_hal_ltdc.o
       102          0          0          0          0       1208   stm32f4xx_hal_nand.o
        24          4          0          0          0        539   stm32f4xx_hal_pwr.o
       164         12          0          0          0       1268   stm32f4xx_hal_pwr_ex.o
      2044         66         16          0          0       5971   stm32f4xx_hal_rcc.o
       872         24          0          0          0       1552   stm32f4xx_hal_rcc_ex.o
      1764         32          0          0          0       9106   stm32f4xx_hal_rtc.o
       402         10          0          0          0       4007   stm32f4xx_hal_rtc_ex.o
      4864         16          0          0          0      21160   stm32f4xx_hal_sd.o
       162          0          0          0          0       2716   stm32f4xx_hal_sdram.o
      1262          0          0          0          0       3609   stm32f4xx_hal_spi.o
        88          0          0          0          0       1196   stm32f4xx_hal_sram.o
       312         44          0          0          0       3044   stm32f4xx_hal_tim.o
      2194         10          0          0          0      10614   stm32f4xx_hal_uart.o
        20          0          0          0          0       2661   stm32f4xx_it.o
       842         18          0          0          0       8109   stm32f4xx_ll_fmc.o
       208          4          0          0          0       6221   stm32f4xx_ll_sdmmc.o
       200          8          0          0          0       1707   sys.o
       100         18          0         20          0       1021   system_stm32f4xx.o
       180         70          0         60        740      12556   tasks.o
       750         20          0          0          0       4182   text.o
      4336        282        125         74          0      10713   touch.o
       460         60          0          7        264       5389   usart.o
      3202       1354         40         28         60       7811   usmart.o
         0          0        298        308          0       1520   usmart_config.o
      1328         20          0          0          0       8741   usmart_str.o
       906         76          0          2       4096       7373   w25qxx.o

    ----------------------------------------------------------------------
     82000       6878      19672        628   33753292     867174   Object Totals
         0          0         32          0          0          0   (incl. Generated)
        74          0          7          6         41          0   (incl. Padding)

    ----------------------------------------------------------------------

      Code (inc. data)   RO Data    RW Data    ZI Data      Debug   Library Member Name

        90          0          0          0          0          0   __dczerorl2.o
         8          0          0          0          0         68   __main.o
       392          4         17          0          0         92   __printf_flags_ss_wp.o
        14          0          0          0          0         68   __printf_wp.o
         0          0          0          0          0          0   __rtentry.o
        12          0          0          0          0          0   __rtentry2.o
         6          0          0          0          0          0   __rtentry4.o
        52          8          0          0          0          0   __scatter.o
        28          0          0          0          0          0   __scatter_zi.o
         6          0          0          0          0          0   _printf_c.o
        44          0          0          0          0        108   _printf_char.o
        48          6          0          0          0         96   _printf_char_common.o
        36          4          0          0          0         80   _printf_char_file.o
         6          0          0          0          0          0   _printf_d.o
       120         16          0          0          0         92   _printf_dec.o
        88          4         40          0          0         88   _printf_hex_int.o
       178          0          0          0          0         88   _printf_intcommon.o
        78          0          0          0          0        108   _printf_pad.o
         0          0          0          0          0          0   _printf_percent.o
         4          0          0          0          0          0   _printf_percent_end.o
         6          0          0          0          0          0   _printf_s.o
        82          0          0          0          0         80   _printf_str.o
         6          0          0          0          0          0   _printf_u.o
         6          0          0          0          0          0   _printf_x.o
        22          0          0          0          0        100   _rserrno.o
        10          0          0          0          0         68   _sputc.o
        18          0          0          0          0         80   exit.o
         8          0          0          0          0         68   ferror.o
         6          0          0          0          0        152   heapauxi.o
         2          0          0          0          0          0   libinit.o
         6          0          0          0          0          0   libinit2.o
         2          0          0          0          0          0   libshutdown.o
         2          0          0          0          0          0   libshutdown2.o
         8          4          0          0         96         68   libspace.o
       238          0          0          0          0        100   lludivv7m.o
        24          4          0          0          0         84   noretval__2printf.o
        40          6          0          0          0         84   noretval__2sprintf.o
         8          4          0          0          0         68   rt_errno_addr_intlibspace.o
        68          0          0          0          0         68   rt_memclr.o
        78          0          0          0          0         80   rt_memclr_w.o
       138          0          0          0          0         68   rt_memcpy_v6.o
       100          0          0          0          0         80   rt_memcpy_w.o
         2          0          0          0          0          0   rtexit.o
        10          0          0          0          0          0   rtexit2.o
       128          0          0          0          0         68   strcmpv7m.o
        62          0          0          0          0         76   strlen.o
       150          0          0          0          0         80   strncmp.o
        36          0          0          0          0         80   strstr.o
        74          0          0          0          0         80   sys_stackheap_outer.o
         2          0          0          0          0         68   use_no_semi.o
         2          0          0          0          0         68   use_no_semi_2.o
       826         16          0          0          0        492   daddsub_clz.o
        24          0          0          0          0        116   dcmpi.o
        90          4          0          0          0        140   dfixu.o
        84          0          0          0          0        232   dflt_clz.o
       120          4          0          0          0        140   dleqf.o
       340         12          0          0          0        152   dmul.o
       156          4          0          0          0        140   dnaninf.o
        12          0          0          0          0        116   dretinf.o
       108          0          0          0          0        128   drleqf.o
       408         56          0          0          0        168   dsqrt_umaal.o
        86          4          0          0          0        132   f2d.o
       140          4          0          0          0        132   fnaninf.o
        10          0          0          0          0        116   fpinit.o
         0          0          0          0          0          0   usenofp.o
       122          0          0          0          0        148   sqrt.o

    ----------------------------------------------------------------------
      5088        164         60          0         96       5008   Library Totals
         8          0          3          0          0          0   (incl. Padding)

    ----------------------------------------------------------------------

      Code (inc. data)   RO Data    RW Data    ZI Data      Debug   Library Name

      2554         60         57          0         96       2656   c_w.l
      2404        104          0          0          0       2204   fz_wm.l
       122          0          0          0          0        148   m_wm.l

    ----------------------------------------------------------------------
      5088        164         60          0         96       5008   Library Totals

    ----------------------------------------------------------------------

==============================================================================


      Code (inc. data)   RO Data    RW Data    ZI Data      Debug   

     87088       7042      19732        628   33753388     830426   Grand Totals
     87088       7042      19732        180   33753388     830426   ELF Image Totals (compressed)
     87088       7042      19732        180          0          0   ROM Totals

==============================================================================

    Total RO  Size (Code + RO Data)               106820 ( 104.32kB)
    Total RW  Size (RW Data + ZI Data)          33754016 (32962.91kB)
    Total ROM Size (Code + RO Data + RW Data)     107000 ( 104.49kB)

==============================================================================

