Component: ARM Compiler 5.06 update 5 (build 528) Tool: armlink [4d35e2]

==============================================================================

Section Cross References

    main.o(i.main) refers to stm32f4xx_hal.o(i.HAL_Init) for HAL_Init
    main.o(i.main) refers to sys.o(i.Stm32_Clock_Init) for Stm32_Clock_Init
    main.o(i.main) refers to delay.o(i.delay_init) for delay_init
    main.o(i.main) refers to usart.o(i.uart_init) for uart_init
    main.o(i.main) refers to led.o(i.LED_Init) for LED_Init
    main.o(i.main) refers to key.o(i.KEY_Init) for KEY_Init
    main.o(i.main) refers to sdram.o(i.SDRAM_Init) for SDRAM_Init
    main.o(i.main) refers to lcd.o(i.LCD_Init) for LCD_Init
    main.o(i.main) refers to pcf8574.o(i.PCF8574_Init) for PCF8574_Init
    main.o(i.main) refers to pcf8574.o(i.PCF8574_ReadBit) for PCF8574_ReadBit
    main.o(i.main) refers to dht11.o(i.DHT11_Init) for DHT11_Init
    main.o(i.main) refers to fontupd.o(i.font_init) for font_init
    main.o(i.main) refers to malloc.o(i.my_mem_init) for my_mem_init
    main.o(i.main) refers to exfuns.o(i.exfuns_init) for exfuns_init
    main.o(i.main) refers to w25qxx.o(i.W25QXX_Init) for W25QXX_Init
    main.o(i.main) refers to rtc.o(i.RTC_Init) for RTC_Init
    main.o(i.main) refers to esp8266.o(i.ESP8266_Init) for ESP8266_Init
    main.o(i.main) refers to ff.o(i.f_mount) for f_mount
    main.o(i.main) refers to easyui.o(i.UI_Init) for UI_Init
    main.o(i.main) refers to touch.o(.data) for tp_dev
    main.o(i.main) refers to lcd.o(.data) for POINT_COLOR
    main.o(i.main) refers to exfuns.o(.bss) for fs
    system_stm32f4xx.o(i.SystemCoreClockUpdate) refers to system_stm32f4xx.o(.data) for SystemCoreClock
    midware.o(i.Load_Drow_Dialog) refers to lcd.o(i.LCD_Clear) for LCD_Clear
    midware.o(i.Load_Drow_Dialog) refers to lcd.o(i.LCD_ShowString) for LCD_ShowString
    midware.o(i.Load_Drow_Dialog) refers to lcd.o(.data) for POINT_COLOR
    midware.o(i.Load_Drow_Dialog) refers to lcd.o(.bss) for lcddev
    midware.o(i.ctp_task) refers to midware.o(i.lcd_draw_bline) for lcd_draw_bline
    midware.o(i.ctp_task) refers to easyui.o(i.UI_TouchHandler) for UI_TouchHandler
    midware.o(i.ctp_task) refers to midware.o(i.Load_Drow_Dialog) for Load_Drow_Dialog
    midware.o(i.ctp_task) refers to esp8266.o(i.ESP8266_MQTT_LED_Process) for ESP8266_MQTT_LED_Process
    midware.o(i.ctp_task) refers to tasks.o(i.vTaskDelay) for vTaskDelay
    midware.o(i.ctp_task) refers to easyui.o(i.UI_DATA_Show) for UI_DATA_Show
    midware.o(i.ctp_task) refers to lcd.o(.bss) for lcddev
    midware.o(i.ctp_task) refers to touch.o(.data) for tp_dev
    midware.o(i.ctp_task) refers to midware.o(.constdata) for POINT_COLOR_TBL
    midware.o(i.gui_draw_hline) refers to lcd.o(i.LCD_Fill) for LCD_Fill
    midware.o(i.gui_draw_hline) refers to lcd.o(.bss) for lcddev
    midware.o(i.gui_fill_circle) refers to midware.o(i.gui_draw_hline) for gui_draw_hline
    midware.o(i.lcd_draw_bline) refers to midware.o(i.gui_fill_circle) for gui_fill_circle
    midware.o(i.main_demo) refers to tasks.o(i.xTaskCreate) for xTaskCreate
    midware.o(i.main_demo) refers to tasks.o(i.vTaskStartScheduler) for vTaskStartScheduler
    midware.o(i.main_demo) refers to midware.o(.data) for StartTask_Handler
    midware.o(i.main_demo) refers to midware.o(i.start_task) for start_task
    midware.o(i.start_task) refers to port.o(i.vPortEnterCritical) for vPortEnterCritical
    midware.o(i.start_task) refers to tasks.o(i.xTaskCreate) for xTaskCreate
    midware.o(i.start_task) refers to port.o(i.vPortExitCritical) for vPortExitCritical
    midware.o(i.start_task) refers to tasks.o(i.vTaskDelete) for vTaskDelete
    midware.o(i.start_task) refers to midware.o(.data) for CTPTask_Handler
    midware.o(i.start_task) refers to midware.o(i.ctp_task) for ctp_task
    midware.o(i.start_task) refers to midware.o(i.temp_led_task) for temp_led_task
    midware.o(i.temp_led_task) refers to _printf_percent.o(.ARM.Collect$$_printf_percent$$00000000) for _printf_percent
    midware.o(i.temp_led_task) refers to _printf_d.o(.ARM.Collect$$_printf_percent$$00000009) for _printf_d
    midware.o(i.temp_led_task) refers to _printf_dec.o(.text) for _printf_int_dec
    midware.o(i.temp_led_task) refers to dht11.o(i.DHT11_Read_Data) for DHT11_Read_Data
    midware.o(i.temp_led_task) refers to noretval__2printf.o(.text) for __2printf
    midware.o(i.temp_led_task) refers to tasks.o(i.vTaskDelay) for vTaskDelay
    startup_stm32f429xx.o(STACK) refers (Special) to heapauxi.o(.text) for __use_two_region_memory
    startup_stm32f429xx.o(HEAP) refers (Special) to heapauxi.o(.text) for __use_two_region_memory
    startup_stm32f429xx.o(RESET) refers (Special) to heapauxi.o(.text) for __use_two_region_memory
    startup_stm32f429xx.o(RESET) refers to startup_stm32f429xx.o(STACK) for __initial_sp
    startup_stm32f429xx.o(RESET) refers to startup_stm32f429xx.o(.text) for Reset_Handler
[...]
    OTT2001A_Scan                            0x0800b45d   Thumb Code   468  ott2001a.o(i.OTT2001A_Scan)
    OTT2001A_SensorControl                   0x0800b655   Thumb Code    28  ott2001a.o(i.OTT2001A_SensorControl)
    OTT2001A_WR_Reg                          0x0800b671   Thumb Code    92  ott2001a.o(i.OTT2001A_WR_Reg)
    PCF8574_Init                             0x0800b6cd   Thumb Code    98  pcf8574.o(i.PCF8574_Init)
    PCF8574_ReadBit                          0x0800b739   Thumb Code    26  pcf8574.o(i.PCF8574_ReadBit)
    PCF8574_ReadOneByte                      0x0800b753   Thumb Code    34  pcf8574.o(i.PCF8574_ReadOneByte)
    PCF8574_WriteOneByte                     0x0800b775   Thumb Code    40  pcf8574.o(i.PCF8574_WriteOneByte)
    RTC_Alarm_IRQHandler                     0x0800b79d   Thumb Code    10  rtc.o(i.RTC_Alarm_IRQHandler)
    RTC_Bcd2ToByte                           0x0800b7ad   Thumb Code    22  stm32f4xx_hal_rtc.o(i.RTC_Bcd2ToByte)
    RTC_ByteToBcd2                           0x0800b7c3   Thumb Code    26  stm32f4xx_hal_rtc.o(i.RTC_ByteToBcd2)
    RTC_EnterInitMode                        0x0800b7dd   Thumb Code    62  stm32f4xx_hal_rtc.o(i.RTC_EnterInitMode)
    RTC_Init                                 0x0800b81d   Thumb Code    96  rtc.o(i.RTC_Init)
    RTC_Set_AlarmA                           0x0800b885   Thumb Code    84  rtc.o(i.RTC_Set_AlarmA)
    RTC_Set_Date                             0x0800b8dd   Thumb Code    38  rtc.o(i.RTC_Set_Date)
    RTC_Set_Time                             0x0800b909   Thumb Code    48  rtc.o(i.RTC_Set_Time)
    RTC_Set_WakeUp                           0x0800b93d   Thumb Code    54  rtc.o(i.RTC_Set_WakeUp)
    RTC_WKUP_IRQHandler                      0x0800b979   Thumb Code    10  rtc.o(i.RTC_WKUP_IRQHandler)
    SDIO_DataConfig                          0x0800b989   Thumb Code    44  stm32f4xx_ll_sdmmc.o(i.SDIO_DataConfig)
    SDIO_GetCommandResponse                  0x0800b9b5   Thumb Code     8  stm32f4xx_ll_sdmmc.o(i.SDIO_GetCommandResponse)
    SDIO_GetPowerState                       0x0800b9bd   Thumb Code    10  stm32f4xx_ll_sdmmc.o(i.SDIO_GetPowerState)
    SDIO_GetResponse                         0x0800b9c9   Thumb Code    20  stm32f4xx_ll_sdmmc.o(i.SDIO_GetResponse)
    SDIO_Init                                0x0800b9e1   Thumb Code    52  stm32f4xx_ll_sdmmc.o(i.SDIO_Init)
    SDIO_PowerState_ON                       0x0800ba15   Thumb Code    10  stm32f4xx_ll_sdmmc.o(i.SDIO_PowerState_ON)
    SDIO_ReadFIFO                            0x0800ba1f   Thumb Code     8  stm32f4xx_ll_sdmmc.o(i.SDIO_ReadFIFO)
    SDIO_SendCommand                         0x0800ba27   Thumb Code    40  stm32f4xx_ll_sdmmc.o(i.SDIO_SendCommand)
    SDIO_WriteFIFO                           0x0800ba4f   Thumb Code    12  stm32f4xx_ll_sdmmc.o(i.SDIO_WriteFIFO)
    SDRAM_Init                               0x0800ba5d   Thumb Code    96  sdram.o(i.SDRAM_Init)
    SDRAM_Initialization_Sequence            0x0800bac5   Thumb Code    78  sdram.o(i.SDRAM_Initialization_Sequence)
    SDRAM_Send_Cmd                           0x0800bb19   Thumb Code    68  sdram.o(i.SDRAM_Send_Cmd)
    SD_Init                                  0x0800c015   Thumb Code    62  sdio_sdcard.o(i.SD_Init)
    SD_ReadDisk                              0x0800c495   Thumb Code   136  sdio_sdcard.o(i.SD_ReadDisk)
    SD_WriteDisk                             0x0800c689   Thumb Code   136  sdio_sdcard.o(i.SD_WriteDisk)
    SPI5_Init                                0x0800c719   Thumb Code    78  spi.o(i.SPI5_Init)
    SPI5_ReadWriteByte                       0x0800c771   Thumb Code    28  spi.o(i.SPI5_ReadWriteByte)
    SPI5_SetSpeed                            0x0800c791   Thumb Code    66  spi.o(i.SPI5_SetSpeed)
    Show_Font                                0x0800c8ed   Thumb Code   194  text.o(i.Show_Font)
    Show_Str                                 0x0800c9b9   Thumb Code   194  text.o(i.Show_Str)
    Show_Str_Mid                             0x0800ca7d   Thumb Code   106  text.o(i.Show_Str_Mid)
    Stm32_Clock_Init                         0x0800caed   Thumb Code   176  sys.o(i.Stm32_Clock_Init)
    SysTick_Handler                          0x0800cba5   Thumb Code    20  delay.o(i.SysTick_Handler)
    SystemInit                               0x0800cbb9   Thumb Code    82  system_stm32f4xx.o(i.SystemInit)
    TIM4_IRQHandler                          0x0800cc1d   Thumb Code    58  usmart.o(i.TIM4_IRQHandler)
    TIM_Base_SetConfig                       0x0800cc61   Thumb Code   184  stm32f4xx_hal_tim.o(i.TIM_Base_SetConfig)
    TP_Adj_Info_Show                         0x0800cd45   Thumb Code   374  touch.o(i.TP_Adj_Info_Show)
    TP_Adjust                                0x0800ceed   Thumb Code  2272  touch.o(i.TP_Adjust)
    TP_Drow_Touch_Point                      0x0800d7ed   Thumb Code   108  touch.o(i.TP_Drow_Touch_Point)
    TP_Get_Adjdata                           0x0800d85d   Thumb Code    68  touch.o(i.TP_Get_Adjdata)
    TP_Init                                  0x0800d8ad   Thumb Code   516  touch.o(i.TP_Init)
    TP_Read_AD                               0x0800dad9   Thumb Code   130  touch.o(i.TP_Read_AD)
    TP_Read_XOY                              0x0800db71   Thumb Code   120  touch.o(i.TP_Read_XOY)
    TP_Read_XY                               0x0800dbe9   Thumb Code    38  touch.o(i.TP_Read_XY)
    TP_Read_XY2                              0x0800dc19   Thumb Code   192  touch.o(i.TP_Read_XY2)
    TP_Save_Adjdata                          0x0800dcd9   Thumb Code    22  touch.o(i.TP_Save_Adjdata)
    TP_Scan                                  0x0800dcf5   Thumb Code   236  touch.o(i.TP_Scan)
    TP_Write_Byte                            0x0800dde9   Thumb Code    64  touch.o(i.TP_Write_Byte)
    Timer4_Init                              0x0800de35   Thumb Code    84  usmart.o(i.Timer4_Init)
    UI_Init                                  0x0800e311   Thumb Code    26  easyui.o(i.UI_Init)
    UI_Main                                  0x0800e331   Thumb Code   332  easyui.o(i.UI_Main)
    UI_Main_show                             0x0800e50d   Thumb Code   194  easyui.o(i.UI_Main_show)
    USART1_IRQHandler                        0x0800e5f1   Thumb Code    66  usart.o(i.USART1_IRQHandler)
    USART2_IRQHandler                        0x0800e641   Thumb Code    60  rs485.o(i.USART2_IRQHandler)
    USART3_IRQHandler                        0x0800e689   Thumb Code    62  esp8266.o(i.USART3_IRQHandler)
    UsageFault_Handler                       0x0800e6d5   Thumb Code     4  stm32f4xx_it.o(i.UsageFault_Handler)
    W25QXX_Erase_Sector                      0x0800e6d9   Thumb Code    78  w25qxx.o(i.W25QXX_Erase_Sector)
    W25QXX_Init                              0x0800e731   Thumb Code   132  w25qxx.o(i.W25QXX_Init)
    W25QXX_Read                              0x0800e7c9   Thumb Code    92  w25qxx.o(i.W25QXX_Read)
    W25QXX_ReadID                            0x0800e82d   Thumb Code    64  w25qxx.o(i.W25QXX_ReadID)
    W25QXX_ReadSR                            0x0800e875   Thumb Code    72  w25qxx.o(i.W25QXX_ReadSR)
    W25QXX_Wait_Busy                         0x0800e8c5   Thumb Code    20  w25qxx.o(i.W25QXX_Wait_Busy)
    W25QXX_Write                             0x0800e8d9   Thumb Code   180  w25qxx.o(i.W25QXX_Write)
    W25QXX_Write_Enable                      0x0800e991   Thumb Code    24  w25qxx.o(i.W25QXX_Write_Enable)
    W25QXX_Write_NoCheck                     0x0800e9b1   Thumb Code    70  w25qxx.o(i.W25QXX_Write_NoCheck)
    W25QXX_Write_Page                        0x0800e9f9   Thumb Code    98  w25qxx.o(i.W25QXX_Write_Page)
    __hardfp_sqrt                            0x0800ea65   Thumb Code   122  sqrt.o(i.__hardfp_sqrt)
    _is_digit                                0x0800eadf   Thumb Code    14  __printf_wp.o(i._is_digit)
    _sys_exit                                0x0800eaed   Thumb Code     4  usart.o(i._sys_exit)
    delay_init                               0x0800eb91   Thumb Code    52  delay.o(i.delay_init)
    delay_ms                                 0x0800ebc9   Thumb Code    24  delay.o(i.delay_ms)
    delay_us                                 0x0800ebe1   Thumb Code    68  delay.o(i.delay_us)
    disk_initialize                          0x0800ec29   Thumb Code    56  diskio.o(i.disk_initialize)
    disk_read                                0x0800ec61   Thumb Code   144  diskio.o(i.disk_read)
    disk_status                              0x0800ecf1   Thumb Code     6  diskio.o(i.disk_status)
    disk_write                               0x0800ecf7   Thumb Code   144  diskio.o(i.disk_write)
    exfuns_init                              0x0800ed89   Thumb Code   114  exfuns.o(i.exfuns_init)
    f_mount                                  0x0800ee0d   Thumb Code    86  ff.o(i.f_mount)
    font_init                                0x0800f2c1   Thumb Code    64  fontupd.o(i.font_init)
    fputc                                    0x0800f305   Thumb Code    22  usart.o(i.fputc)
    main                                     0x0800f3f1   Thumb Code   150  main.o(i.main)
    my_mem_free                              0x0800f4f5   Thumb Code    96  malloc.o(i.my_mem_free)
    my_mem_init                              0x0800f561   Thumb Code    34  malloc.o(i.my_mem_init)
    my_mem_malloc                            0x0800f58d   Thumb Code   156  malloc.o(i.my_mem_malloc)
    my_mem_perused                           0x0800f635   Thumb Code    56  malloc.o(i.my_mem_perused)
    myfree                                   0x0800f675   Thumb Code    30  malloc.o(i.myfree)
    mymalloc                                 0x0800f699   Thumb Code    34  malloc.o(i.mymalloc)
    mymemset                                 0x0800f6c1   Thumb Code    20  malloc.o(i.mymemset)
    read_addr                                0x0800f709   Thumb Code     6  usmart.o(i.read_addr)
    uart_init                                0x0800f761   Thumb Code    44  usart.o(i.uart_init)
    usmart_cmd_rec                           0x0800f799   Thumb Code   170  usmart.o(i.usmart_cmd_rec)
    usmart_exe                               0x0800f849   Thumb Code   632  usmart.o(i.usmart_exe)
    usmart_get_aparm                         0x0800fb1d   Thumb Code   200  usmart_str.o(i.usmart_get_aparm)
    usmart_get_cmdname                       0x0800fbe5   Thumb Code    54  usmart_str.o(i.usmart_get_cmdname)
    usmart_get_fname                         0x0800fc1d   Thumb Code   440  usmart_str.o(i.usmart_get_fname)
    usmart_get_fparam                        0x0800fddd   Thumb Code   262  usmart_str.o(i.usmart_get_fparam)
    usmart_get_parmpos                       0x0800fee9   Thumb Code    26  usmart_str.o(i.usmart_get_parmpos)
    usmart_get_runtime                       0x0800ff09   Thumb Code    58  usmart.o(i.usmart_get_runtime)
    usmart_init                              0x0800ff4d   Thumb Code    36  usmart.o(i.usmart_init)
    usmart_pow                               0x0800ff75   Thumb Code    22  usmart_str.o(i.usmart_pow)
    usmart_reset_runtime                     0x0800ff8d   Thumb Code    44  usmart.o(i.usmart_reset_runtime)
    usmart_scan                              0x0800ffc1   Thumb Code   120  usmart.o(i.usmart_scan)
    usmart_search_nextc                      0x0801007d   Thumb Code    22  usmart_str.o(i.usmart_search_nextc)
    usmart_str2num                           0x08010093   Thumb Code   202  usmart_str.o(i.usmart_str2num)
    usmart_strcmp                            0x0801015d   Thumb Code    34  usmart_str.o(i.usmart_strcmp)
    usmart_strcopy                           0x0801017f   Thumb Code    22  usmart_str.o(i.usmart_strcopy)
    usmart_strlen                            0x08010195   Thumb Code    24  usmart_str.o(i.usmart_strlen)
    usmart_sys_cmd_exe                       0x080101ad   Thumb Code  1570  usmart.o(i.usmart_sys_cmd_exe)
    uxListRemove                             0x080108a1   Thumb Code    40  list.o(i.uxListRemove)
    vListInsertEnd                           0x080108c9   Thumb Code    24  list.o(i.vListInsertEnd)
    vTaskSwitchContext                       0x080108e1   Thumb Code   110  tasks.o(i.vTaskSwitchContext)
    write_addr                               0x08010995   Thumb Code     4  usmart.o(i.write_addr)
    xPortSysTickHandler                      0x08010999   Thumb Code    46  port.o(i.xPortSysTickHandler)
    xTaskGetSchedulerState                   0x080109cd   Thumb Code    24  tasks.o(i.xTaskGetSchedulerState)
    xTaskIncrementTick                       0x080109ed   Thumb Code   272  tasks.o(i.xTaskIncrementTick)
    __aeabi_dadd                             0x08010b59   Thumb Code     0  daddsub_clz.o(x$fpl$dadd)
    _dadd                                    0x08010b59   Thumb Code   332  daddsub_clz.o(x$fpl$dadd)
    __fpl_dcmp_Inf                           0x08010ca9   Thumb Code    24  dcmpi.o(x$fpl$dcmpinf)
    __aeabi_d2uiz                            0x08010cc1   Thumb Code     0  dfixu.o(x$fpl$dfixu)
    _dfixu                                   0x08010cc1   Thumb Code    90  dfixu.o(x$fpl$dfixu)
    __aeabi_i2d                              0x08010d1b   Thumb Code     0  dflt_clz.o(x$fpl$dflt)
    _dflt                                    0x08010d1b   Thumb Code    46  dflt_clz.o(x$fpl$dflt)
    __aeabi_ui2d                             0x08010d49   Thumb Code     0  dflt_clz.o(x$fpl$dfltu)
    _dfltu                                   0x08010d49   Thumb Code    38  dflt_clz.o(x$fpl$dfltu)
    __aeabi_cdcmple                          0x08010d71   Thumb Code     0  dleqf.o(x$fpl$dleqf)
    _dcmple                                  0x08010d71   Thumb Code   120  dleqf.o(x$fpl$dleqf)
    __fpl_dcmple_InfNaN                      0x08010dd3   Thumb Code     0  dleqf.o(x$fpl$dleqf)
    __aeabi_dmul                             0x08010de9   Thumb Code     0  dmul.o(x$fpl$dmul)
    _dmul                                    0x08010de9   Thumb Code   332  dmul.o(x$fpl$dmul)
    __fpl_dnaninf                            0x08010f3d   Thumb Code   156  dnaninf.o(x$fpl$dnaninf)
    __fpl_dretinf                            0x08010fd9   Thumb Code    12  dretinf.o(x$fpl$dretinf)
    __aeabi_cdrcmple                         0x08010fe5   Thumb Code     0  drleqf.o(x$fpl$drleqf)
    _drcmple                                 0x08010fe5   Thumb Code   108  drleqf.o(x$fpl$drleqf)
    __aeabi_drsub                            0x08011051   Thumb Code     0  daddsub_clz.o(x$fpl$drsb)
    _drsb                                    0x08011051   Thumb Code    22  daddsub_clz.o(x$fpl$drsb)
    _dsqrt                                   0x08011069   Thumb Code   404  dsqrt_umaal.o(x$fpl$dsqrt)
    __aeabi_dsub                             0x08011201   Thumb Code     0  daddsub_clz.o(x$fpl$dsub)
    _dsub                                    0x08011201   Thumb Code   464  daddsub_clz.o(x$fpl$dsub)
    __aeabi_f2d                              0x080113d5   Thumb Code     0  f2d.o(x$fpl$f2d)
    _f2d                                     0x080113d5   Thumb Code    86  f2d.o(x$fpl$f2d)
    __fpl_fnaninf                            0x0801142b   Thumb Code   140  fnaninf.o(x$fpl$fnaninf)
    _fp_init                                 0x080114b7   Thumb Code    10  fpinit.o(x$fpl$fpinit)
    __fplib_config_fpu_vfp                   0x080114bf   Thumb Code     0  fpinit.o(x$fpl$fpinit)
    __fplib_config_pureend_doubles           0x080114bf   Thumb Code     0  fpinit.o(x$fpl$fpinit)
    APBAHBPrescTable                         0x080114c0   Data          16  stm32f4xx_hal_rcc.o(.constdata)
    __I$use$fp                               0x080114c0   Number         0  usenofp.o(x$fpl$usenofp)
    asc2_1206                                0x080114d0   Data        1140  lcd.o(.constdata)
    asc2_1608                                0x08011944   Data        1520  lcd.o(.constdata)
    asc2_2412                                0x08011f34   Data        3420  lcd.o(.constdata)
    asc2_3216                                0x08012c90   Data       12160  lcd.o(.constdata)
    FT5206_TPX_TBL                           0x08015c10   Data          10  ft5206.o(.constdata)
    GT911_TPX_TBL                            0x08015c1a   Data          10  ft5206.o(.constdata)
    TP_REMIND_MSG_TBL                        0x08015c24   Data           4  touch.o(.constdata)
    GT9147_CFG_TBL                           0x08015c28   Data         184  gt9147.o(.constdata)
    GT9147_TPX_TBL                           0x08015ce0   Data          10  gt9147.o(.constdata)
    GT9271_CFG_TBL                           0x08015cea   Data         186  gt9271.o(.constdata)
    GT9271_TPX_TBL                           0x08015da4   Data          20  gt9271.o(.constdata)
    OTT_TPX_TBL                              0x08015db8   Data          10  ott2001a.o(.constdata)
    memtblsize                               0x08015dc4   Data          12  malloc.o(.constdata)
    memblksize                               0x08015dd0   Data          12  malloc.o(.constdata)
    memsize                                  0x08015ddc   Data          12  malloc.o(.constdata)
    Region$$Table$$Base                      0x08015ff4   Number         0  anon$$obj.o(Region$$Table)
    Region$$Table$$Limit                     0x08016014   Number         0  anon$$obj.o(Region$$Table)
    mem3base                                 0x10000000   Data       61440  malloc.o(.ARM.__AT_0x10000000)
    mem3mapbase                              0x1000f000   Data        3840  malloc.o(.ARM.__AT_0x1000F000)
    SystemCoreClock                          0x20000000   Data           4  system_stm32f4xx.o(.data)
    AHBPrescTable                            0x20000004   Data          16  system_stm32f4xx.o(.data)
    __stdout                                 0x2000001c   Data           4  usart.o(.data)
    USART_RX_STA                             0x20000020   Data           2  usart.o(.data)
    aRxBuffer                                0x20000022   Data           1  usart.o(.data)
    RS485_RX_CNT                             0x20000023   Data           1  rs485.o(.data)
    POINT_COLOR                              0x20000034   Data           4  lcd.o(.data)
    BACK_COLOR                               0x20000038   Data           4  lcd.o(.data)
    g_curX                                   0x2000003c   Data           2  lcd.o(.data)
    g_curY                                   0x2000003e   Data           2  lcd.o(.data)
    CIP                                      0x20000044   Data           5  ft5206.o(.data)
    g_gt_tnum                                0x20000049   Data           1  ft5206.o(.data)
    tp_dev                                   0x2000004c   Data          72  touch.o(.data)
    CMD_RDX                                  0x20000094   Data           1  touch.o(.data)
    CMD_RDY                                  0x20000095   Data           1  touch.o(.data)
    ltdc_framebuf                            0x20000098   Data           8  ltdc.o(.data)
    W25QXX_TYPE                              0x200000a8   Data           2  w25qxx.o(.data)
    ESP8266_RX_CNT                           0x200000aa   Data           2  esp8266.o(.data)
    file                                     0x200000ac   Data           4  exfuns.o(.data)
    ftemp                                    0x200000b0   Data           4  exfuns.o(.data)
    br                                       0x200000b4   Data           4  exfuns.o(.data)
    bw                                       0x200000b8   Data           4  exfuns.o(.data)
    fatbuf                                   0x200000bc   Data           4  exfuns.o(.data)
    mallco_dev                               0x200000c4   Data          36  malloc.o(.data)
    sys_cmd_tab                              0x200000e8   Data          28  usmart.o(.data)
    usmart_nametab                           0x20000104   Data          64  usmart_config.o(.data)
    usmart_dev                               0x20000144   Data         244  usmart_config.o(.data)
    pxCurrentTCB                             0x20000238   Data           4  tasks.o(.data)
    USART_RX_BUF                             0x20000274   Data         200  usart.o(.bss)
    UART1_Handler                            0x2000033c   Data          64  usart.o(.bss)
    USART2_RS485Handler                      0x2000037c   Data          64  rs485.o(.bss)
    RS485_RX_BUF                             0x200003bc   Data          64  rs485.o(.bss)
    SRAM_Handler                             0x200003fc   Data          80  lcd.o(.bss)
    lcddev                                   0x2000044c   Data          14  lcd.o(.bss)
    LTDC_Handler                             0x2000045c   Data         168  ltdc.o(.bss)
    DMA2D_Handler                            0x20000504   Data          64  ltdc.o(.bss)
    lcdltdc                                  0x20000544   Data          32  ltdc.o(.bss)
    SDRAM_Handler                            0x20000564   Data          52  sdram.o(.bss)
    NAND_Handler                             0x20000598   Data          56  nand.o(.bss)
    nand_dev                                 0x200005d0   Data          92  nand.o(.bss)
    SDCARD_Handler                           0x20000630   Data          96  sdio_sdcard.o(.bss)
    SDCardInfo                               0x20000690   Data          88  sdio_sdcard.o(.bss)
    SDTxDMAHandler                           0x200006e8   Data          88  sdio_sdcard.o(.bss)
    SDRxDMAHandler                           0x20000740   Data          88  sdio_sdcard.o(.bss)
    SDIO_DATA_BUFFER                         0x20000798   Data         512  sdio_sdcard.o(.bss)
    W25QXX_BUFFER                            0x20000998   Data        4096  w25qxx.o(.bss)
    SPI5_Handler                             0x20001998   Data          88  spi.o(.bss)
    RTC_Handler                              0x200019f0   Data          32  rtc.o(.bss)
    ESP8266_UART_Handler                     0x20001a10   Data          64  esp8266.o(.bss)
    ESP8266_RX_BUF                           0x20001a50   Data         512  esp8266.o(.bss)
    ftinfo                                   0x20001c50   Data          41  fontupd.o(.bss)
    fs                                       0x20001c80   Data          12  exfuns.o(.bss)
    fileinfo                                 0x20001c90   Data         288  exfuns.o(.bss)
    dir                                      0x20001db0   Data          72  exfuns.o(.bss)
    mem1base                                 0x20001e20   Data       163840  malloc.o(.bss)
    mem1mapbase                              0x20029e20   Data       10240  malloc.o(.bss)
    TIM4_Handler                             0x2002c620   Data          60  usmart.o(.bss)
    __libspace_start                         0x2002c940   Data          96  libspace.o(.bss)
    __temporary_stack_top$libspace           0x2002c9a0   Data           0  libspace.o(.bss)
    ltdc_lcd_framebuf                        0xc0000000   Data       2048000  ltdc.o(.ARM.__AT_0xC0000000)
    mem2base                                 0xc01f4000   Data       29605888  malloc.o(.ARM.__AT_0xC01F4000)
    mem2mapbase                              0xc1e30000   Data       1850368  malloc.o(.ARM.__AT_0xC1E30000)



==============================================================================

Memory Map of the image

  Image Entry point : 0x080001ad

  Load Region LR_IROM1 (Base: 0x08000000, Size: 0x00016288, Max: 0x00100000, ABSOLUTE, COMPRESSED[0x000160c8])

    Execution Region ER_IROM1 (Exec base: 0x08000000, Load base: 0x08000000, Size: 0x00016014, Max: 0x00100000, ABSOLUTE)

    Exec Addr    Load Addr    Size         Type   Attr      Idx    E Section Name        Object

    0x08000000   0x08000000   0x000001ac   Data   RO          664    RESET               startup_stm32f429xx.o
    0x080001ac   0x080001ac   0x00000008   Code   RO        10275  * !!!main             c_w.l(__main.o)
    0x080001b4   0x080001b4   0x00000034   Code   RO        10525    !!!scatter          c_w.l(__scatter.o)
    0x080001e8   0x080001e8   0x0000005a   Code   RO        10523    !!dczerorl2         c_w.l(__dczerorl2.o)
    0x08000242   0x08000242   0x00000002   PAD
    0x08000244   0x08000244   0x0000001c   Code   RO        10527    !!handler_zi        c_w.l(__scatter_zi.o)
    0x08000260   0x08000260   0x00000000   Code   RO        10250    .ARM.Collect$$_printf_percent$$00000000  c_w.l(_printf_percent.o)
    0x08000260   0x08000260   0x00000006   Code   RO        10248    .ARM.Collect$$_printf_percent$$00000009  c_w.l(_printf_d.o)
    0x08000266   0x08000266   0x00000006   Code   RO        10249    .ARM.Collect$$_printf_percent$$0000000A  c_w.l(_printf_u.o)
    0x0800026c   0x0800026c   0x00000006   Code   RO        10247    .ARM.Collect$$_printf_percent$$0000000C  c_w.l(_printf_x.o)
    0x08000272   0x08000272   0x00000006   Code   RO        10245    .ARM.Collect$$_printf_percent$$00000013  c_w.l(_printf_c.o)
    0x08000278   0x08000278   0x00000006   Code   RO        10246    .ARM.Collect$$_printf_percent$$00000014  c_w.l(_printf_s.o)
    0x0800027e   0x0800027e   0x00000004   Code   RO        10344    .ARM.Collect$$_printf_percent$$00000017  c_w.l(_printf_percent_end.o)
    0x08000282   0x08000282   0x00000002   Code   RO        10400    .ARM.Collect$$libinit$$00000000  c_w.l(libinit.o)
    0x08000284   0x08000284   0x00000004   Code   RO        10409    .ARM.Collect$$libinit$$00000001  c_w.l(libinit2.o)
    0x08000288   0x08000288   0x00000000   Code   RO        10412    .ARM.Collect$$libinit$$00000004  c_w.l(libinit2.o)
    0x08000288   0x08000288   0x00000000   Code   RO        10415    .ARM.Collect$$libinit$$0000000A  c_w.l(libinit2.o)
    0x08000288   0x08000288   0x00000000   Code   RO        10417    .ARM.Collect$$libinit$$0000000C  c_w.l(libinit2.o)
    0x08000288   0x08000288   0x00000000   Code   RO        10419    .ARM.Collect$$libinit$$0000000E  c_w.l(libinit2.o)
    0x08000288   0x08000288   0x00000000   Code   RO        10422    .ARM.Collect$$libinit$$00000011  c_w.l(libinit2.o)
    0x08000288   0x08000288   0x00000000   Code   RO        10424    .ARM.Collect$$libinit$$00000013  c_w.l(libinit2.o)
    0x08000288   0x08000288   0x00000000   Code   RO        10426    .ARM.Collect$$libinit$$00000015  c_w.l(libinit2.o)
    0x08000288   0x08000288   0x00000000   Code   RO        10428    .ARM.Collect$$libinit$$00000017  c_w.l(libinit2.o)
    0x08000288   0x08000288   0x00000000   Code   RO        10430    .ARM.Collect$$libinit$$00000019  c_w.l(libinit2.o)
    0x08000288   0x08000288   0x00000000   Code   RO        10432    .ARM.Collect$$libinit$$0000001B  c_w.l(libinit2.o)
    0x08000288   0x08000288   0x00000000   Code   RO        10434    .ARM.Collect$$libinit$$0000001D  c_w.l(libinit2.o)
    0x08000288   0x08000288   0x00000000   Code   RO        10436    .ARM.Collect$$libinit$$0000001F  c_w.l(libinit2.o)
    0x08000288   0x08000288   0x00000000   Code   RO        10438    .ARM.Collect$$libinit$$00000021  c_w.l(libinit2.o)
    0x08000288   0x08000288   0x00000000   Code   RO        10440    .ARM.Collect$$libinit$$00000023  c_w.l(libinit2.o)
    0x08000288   0x08000288   0x00000000   Code   RO        10442    .ARM.Collect$$libinit$$00000025  c_w.l(libinit2.o)
    0x08000288   0x08000288   0x00000000   Code   RO        10446    .ARM.Collect$$libinit$$0000002C  c_w.l(libinit2.o)
    0x08000288   0x08000288   0x00000000   Code   RO        10448    .ARM.Collect$$libinit$$0000002E  c_w.l(libinit2.o)
    0x08000288   0x08000288   0x00000000   Code   RO        10450    .ARM.Collect$$libinit$$00000030  c_w.l(libinit2.o)
    0x08000288   0x08000288   0x00000000   Code   RO        10452    .ARM.Collect$$libinit$$00000032  c_w.l(libinit2.o)
    0x08000288   0x08000288   0x00000002   Code   RO        10453    .ARM.Collect$$libinit$$00000033  c_w.l(libinit2.o)
    0x0800028a   0x0800028a   0x00000002   Code   RO        10479    .ARM.Collect$$libshutdown$$00000000  c_w.l(libshutdown.o)
    0x0800028c   0x0800028c   0x00000000   Code   RO        10506    .ARM.Collect$$libshutdown$$00000002  c_w.l(libshutdown2.o)
    0x0800028c   0x0800028c   0x00000000   Code   RO        10508    .ARM.Collect$$libshutdown$$00000004  c_w.l(libshutdown2.o)
    0x0800028c   0x0800028c   0x00000000   Code   RO        10511    .ARM.Collect$$libshutdown$$00000007  c_w.l(libshutdown2.o)
    0x0800028c   0x0800028c   0x00000000   Code   RO        10514    .ARM.Collect$$libshutdown$$0000000A  c_w.l(libshutdown2.o)
    0x0800028c   0x0800028c   0x00000000   Code   RO        10516    .ARM.Collect$$libshutdown$$0000000C  c_w.l(libshutdown2.o)
    0x0800028c   0x0800028c   0x00000000   Code   RO        10519    .ARM.Collect$$libshutdown$$0000000F  c_w.l(libshutdown2.o)
    0x0800028c   0x0800028c   0x00000002   Code   RO        10520    .ARM.Collect$$libshutdown$$00000010  c_w.l(libshutdown2.o)
    0x0800028e   0x0800028e   0x00000000   Code   RO        10327    .ARM.Collect$$rtentry$$00000000  c_w.l(__rtentry.o)
    0x0800028e   0x0800028e   0x00000000   Code   RO        10357    .ARM.Collect$$rtentry$$00000002  c_w.l(__rtentry2.o)
    0x0800028e   0x0800028e   0x00000006   Code   RO        10369    .ARM.Collect$$rtentry$$00000004  c_w.l(__rtentry4.o)
    0x08000294   0x08000294   0x00000000   Code   RO        10359    .ARM.Collect$$rtentry$$00000009  c_w.l(__rtentry2.o)
    0x08000294   0x08000294   0x00000004   Code   RO        10360    .ARM.Collect$$rtentry$$0000000A  c_w.l(__rtentry2.o)
    0x08000298   0x08000298   0x00000000   Code   RO        10362    .ARM.Collect$$rtentry$$0000000C  c_w.l(__rtentry2.o)
    0x08000298   0x08000298   0x00000008   Code   RO        10363    .ARM.Collect$$rtentry$$0000000D  c_w.l(__rtentry2.o)
    0x080002a0   0x080002a0   0x00000002   Code   RO        10401    .ARM.Collect$$rtexit$$00000000  c_w.l(rtexit.o)
    0x080002a2   0x080002a2   0x00000000   Code   RO        10455    .ARM.Collect$$rtexit$$00000002  c_w.l(rtexit2.o)
    0x080002a2   0x080002a2   0x00000004   Code   RO        10456    .ARM.Collect$$rtexit$$00000003  c_w.l(rtexit2.o)
    0x080002a6   0x080002a6   0x00000006   Code   RO        10457    .ARM.Collect$$rtexit$$00000004  c_w.l(rtexit2.o)
    0x080002ac   0x080002ac   0x00000010   Code   RO         5813    .emb_text           sys.o
    0x080002bc   0x080002bc   0x000000b6   Code   RO         9141    .emb_text           port.o
    0x08000372   0x08000372   0x00000002   PAD
    0x08000374   0x08000374   0x00000040   Code   RO          665    .text               startup_stm32f429xx.o
    0x080003b4   0x080003b4   0x00000002   Code   RO        10184    .text               c_w.l(use_no_semi_2.o)
    0x080003b6   0x080003b6   0x000000ee   Code   RO        10186    .text               c_w.l(lludivv7m.o)
    0x080004a4   0x080004a4   0x00000018   Code   RO        10192    .text               c_w.l(noretval__2printf.o)
    0x080004bc   0x080004bc   0x00000028   Code   RO        10194    .text               c_w.l(noretval__2sprintf.o)
    0x080004e4   0x080004e4   0x0000004e   Code   RO        10198    .text               c_w.l(_printf_pad.o)
    0x08000532   0x08000532   0x00000052   Code   RO        10200    .text               c_w.l(_printf_str.o)
    0x08000584   0x08000584   0x00000078   Code   RO        10202    .text               c_w.l(_printf_dec.o)
    0x080005fc   0x080005fc   0x00000058   Code   RO        10207    .text               c_w.l(_printf_hex_int.o)
    0x08000654   0x08000654   0x00000188   Code   RO        10242    .text               c_w.l(__printf_flags_ss_wp.o)
    0x080007dc   0x080007dc   0x0000003e   Code   RO        10255    .text               c_w.l(strlen.o)
    0x0800081a   0x0800081a   0x0000008a   Code   RO        10261    .text               c_w.l(rt_memcpy_v6.o)
    0x080008a4   0x080008a4   0x00000064   Code   RO        10263    .text               c_w.l(rt_memcpy_w.o)
    0x08000908   0x08000908   0x00000044   Code   RO        10267    .text               c_w.l(rt_memclr.o)
    0x0800094c   0x0800094c   0x0000004e   Code   RO        10269    .text               c_w.l(rt_memclr_w.o)
    0x0800099a   0x0800099a   0x00000002   PAD
    0x0800099c   0x0800099c   0x00000080   Code   RO        10271    .text               c_w.l(strcmpv7m.o)
    0x08000a1c   0x08000a1c   0x00000006   Code   RO        10273    .text               c_w.l(heapauxi.o)
    0x08000a22   0x08000a22   0x00000002   Code   RO        10325    .text               c_w.l(use_no_semi.o)
    0x08000a24   0x08000a24   0x00000016   Code   RO        10332    .text               c_w.l(_rserrno.o)
    0x08000a3a   0x08000a3a   0x000000b2   Code   RO        10334    .text               c_w.l(_printf_intcommon.o)
    0x08000aec   0x08000aec   0x00000030   Code   RO        10336    .text               c_w.l(_printf_char_common.o)
    0x08000b1c   0x08000b1c   0x0000000a   Code   RO        10338    .text               c_w.l(_sputc.o)
    0x08000b26   0x08000b26   0x0000002c   Code   RO        10340    .text               c_w.l(_printf_char.o)
    0x08000b52   0x08000b52   0x00000002   PAD
    0x08000b54   0x08000b54   0x00000024   Code   RO        10342    .text               c_w.l(_printf_char_file.o)
    0x08000b78   0x08000b78   0x00000008   Code   RO        10376    .text               c_w.l(rt_errno_addr_intlibspace.o)
    0x08000b80   0x08000b80   0x00000008   Code   RO        10380    .text               c_w.l(ferror.o)
    0x08000b88   0x08000b88   0x00000008   Code   RO        10384    .text               c_w.l(libspace.o)
    0x08000b90   0x08000b90   0x0000004a   Code   RO        10387    .text               c_w.l(sys_stackheap_outer.o)
    0x08000bda   0x08000bda   0x00000012   Code   RO        10389    .text               c_w.l(exit.o)
    0x08000bec   0x08000bec   0x00000008   Code   RO         7129    i.AT24CXX_Init      24cxx.o
    0x08000bf4   0x08000bf4   0x00000022   Code   RO         7130    i.AT24CXX_Read      24cxx.o
    0x08000c16   0x08000c16   0x00000058   Code   RO         7132    i.AT24CXX_ReadOneByte  24cxx.o
    0x08000c6e   0x08000c6e   0x00000024   Code   RO         7133    i.AT24CXX_Write     24cxx.o
    0x08000c92   0x08000c92   0x00000050   Code   RO         7135    i.AT24CXX_WriteOneByte  24cxx.o
    0x08000ce2   0x08000ce2   0x00000004   Code   RO          387    i.BusFault_Handler  stm32f4xx_it.o
    0x08000ce6   0x08000ce6   0x0000000a   Code   RO         6784    i.CT_Delay          ctiic.o
    0x08000cf0   0x08000cf0   0x00000040   Code   RO         6785    i.CT_IIC_Ack        ctiic.o
    0x08000d30   0x08000d30   0x0000008c   Code   RO         6786    i.CT_IIC_Init       ctiic.o
    0x08000dbc   0x08000dbc   0x00000030   Code   RO         6787    i.CT_IIC_NAck       ctiic.o
    0x08000dec   0x08000dec   0x00000050   Code   RO         6788    i.CT_IIC_Read_Byte  ctiic.o
    0x08000e3c   0x08000e3c   0x00000044   Code   RO         6789    i.CT_IIC_Send_Byte  ctiic.o
    0x08000e80   0x08000e80   0x00000034   Code   RO         6790    i.CT_IIC_Start      ctiic.o
    0x08000eb4   0x08000eb4   0x0000002c   Code   RO         6791    i.CT_IIC_Stop       ctiic.o
    0x08000ee0   0x08000ee0   0x00000058   Code   RO         6792    i.CT_IIC_Wait_Ack   ctiic.o
    0x08000f38   0x08000f38   0x00000060   Code   RO         5937    i.DHT11_Check       dht11.o
    0x08000f98   0x08000f98   0x00000050   Code   RO         5938    i.DHT11_Init        dht11.o
    0x08000fe8   0x08000fe8   0x0000004c   Code   RO         5939    i.DHT11_Read_Bit    dht11.o
    0x08001034   0x08001034   0x0000001e   Code   RO         5940    i.DHT11_Read_Byte   dht11.o
    0x08001052   0x08001052   0x0000005e   Code   RO         5941    i.DHT11_Read_Data   dht11.o
    0x080010b0   0x080010b0   0x00000040   Code   RO         5942    i.DHT11_Rst         dht11.o
    0x080010f0   0x080010f0   0x00000002   Code   RO          388    i.DebugMon_Handler  stm32f4xx_it.o
    0x080010f2   0x080010f2   0x00000002   PAD
    0x080010f4   0x080010f4   0x000000c8   Code   RO         8009    i.ESP8266_Init      esp8266.o
    0x080011bc   0x080011bc   0x00000036   Code   RO         4727    i.FMC_NAND_AttributeSpace_Timing_Init  stm32f4xx_ll_fmc.o
    0x080011f2   0x080011f2   0x00000036   Code   RO         4728    i.FMC_NAND_CommonSpace_Timing_Init  stm32f4xx_ll_fmc.o
    0x08001228   0x08001228   0x0000004c   Code   RO         4733    i.FMC_NAND_Init     stm32f4xx_ll_fmc.o
    0x08001274   0x08001274   0x00000048   Code   RO         4735    i.FMC_NORSRAM_Extended_Timing_Init  stm32f4xx_ll_fmc.o
    0x080012bc   0x080012bc   0x00000080   Code   RO         4736    i.FMC_NORSRAM_Init  stm32f4xx_ll_fmc.o
    0x0800133c   0x0800133c   0x0000005e   Code   RO         4737    i.FMC_NORSRAM_Timing_Init  stm32f4xx_ll_fmc.o
    0x0800139a   0x0800139a   0x00000074   Code   RO         4747    i.FMC_SDRAM_Init    stm32f4xx_ll_fmc.o
    0x0800140e   0x0800140e   0x0000000e   Code   RO         4748    i.FMC_SDRAM_ProgramRefreshRate  stm32f4xx_ll_fmc.o
    0x0800141c   0x0800141c   0x00000052   Code   RO         4749    i.FMC_SDRAM_SendCommand  stm32f4xx_ll_fmc.o
    0x0800146e   0x0800146e   0x00000098   Code   RO         4751    i.FMC_SDRAM_Timing_Init  stm32f4xx_ll_fmc.o
    0x08001506   0x08001506   0x00000002   PAD
    0x08001508   0x08001508   0x00000194   Code   RO         6859    i.FT5206_Init       ft5206.o
    0x0800169c   0x0800169c   0x00000058   Code   RO         6860    i.FT5206_RD_Reg     ft5206.o
    0x080016f4   0x080016f4   0x00000368   Code   RO         6861    i.FT5206_Scan       ft5206.o
    0x08001a5c   0x08001a5c   0x00000052   Code   RO         6862    i.FT5206_WR_Reg     ft5206.o
    0x08001aae   0x08001aae   0x00000002   PAD
    0x08001ab0   0x08001ab0   0x00000034   Code   RO         7410    i.FTL_BadBlockMark  ftl.o
    0x08001ae4   0x08001ae4   0x0000010c   Code   RO         7411    i.FTL_BlockCompare  ftl.o
    0x08001bf0   0x08001bf0   0x0000004c   Code   RO         7412    i.FTL_CheckBadBlock  ftl.o
    0x08001c3c   0x08001c3c   0x0000010c   Code   RO         7413    i.FTL_CopyAndWriteToBlock  ftl.o
    0x08001d48   0x08001d48   0x000000ec   Code   RO         7414    i.FTL_CreateLUT     ftl.o
    0x08001e34   0x08001e34   0x00000070   Code   RO         7415    i.FTL_FindSamePlaneUnusedBlock  ftl.o
    0x08001ea4   0x08001ea4   0x00000048   Code   RO         7416    i.FTL_FindUnusedBlock  ftl.o
    0x08001eec   0x08001eec   0x000000e4   Code   RO         7417    i.FTL_Format        ftl.o
    0x08001fd0   0x08001fd0   0x00000100   Code   RO         7418    i.FTL_Init          ftl.o
    0x080020d0   0x080020d0   0x00000024   Code   RO         7419    i.FTL_LBNToPBN      ftl.o
    0x080020f4   0x080020f4   0x00000150   Code   RO         7420    i.FTL_ReadSectors   ftl.o
    0x08002244   0x08002244   0x00000028   Code   RO         7422    i.FTL_UsedBlockMark  ftl.o
    0x0800226c   0x0800226c   0x00000178   Code   RO         7423    i.FTL_WriteSectors  ftl.o
    0x080023e4   0x080023e4   0x000001a0   Code   RO         7194    i.GT9147_Init       gt9147.o
    0x08002584   0x08002584   0x00000062   Code   RO         7195    i.GT9147_RD_Reg     gt9147.o
    0x080025e6   0x080025e6   0x00000002   PAD
    0x080025e8   0x080025e8   0x0000035c   Code   RO         7196    i.GT9147_Scan       gt9147.o
    0x08002944   0x08002944   0x0000005c   Code   RO         7197    i.GT9147_Send_Cfg   gt9147.o
    0x080029a0   0x080029a0   0x0000005c   Code   RO         7198    i.GT9147_WR_Reg     gt9147.o
    0x080029fc   0x080029fc   0x00000164   Code   RO         7246    i.GT9271_Init       gt9271.o
    0x08002b60   0x08002b60   0x00000062   Code   RO         7247    i.GT9271_RD_Reg     gt9271.o
    0x08002bc2   0x08002bc2   0x00000002   PAD
    0x08002bc4   0x08002bc4   0x00000210   Code   RO         7248    i.GT9271_Scan       gt9271.o
    0x08002dd4   0x08002dd4   0x0000005c   Code   RO         7249    i.GT9271_Send_Cfg   gt9271.o
    0x08002e30   0x08002e30   0x0000005c   Code   RO         7250    i.GT9271_WR_Reg     gt9271.o
    0x08002e8c   0x08002e8c   0x000000f0   Code   RO         8149    i.Get_HzMat         text.o
    0x08002f7c   0x08002f7c   0x0000001a   Code   RO          679    i.HAL_Delay         stm32f4xx_hal.o
    0x08002f96   0x08002f96   0x00000002   PAD
    0x08002f98   0x08002f98   0x0000021c   Code   RO          961    i.HAL_GPIO_Init     stm32f4xx_hal_gpio.o
    0x080031b4   0x080031b4   0x00000010   Code   RO          963    i.HAL_GPIO_ReadPin  stm32f4xx_hal_gpio.o
    0x080031c4   0x080031c4   0x0000000c   Code   RO          965    i.HAL_GPIO_WritePin  stm32f4xx_hal_gpio.o
    0x080031d0   0x080031d0   0x0000000c   Code   RO          687    i.HAL_GetTick       stm32f4xx_hal.o
    0x080031dc   0x080031dc   0x00000010   Code   RO          688    i.HAL_IncTick       stm32f4xx_hal.o
    0x080031ec   0x080031ec   0x0000003c   Code   RO          689    i.HAL_Init          stm32f4xx_hal.o
    0x08003228   0x08003228   0x00000024   Code   RO          690    i.HAL_InitTick      stm32f4xx_hal.o
    0x0800324c   0x0800324c   0x0000005e   Code   RO         2865    i.HAL_LTDC_ConfigLayer  stm32f4xx_hal_ltdc.o
    0x080032aa   0x080032aa   0x00000002   PAD
    0x080032ac   0x080032ac   0x00000128   Code   RO         2877    i.HAL_LTDC_Init     stm32f4xx_hal_ltdc.o
    0x080033d4   0x080033d4   0x0000015c   Code   RO         7012    i.HAL_LTDC_MspInit  ltdc.o
    0x08003530   0x08003530   0x0000006c   Code   RO         2886    i.HAL_LTDC_SetWindowPosition  stm32f4xx_hal_ltdc.o
    0x0800359c   0x0800359c   0x00000074   Code   RO         2887    i.HAL_LTDC_SetWindowSize  stm32f4xx_hal_ltdc.o
    0x08003610   0x08003610   0x0000000a   Code   RO          692    i.HAL_MspInit       stm32f4xx_hal.o
    0x0800361a   0x0800361a   0x00000066   Code   RO         5280    i.HAL_NAND_Init     stm32f4xx_hal_nand.o
    0x08003680   0x08003680   0x000000f0   Code   RO         7520    i.HAL_NAND_MspInit  nand.o
    0x08003770   0x08003770   0x0000001a   Code   RO          833    i.HAL_NVIC_EnableIRQ  stm32f4xx_hal_cortex.o
    0x0800378a   0x0800378a   0x0000007c   Code   RO          839    i.HAL_NVIC_SetPriority  stm32f4xx_hal_cortex.o
    0x08003806   0x08003806   0x00000002   PAD
    0x08003808   0x08003808   0x00000028   Code   RO          840    i.HAL_NVIC_SetPriorityGrouping  stm32f4xx_hal_cortex.o
    0x08003830   0x08003830   0x000000a4   Code   RO         1150    i.HAL_PWREx_EnableOverDrive  stm32f4xx_hal_pwr_ex.o
    0x080038d4   0x080038d4   0x00000018   Code   RO         1031    i.HAL_PWR_EnableBkUpAccess  stm32f4xx_hal_pwr.o
    0x080038ec   0x080038ec   0x00000368   Code   RO         1322    i.HAL_RCCEx_PeriphCLKConfig  stm32f4xx_hal_rcc_ex.o
    0x08003c54   0x08003c54   0x000002b0   Code   RO         1217    i.HAL_RCC_ClockConfig  stm32f4xx_hal_rcc.o
    0x08003f04   0x08003f04   0x00000038   Code   RO         1222    i.HAL_RCC_GetHCLKFreq  stm32f4xx_hal_rcc.o
    0x08003f3c   0x08003f3c   0x0000002c   Code   RO         1224    i.HAL_RCC_GetPCLK1Freq  stm32f4xx_hal_rcc.o
    0x08003f68   0x08003f68   0x0000002c   Code   RO         1225    i.HAL_RCC_GetPCLK2Freq  stm32f4xx_hal_rcc.o
    0x08003f94   0x08003f94   0x000000b4   Code   RO         1226    i.HAL_RCC_GetSysClockFreq  stm32f4xx_hal_rcc.o
    0x08004048   0x08004048   0x00000408   Code   RO         1229    i.HAL_RCC_OscConfig  stm32f4xx_hal_rcc.o
    0x08004450   0x08004450   0x00000002   Code   RO         5541    i.HAL_RTCEx_AlarmBEventCallback  stm32f4xx_hal_rtc_ex.o
    0x08004452   0x08004452   0x00000012   Code   RO         5542    i.HAL_RTCEx_BKUPRead  stm32f4xx_hal_rtc_ex.o
    0x08004464   0x08004464   0x00000012   Code   RO         5543    i.HAL_RTCEx_BKUPWrite  stm32f4xx_hal_rtc_ex.o
    0x08004476   0x08004476   0x00000002   PAD
    0x08004478   0x08004478   0x0000012c   Code   RO         5569    i.HAL_RTCEx_SetWakeUpTimer_IT  stm32f4xx_hal_rtc_ex.o
    0x080045a4   0x080045a4   0x00000018   Code   RO         7891    i.HAL_RTCEx_WakeUpTimerEventCallback  rtc.o
    0x080045bc   0x080045bc   0x00000040   Code   RO         5575    i.HAL_RTCEx_WakeUpTimerIRQHandler  stm32f4xx_hal_rtc_ex.o
    0x080045fc   0x080045fc   0x00000018   Code   RO         7892    i.HAL_RTC_AlarmAEventCallback  rtc.o
    0x08004614   0x08004614   0x0000006c   Code   RO         5404    i.HAL_RTC_AlarmIRQHandler  stm32f4xx_hal_rtc.o
    0x08004680   0x08004680   0x0000004c   Code   RO         5408    i.HAL_RTC_GetDate   stm32f4xx_hal_rtc.o
    0x080046cc   0x080046cc   0x00000060   Code   RO         5410    i.HAL_RTC_GetTime   stm32f4xx_hal_rtc.o
    0x0800472c   0x0800472c   0x000000b4   Code   RO         5411    i.HAL_RTC_Init      stm32f4xx_hal_rtc.o
    0x080047e0   0x080047e0   0x0000005c   Code   RO         7893    i.HAL_RTC_MspInit   rtc.o
    0x0800483c   0x0800483c   0x00000228   Code   RO         5416    i.HAL_RTC_SetAlarm_IT  stm32f4xx_hal_rtc.o
    0x08004a64   0x08004a64   0x00000114   Code   RO         5417    i.HAL_RTC_SetDate   stm32f4xx_hal_rtc.o
    0x08004b78   0x08004b78   0x00000134   Code   RO         5418    i.HAL_RTC_SetTime   stm32f4xx_hal_rtc.o
    0x08004cac   0x08004cac   0x0000003a   Code   RO         5419    i.HAL_RTC_WaitForSynchro  stm32f4xx_hal_rtc.o
    0x08004ce6   0x08004ce6   0x00000040   Code   RO         3060    i.HAL_SDRAM_Init    stm32f4xx_hal_sdram.o
    0x08004d26   0x08004d26   0x00000002   PAD
    0x08004d28   0x08004d28   0x00000134   Code   RO         7352    i.HAL_SDRAM_MspInit  sdram.o
    0x08004e5c   0x08004e5c   0x00000028   Code   RO         3063    i.HAL_SDRAM_ProgramRefreshRate  stm32f4xx_hal_sdram.o
    0x08004e84   0x08004e84   0x0000003a   Code   RO         3069    i.HAL_SDRAM_SendCommand  stm32f4xx_hal_sdram.o
    0x08004ebe   0x08004ebe   0x000002ee   Code   RO         4917    i.HAL_SD_Get_CardInfo  stm32f4xx_hal_sd.o
    0x080051ac   0x080051ac   0x0000009c   Code   RO         4920    i.HAL_SD_Init       stm32f4xx_hal_sd.o
    0x08005248   0x08005248   0x000000c0   Code   RO         7670    i.HAL_SD_MspInit    sdio_sdcard.o
    0x08005308   0x08005308   0x000001f0   Code   RO         4923    i.HAL_SD_ReadBlocks  stm32f4xx_hal_sd.o
    0x080054f8   0x080054f8   0x00000036   Code   RO         4926    i.HAL_SD_StopTransfer  stm32f4xx_hal_sd.o
    0x0800552e   0x0800552e   0x0000007e   Code   RO         4927    i.HAL_SD_WideBusOperation_Config  stm32f4xx_hal_sd.o
    0x080055ac   0x080055ac   0x0000028a   Code   RO         4928    i.HAL_SD_WriteBlocks  stm32f4xx_hal_sd.o
    0x08005836   0x08005836   0x00000088   Code   RO         3611    i.HAL_SPI_Init      stm32f4xx_hal_spi.o
    0x080058be   0x080058be   0x00000002   PAD
    0x080058c0   0x080058c0   0x00000074   Code   RO         7843    i.HAL_SPI_MspInit   spi.o
    0x08005934   0x08005934   0x00000352   Code   RO         3620    i.HAL_SPI_TransmitReceive  stm32f4xx_hal_spi.o
    0x08005c86   0x08005c86   0x00000058   Code   RO         3214    i.HAL_SRAM_Init     stm32f4xx_hal_sram.o
    0x08005cde   0x08005cde   0x00000002   PAD
    0x08005ce0   0x08005ce0   0x000000a4   Code   RO         6553    i.HAL_SRAM_MspInit  lcd.o
    0x08005d84   0x08005d84   0x00000028   Code   RO          842    i.HAL_SYSTICK_CLKSourceConfig  stm32f4xx_hal_cortex.o
    0x08005dac   0x08005dac   0x00000034   Code   RO          844    i.HAL_SYSTICK_Config  stm32f4xx_hal_cortex.o
    0x08005de0   0x08005de0   0x00000034   Code   RO         3849    i.HAL_TIM_Base_Init  stm32f4xx_hal_tim.o
    0x08005e14   0x08005e14   0x00000002   Code   RO         3851    i.HAL_TIM_Base_MspInit  stm32f4xx_hal_tim.o
    0x08005e16   0x08005e16   0x0000001e   Code   RO         3854    i.HAL_TIM_Base_Start_IT  stm32f4xx_hal_tim.o
    0x08005e34   0x08005e34   0x00000002   Code   RO         1369    i.HAL_UART_ErrorCallback  stm32f4xx_hal_uart.o
    0x08005e36   0x08005e36   0x00000008   Code   RO         1371    i.HAL_UART_GetState  stm32f4xx_hal_uart.o
    0x08005e3e   0x08005e3e   0x00000130   Code   RO         1372    i.HAL_UART_IRQHandler  stm32f4xx_hal_uart.o
    0x08005f6e   0x08005f6e   0x0000006e   Code   RO         1373    i.HAL_UART_Init     stm32f4xx_hal_uart.o
    0x08005fdc   0x08005fdc   0x0000009c   Code   RO         5841    i.HAL_UART_MspInit  usart.o
    0x08006078   0x08006078   0x000000f8   Code   RO         1376    i.HAL_UART_Receive  stm32f4xx_hal_uart.o
    0x08006170   0x08006170   0x00000086   Code   RO         1378    i.HAL_UART_Receive_IT  stm32f4xx_hal_uart.o
    0x080061f6   0x080061f6   0x00000002   PAD
    0x080061f8   0x080061f8   0x00000088   Code   RO         5842    i.HAL_UART_RxCpltCallback  usart.o
    0x08006280   0x08006280   0x00000002   Code   RO         1384    i.HAL_UART_TxCpltCallback  stm32f4xx_hal_uart.o
    0x08006282   0x08006282   0x00000004   Code   RO          389    i.HardFault_Handler  stm32f4xx_it.o
    0x08006286   0x08006286   0x00000002   PAD
    0x08006288   0x08006288   0x00000050   Code   RO         6124    i.IIC_Ack           myiic.o
    0x080062d8   0x080062d8   0x0000005c   Code   RO         6125    i.IIC_Init          myiic.o
    0x08006334   0x08006334   0x00000050   Code   RO         6126    i.IIC_NAck          myiic.o
    0x08006384   0x08006384   0x0000006c   Code   RO         6127    i.IIC_Read_Byte     myiic.o
    0x080063f0   0x080063f0   0x00000068   Code   RO         6128    i.IIC_Send_Byte     myiic.o
    0x08006458   0x08006458   0x0000004c   Code   RO         6129    i.IIC_Start         myiic.o
    0x080064a4   0x080064a4   0x0000004c   Code   RO         6130    i.IIC_Stop          myiic.o
    0x080064f0   0x080064f0   0x00000060   Code   RO         6131    i.IIC_Wait_Ack      myiic.o
    0x08006550   0x08006550   0x000000b4   Code   RO         5906    i.KEY_Init          key.o
    0x08006604   0x08006604   0x00000048   Code   RO         6555    i.LCD_Clear         lcd.o
    0x0800664c   0x0800664c   0x00000190   Code   RO         6559    i.LCD_Display_Dir   lcd.o
    0x080067dc   0x080067dc   0x000000b0   Code   RO         6560    i.LCD_DrawLine      lcd.o
    0x0800688c   0x0800688c   0x0000003c   Code   RO         6561    i.LCD_DrawPoint     lcd.o
    0x080068c8   0x080068c8   0x00000040   Code   RO         6562    i.LCD_DrawRectangle  lcd.o
    0x08006908   0x08006908   0x00000098   Code   RO         6563    i.LCD_Draw_Circle   lcd.o
    0x080069a0   0x080069a0   0x0000010c   Code   RO         6564    i.LCD_Fast_DrawPoint  lcd.o
    0x08006aac   0x08006aac   0x00002c94   Code   RO         6567    i.LCD_Init          lcd.o
    0x08009740   0x08009740   0x00000016   Code   RO         6568    i.LCD_Pow           lcd.o
    0x08009756   0x08009756   0x00000002   PAD
    0x08009758   0x08009758   0x00000014   Code   RO         6569    i.LCD_RD_DATA       lcd.o
    0x0800976c   0x0800976c   0x00000060   Code   RO         6572    i.LCD_SSD_BackLightSet  lcd.o
    0x080097cc   0x080097cc   0x0000023c   Code   RO         6573    i.LCD_Scan_Dir      lcd.o
    0x08009a08   0x08009a08   0x00000130   Code   RO         6574    i.LCD_SetCursor     lcd.o
    0x08009b38   0x08009b38   0x0000013c   Code   RO         6576    i.LCD_ShowChar      lcd.o
    0x08009c74   0x08009c74   0x00000094   Code   RO         6577    i.LCD_ShowNum       lcd.o
    0x08009d08   0x08009d08   0x00000066   Code   RO         6578    i.LCD_ShowString    lcd.o
    0x08009d6e   0x08009d6e   0x00000002   PAD
    0x08009d70   0x08009d70   0x00000018   Code   RO         6580    i.LCD_WR_DATA       lcd.o
    0x08009d88   0x08009d88   0x00000018   Code   RO         6581    i.LCD_WR_REG        lcd.o
    0x08009da0   0x08009da0   0x00000014   Code   RO         6583    i.LCD_WriteRAM_Prepare  lcd.o
    0x08009db4   0x08009db4   0x00000010   Code   RO         6584    i.LCD_WriteReg      lcd.o
    0x08009dc4   0x08009dc4   0x000000a4   Code   RO         5991    i.LED_Init          led.o
    0x08009e68   0x08009e68   0x00000024   Code   RO         7013    i.LTDC_Clear        ltdc.o
    0x08009e8c   0x08009e8c   0x00000026   Code   RO         7014    i.LTDC_Clk_Set      ltdc.o
    0x08009eb2   0x08009eb2   0x00000002   PAD
    0x08009eb4   0x08009eb4   0x0000002c   Code   RO         7016    i.LTDC_Display_Dir  ltdc.o
    0x08009ee0   0x08009ee0   0x00000050   Code   RO         7017    i.LTDC_Draw_Point   ltdc.o
    0x08009f30   0x08009f30   0x00000164   Code   RO         7018    i.LTDC_Fill         ltdc.o
    0x0800a094   0x0800a094   0x000002a4   Code   RO         7019    i.LTDC_Init         ltdc.o
    0x0800a338   0x0800a338   0x0000007c   Code   RO         7020    i.LTDC_Layer_Parameter_Config  ltdc.o
    0x0800a3b4   0x0800a3b4   0x00000030   Code   RO         7022    i.LTDC_Layer_Window_Config  ltdc.o
    0x0800a3e4   0x0800a3e4   0x000000d4   Code   RO         7023    i.LTDC_PanelID_Read  ltdc.o
    0x0800a4b8   0x0800a4b8   0x0000000c   Code   RO         7025    i.LTDC_Select_Layer  ltdc.o
    0x0800a4c4   0x0800a4c4   0x00000212   Code   RO         2888    i.LTDC_SetConfig    stm32f4xx_hal_ltdc.o
    0x0800a6d6   0x0800a6d6   0x00000004   Code   RO          390    i.MemManage_Handler  stm32f4xx_it.o
    0x0800a6da   0x0800a6da   0x00000002   PAD
    0x0800a6dc   0x0800a6dc   0x0000020c   Code   RO         7521    i.NAND_CopyPageWithWrite  nand.o
    0x0800a8e8   0x0800a8e8   0x000000c8   Code   RO         7522    i.NAND_CopyPageWithoutWrite  nand.o
    0x0800a9b0   0x0800a9b0   0x00000012   Code   RO         7523    i.NAND_Delay        nand.o
    0x0800a9c2   0x0800a9c2   0x00000002   PAD
    0x0800a9c4   0x0800a9c4   0x000000c4   Code   RO         7524    i.NAND_ECC_Correction  nand.o
    0x0800aa88   0x0800aa88   0x0000003a   Code   RO         7525    i.NAND_ECC_Get_OE   nand.o
    0x0800aac2   0x0800aac2   0x00000002   PAD
    0x0800aac4   0x0800aac4   0x00000060   Code   RO         7526    i.NAND_EraseBlock   nand.o
    0x0800ab24   0x0800ab24   0x000000dc   Code   RO         7528    i.NAND_Init         nand.o
    0x0800ac00   0x0800ac00   0x00000038   Code   RO         7529    i.NAND_ModeSet      nand.o
    0x0800ac38   0x0800ac38   0x00000060   Code   RO         7530    i.NAND_ReadID       nand.o
    0x0800ac98   0x0800ac98   0x0000029c   Code   RO         7531    i.NAND_ReadPage     nand.o
    0x0800af34   0x0800af34   0x00000090   Code   RO         7532    i.NAND_ReadPageComp  nand.o
    0x0800afc4   0x0800afc4   0x00000040   Code   RO         7533    i.NAND_ReadSpare    nand.o
    0x0800b004   0x0800b004   0x00000024   Code   RO         7534    i.NAND_ReadStatus   nand.o
    0x0800b028   0x0800b028   0x0000001c   Code   RO         7535    i.NAND_Reset        nand.o
    0x0800b044   0x0800b044   0x00000034   Code   RO         7536    i.NAND_WaitForReady  nand.o
    0x0800b078   0x0800b078   0x00000034   Code   RO         7537    i.NAND_WaitRB       nand.o
    0x0800b0ac   0x0800b0ac   0x00000188   Code   RO         7538    i.NAND_WritePage    nand.o
    0x0800b234   0x0800b234   0x0000006c   Code   RO         7539    i.NAND_WritePageConst  nand.o
    0x0800b2a0   0x0800b2a0   0x00000040   Code   RO         7540    i.NAND_WriteSpare   nand.o
    0x0800b2e0   0x0800b2e0   0x00000002   Code   RO          391    i.NMI_Handler       stm32f4xx_it.o
    0x0800b2e2   0x0800b2e2   0x00000002   PAD
    0x0800b2e4   0x0800b2e4   0x00000010   Code   RO          846    i.NVIC_GetPriorityGrouping  stm32f4xx_hal_cortex.o
    0x0800b2f4   0x0800b2f4   0x00000028   Code   RO          847    i.NVIC_SetPriority  stm32f4xx_hal_cortex.o
    0x0800b31c   0x0800b31c   0x000000dc   Code   RO         7298    i.OTT2001A_Init     ott2001a.o
    0x0800b3f8   0x0800b3f8   0x00000062   Code   RO         7299    i.OTT2001A_RD_Reg   ott2001a.o
    0x0800b45a   0x0800b45a   0x00000002   PAD
    0x0800b45c   0x0800b45c   0x000001f8   Code   RO         7300    i.OTT2001A_Scan     ott2001a.o
    0x0800b654   0x0800b654   0x0000001c   Code   RO         7301    i.OTT2001A_SensorControl  ott2001a.o
    0x0800b670   0x0800b670   0x0000005c   Code   RO         7302    i.OTT2001A_WR_Reg   ott2001a.o
    0x0800b6cc   0x0800b6cc   0x0000006c   Code   RO         6021    i.PCF8574_Init      pcf8574.o
    0x0800b738   0x0800b738   0x0000001a   Code   RO         6022    i.PCF8574_ReadBit   pcf8574.o
    0x0800b752   0x0800b752   0x00000022   Code   RO         6023    i.PCF8574_ReadOneByte  pcf8574.o
    0x0800b774   0x0800b774   0x00000028   Code   RO         6025    i.PCF8574_WriteOneByte  pcf8574.o
    0x0800b79c   0x0800b79c   0x00000010   Code   RO         7894    i.RTC_Alarm_IRQHandler  rtc.o
    0x0800b7ac   0x0800b7ac   0x00000016   Code   RO         5420    i.RTC_Bcd2ToByte    stm32f4xx_hal_rtc.o
    0x0800b7c2   0x0800b7c2   0x0000001a   Code   RO         5421    i.RTC_ByteToBcd2    stm32f4xx_hal_rtc.o
    0x0800b7dc   0x0800b7dc   0x0000003e   Code   RO         5422    i.RTC_EnterInitMode  stm32f4xx_hal_rtc.o
    0x0800b81a   0x0800b81a   0x00000002   PAD
    0x0800b81c   0x0800b81c   0x00000068   Code   RO         7895    i.RTC_Init          rtc.o
    0x0800b884   0x0800b884   0x00000058   Code   RO         7896    i.RTC_Set_AlarmA    rtc.o
    0x0800b8dc   0x0800b8dc   0x0000002c   Code   RO         7897    i.RTC_Set_Date      rtc.o
    0x0800b908   0x0800b908   0x00000034   Code   RO         7898    i.RTC_Set_Time      rtc.o
    0x0800b93c   0x0800b93c   0x0000003c   Code   RO         7899    i.RTC_Set_WakeUp    rtc.o
    0x0800b978   0x0800b978   0x00000010   Code   RO         7900    i.RTC_WKUP_IRQHandler  rtc.o
    0x0800b988   0x0800b988   0x0000002c   Code   RO         5175    i.SDIO_DataConfig   stm32f4xx_ll_sdmmc.o
    0x0800b9b4   0x0800b9b4   0x00000008   Code   RO         5176    i.SDIO_GetCommandResponse  stm32f4xx_ll_sdmmc.o
    0x0800b9bc   0x0800b9bc   0x0000000a   Code   RO         5179    i.SDIO_GetPowerState  stm32f4xx_ll_sdmmc.o
    0x0800b9c6   0x0800b9c6   0x00000002   PAD
    0x0800b9c8   0x0800b9c8   0x00000018   Code   RO         5180    i.SDIO_GetResponse  stm32f4xx_ll_sdmmc.o
    0x0800b9e0   0x0800b9e0   0x00000034   Code   RO         5181    i.SDIO_Init         stm32f4xx_ll_sdmmc.o
    0x0800ba14   0x0800ba14   0x0000000a   Code   RO         5183    i.SDIO_PowerState_ON  stm32f4xx_ll_sdmmc.o
    0x0800ba1e   0x0800ba1e   0x00000008   Code   RO         5184    i.SDIO_ReadFIFO     stm32f4xx_ll_sdmmc.o
    0x0800ba26   0x0800ba26   0x00000028   Code   RO         5185    i.SDIO_SendCommand  stm32f4xx_ll_sdmmc.o
    0x0800ba4e   0x0800ba4e   0x0000000c   Code   RO         5187    i.SDIO_WriteFIFO    stm32f4xx_ll_sdmmc.o
    0x0800ba5a   0x0800ba5a   0x00000002   PAD
    0x0800ba5c   0x0800ba5c   0x00000068   Code   RO         7353    i.SDRAM_Init        sdram.o
    0x0800bac4   0x0800bac4   0x00000054   Code   RO         7354    i.SDRAM_Initialization_Sequence  sdram.o
    0x0800bb18   0x0800bb18   0x00000048   Code   RO         7355    i.SDRAM_Send_Cmd    sdram.o
    0x0800bb60   0x0800bb60   0x00000036   Code   RO         4932    i.SD_CmdError       stm32f4xx_hal_sd.o
    0x0800bb96   0x0800bb96   0x00000002   PAD
    0x0800bb98   0x0800bb98   0x00000180   Code   RO         4933    i.SD_CmdResp1Error  stm32f4xx_hal_sd.o
    0x0800bd18   0x0800bd18   0x00000046   Code   RO         4934    i.SD_CmdResp2Error  stm32f4xx_hal_sd.o
    0x0800bd5e   0x0800bd5e   0x00000032   Code   RO         4935    i.SD_CmdResp3Error  stm32f4xx_hal_sd.o
    0x0800bd90   0x0800bd90   0x000000ac   Code   RO         4936    i.SD_CmdResp6Error  stm32f4xx_hal_sd.o
    0x0800be3c   0x0800be3c   0x00000066   Code   RO         4937    i.SD_CmdResp7Error  stm32f4xx_hal_sd.o
    0x0800bea2   0x0800bea2   0x00000172   Code   RO         4942    i.SD_FindSCR        stm32f4xx_hal_sd.o
    0x0800c014   0x0800c014   0x0000004c   Code   RO         7672    i.SD_Init           sdio_sdcard.o
    0x0800c060   0x0800c060   0x000000fa   Code   RO         4944    i.SD_Initialize_Cards  stm32f4xx_hal_sd.o
    0x0800c15a   0x0800c15a   0x00000002   PAD
    0x0800c15c   0x0800c15c   0x000001d4   Code   RO         4945    i.SD_IsCardProgramming  stm32f4xx_hal_sd.o
    0x0800c330   0x0800c330   0x00000164   Code   RO         4947    i.SD_PowerON        stm32f4xx_hal_sd.o
    0x0800c494   0x0800c494   0x00000090   Code   RO         7673    i.SD_ReadDisk       sdio_sdcard.o
    0x0800c524   0x0800c524   0x00000038   Code   RO         4948    i.SD_Select_Deselect  stm32f4xx_hal_sd.o
    0x0800c55c   0x0800c55c   0x00000096   Code   RO         4950    i.SD_WideBus_Disable  stm32f4xx_hal_sd.o
    0x0800c5f2   0x0800c5f2   0x00000096   Code   RO         4951    i.SD_WideBus_Enable  stm32f4xx_hal_sd.o
    0x0800c688   0x0800c688   0x00000090   Code   RO         7674    i.SD_WriteDisk      sdio_sdcard.o
    0x0800c718   0x0800c718   0x00000058   Code   RO         7844    i.SPI5_Init         spi.o
    0x0800c770   0x0800c770   0x00000020   Code   RO         7845    i.SPI5_ReadWriteByte  spi.o
    0x0800c790   0x0800c790   0x00000048   Code   RO         7846    i.SPI5_SetSpeed     spi.o
    0x0800c7d8   0x0800c7d8   0x00000114   Code   RO         3642    i.SPI_WaitOnFlagUntilTimeout  stm32f4xx_hal_spi.o
    0x0800c8ec   0x0800c8ec   0x000000cc   Code   RO         8150    i.Show_Font         text.o
    0x0800c9b8   0x0800c9b8   0x000000c2   Code   RO         8151    i.Show_Str          text.o
    0x0800ca7a   0x0800ca7a   0x00000002   PAD
    0x0800ca7c   0x0800ca7c   0x00000070   Code   RO         8152    i.Show_Str_Mid      text.o
    0x0800caec   0x0800caec   0x000000b8   Code   RO         5814    i.Stm32_Clock_Init  sys.o
    0x0800cba4   0x0800cba4   0x00000014   Code   RO         5769    i.SysTick_Handler   delay.o
    0x0800cbb8   0x0800cbb8   0x00000064   Code   RO          448    i.SystemInit        system_stm32f4xx.o
    0x0800cc1c   0x0800cc1c   0x00000044   Code   RO         8869    i.TIM4_IRQHandler   usmart.o
    0x0800cc60   0x0800cc60   0x000000e4   Code   RO         3933    i.TIM_Base_SetConfig  stm32f4xx_hal_tim.o
    0x0800cd44   0x0800cd44   0x000001a8   Code   RO         6905    i.TP_Adj_Info_Show  touch.o
    0x0800ceec   0x0800ceec   0x00000900   Code   RO         6906    i.TP_Adjust         touch.o
    0x0800d7ec   0x0800d7ec   0x00000070   Code   RO         6908    i.TP_Drow_Touch_Point  touch.o
    0x0800d85c   0x0800d85c   0x00000050   Code   RO         6909    i.TP_Get_Adjdata    touch.o
    0x0800d8ac   0x0800d8ac   0x0000022c   Code   RO         6910    i.TP_Init           touch.o
    0x0800dad8   0x0800dad8   0x00000098   Code   RO         6911    i.TP_Read_AD        touch.o
    0x0800db70   0x0800db70   0x00000078   Code   RO         6912    i.TP_Read_XOY       touch.o
    0x0800dbe8   0x0800dbe8   0x00000030   Code   RO         6913    i.TP_Read_XY        touch.o
    0x0800dc18   0x0800dc18   0x000000c0   Code   RO         6914    i.TP_Read_XY2       touch.o
    0x0800dcd8   0x0800dcd8   0x0000001c   Code   RO         6915    i.TP_Save_Adjdata   touch.o
    0x0800dcf4   0x0800dcf4   0x000000f4   Code   RO         6916    i.TP_Scan           touch.o
    0x0800dde8   0x0800dde8   0x0000004c   Code   RO         6917    i.TP_Write_Byte     touch.o
    0x0800de34   0x0800de34   0x00000060   Code   RO         8870    i.Timer4_Init       usmart.o
    0x0800de94   0x0800de94   0x00000030   Code   RO         1391    i.UART_EndTransmit_IT  stm32f4xx_hal_uart.o
    0x0800dec4   0x0800dec4   0x000000bc   Code   RO         1392    i.UART_Receive_IT   stm32f4xx_hal_uart.o
    0x0800df80   0x0800df80   0x00000224   Code   RO         1393    i.UART_SetConfig    stm32f4xx_hal_uart.o
    0x0800e1a4   0x0800e1a4   0x00000070   Code   RO         1394    i.UART_Transmit_IT  stm32f4xx_hal_uart.o
    0x0800e214   0x0800e214   0x000000fa   Code   RO         1395    i.UART_WaitOnFlagUntilTimeout  stm32f4xx_hal_uart.o
    0x0800e30e   0x0800e30e   0x00000002   PAD
    0x0800e310   0x0800e310   0x00000020   Code   RO         6329    i.UI_Init           easyui.o
    0x0800e330   0x0800e330   0x000001dc   Code   RO         6330    i.UI_Main           easyui.o
    0x0800e50c   0x0800e50c   0x000000e4   Code   RO         6331    i.UI_Main_show      easyui.o
    0x0800e5f0   0x0800e5f0   0x00000050   Code   RO         5843    i.USART1_IRQHandler  usart.o
    0x0800e640   0x0800e640   0x00000048   Code   RO         6073    i.USART2_IRQHandler  rs485.o
    0x0800e688   0x0800e688   0x0000004c   Code   RO         8018    i.USART3_IRQHandler  esp8266.o
    0x0800e6d4   0x0800e6d4   0x00000004   Code   RO          392    i.UsageFault_Handler  stm32f4xx_it.o
    0x0800e6d8   0x0800e6d8   0x00000058   Code   RO         7725    i.W25QXX_Erase_Sector  w25qxx.o
    0x0800e730   0x0800e730   0x00000098   Code   RO         7726    i.W25QXX_Init       w25qxx.o
    0x0800e7c8   0x0800e7c8   0x00000064   Code   RO         7728    i.W25QXX_Read       w25qxx.o
    0x0800e82c   0x0800e82c   0x00000048   Code   RO         7729    i.W25QXX_ReadID     w25qxx.o
    0x0800e874   0x0800e874   0x00000050   Code   RO         7730    i.W25QXX_ReadSR     w25qxx.o
    0x0800e8c4   0x0800e8c4   0x00000014   Code   RO         7732    i.W25QXX_Wait_Busy  w25qxx.o
    0x0800e8d8   0x0800e8d8   0x000000b8   Code   RO         7733    i.W25QXX_Write      w25qxx.o
    0x0800e990   0x0800e990   0x00000020   Code   RO         7735    i.W25QXX_Write_Enable  w25qxx.o
    0x0800e9b0   0x0800e9b0   0x00000046   Code   RO         7736    i.W25QXX_Write_NoCheck  w25qxx.o
    0x0800e9f6   0x0800e9f6   0x00000002   PAD
    0x0800e9f8   0x0800e9f8   0x0000006c   Code   RO         7737    i.W25QXX_Write_Page  w25qxx.o
    0x0800ea64   0x0800ea64   0x0000007a   Code   RO        10301    i.__hardfp_sqrt     m_wm.l(sqrt.o)
    0x0800eade   0x0800eade   0x0000000e   Code   RO        10235    i._is_digit         c_w.l(__printf_wp.o)
    0x0800eaec   0x0800eaec   0x00000004   Code   RO         5844    i._sys_exit         usart.o
    0x0800eaf0   0x0800eaf0   0x00000084   Code   RO         8377    i.check_fs          ff.o
    0x0800eb74   0x0800eb74   0x0000001a   Code   RO         8380    i.clust2sect        ff.o
    0x0800eb8e   0x0800eb8e   0x00000002   PAD
    0x0800eb90   0x0800eb90   0x00000038   Code   RO         5770    i.delay_init        delay.o
    0x0800ebc8   0x0800ebc8   0x00000018   Code   RO         5771    i.delay_ms          delay.o
    0x0800ebe0   0x0800ebe0   0x00000048   Code   RO         5772    i.delay_us          delay.o
    0x0800ec28   0x0800ec28   0x00000038   Code   RO         8310    i.disk_initialize   diskio.o
    0x0800ec60   0x0800ec60   0x00000090   Code   RO         8312    i.disk_read         diskio.o
    0x0800ecf0   0x0800ecf0   0x00000006   Code   RO         8313    i.disk_status       diskio.o
    0x0800ecf6   0x0800ecf6   0x00000090   Code   RO         8314    i.disk_write        diskio.o
    0x0800ed86   0x0800ed86   0x00000002   PAD
    0x0800ed88   0x0800ed88   0x00000084   Code   RO         8231    i.exfuns_init       exfuns.o
    0x0800ee0c   0x0800ee0c   0x0000005c   Code   RO         8400    i.f_mount           ff.o
    0x0800ee68   0x0800ee68   0x00000458   Code   RO         8417    i.find_volume       ff.o
    0x0800f2c0   0x0800f2c0   0x00000044   Code   RO         8098    i.font_init         fontupd.o
    0x0800f304   0x0800f304   0x0000001c   Code   RO         5845    i.fputc             usart.o
    0x0800f320   0x0800f320   0x0000004a   Code   RO         8422    i.get_ldnumber      ff.o
    0x0800f36a   0x0800f36a   0x00000018   Code   RO         8425    i.ld_dword          ff.o
    0x0800f382   0x0800f382   0x00000062   Code   RO         8426    i.ld_qword          ff.o
    0x0800f3e4   0x0800f3e4   0x0000000c   Code   RO         8427    i.ld_word           ff.o
    0x0800f3f0   0x0800f3f0   0x000000ac   Code   RO            4    i.main              main.o
    0x0800f49c   0x0800f49c   0x00000024   Code   RO         8430    i.mem_cmp           ff.o
    0x0800f4c0   0x0800f4c0   0x00000034   Code   RO         8433    i.move_window       ff.o
    0x0800f4f4   0x0800f4f4   0x0000006c   Code   RO         8785    i.my_mem_free       malloc.o
    0x0800f560   0x0800f560   0x0000002c   Code   RO         8786    i.my_mem_init       malloc.o
    0x0800f58c   0x0800f58c   0x000000a8   Code   RO         8787    i.my_mem_malloc     malloc.o
    0x0800f634   0x0800f634   0x00000040   Code   RO         8788    i.my_mem_perused    malloc.o
    0x0800f674   0x0800f674   0x00000024   Code   RO         8789    i.myfree            malloc.o
    0x0800f698   0x0800f698   0x00000028   Code   RO         8790    i.mymalloc          malloc.o
    0x0800f6c0   0x0800f6c0   0x00000014   Code   RO         8792    i.mymemset          malloc.o
    0x0800f6d4   0x0800f6d4   0x00000034   Code   RO         9679    i.prvResetNextTaskUnblockTime  tasks.o
    0x0800f708   0x0800f708   0x00000006   Code   RO         8871    i.read_addr         usmart.o
    0x0800f70e   0x0800f70e   0x00000052   Code   RO         8446    i.sync_window       ff.o
    0x0800f760   0x0800f760   0x00000038   Code   RO         5846    i.uart_init         usart.o
    0x0800f798   0x0800f798   0x000000b0   Code   RO         8872    i.usmart_cmd_rec    usmart.o
    0x0800f848   0x0800f848   0x000002d4   Code   RO         8873    i.usmart_exe        usmart.o
    0x0800fb1c   0x0800fb1c   0x000000c8   Code   RO         8983    i.usmart_get_aparm  usmart_str.o
    0x0800fbe4   0x0800fbe4   0x00000036   Code   RO         8984    i.usmart_get_cmdname  usmart_str.o
    0x0800fc1a   0x0800fc1a   0x00000002   PAD
    0x0800fc1c   0x0800fc1c   0x000001c0   Code   RO         8985    i.usmart_get_fname  usmart_str.o
    0x0800fddc   0x0800fddc   0x0000010c   Code   RO         8986    i.usmart_get_fparam  usmart_str.o
    0x0800fee8   0x0800fee8   0x00000020   Code   RO         8987    i.usmart_get_parmpos  usmart_str.o
    0x0800ff08   0x0800ff08   0x00000044   Code   RO         8874    i.usmart_get_runtime  usmart.o
    0x0800ff4c   0x0800ff4c   0x00000028   Code   RO         8875    i.usmart_init       usmart.o
    0x0800ff74   0x0800ff74   0x00000016   Code   RO         8988    i.usmart_pow        usmart_str.o
    0x0800ff8a   0x0800ff8a   0x00000002   PAD
    0x0800ff8c   0x0800ff8c   0x00000034   Code   RO         8876    i.usmart_reset_runtime  usmart.o
    0x0800ffc0   0x0800ffc0   0x000000bc   Code   RO         8877    i.usmart_scan       usmart.o
    0x0801007c   0x0801007c   0x00000016   Code   RO         8989    i.usmart_search_nextc  usmart_str.o
    0x08010092   0x08010092   0x000000ca   Code   RO         8990    i.usmart_str2num    usmart_str.o
    0x0801015c   0x0801015c   0x00000022   Code   RO         8991    i.usmart_strcmp     usmart_str.o
    0x0801017e   0x0801017e   0x00000016   Code   RO         8992    i.usmart_strcopy    usmart_str.o
    0x08010194   0x08010194   0x00000018   Code   RO         8993    i.usmart_strlen     usmart_str.o
    0x080101ac   0x080101ac   0x000006f4   Code   RO         8878    i.usmart_sys_cmd_exe  usmart.o
    0x080108a0   0x080108a0   0x00000028   Code   RO         9374    i.uxListRemove      list.o
    0x080108c8   0x080108c8   0x00000018   Code   RO         9378    i.vListInsertEnd    list.o
    0x080108e0   0x080108e0   0x000000b4   Code   RO         9710    i.vTaskSwitchContext  tasks.o
    0x08010994   0x08010994   0x00000004   Code   RO         8879    i.write_addr        usmart.o
    0x08010998   0x08010998   0x00000034   Code   RO         9150    i.xPortSysTickHandler  port.o
    0x080109cc   0x080109cc   0x00000020   Code   RO         9716    i.xTaskGetSchedulerState  tasks.o
    0x080109ec   0x080109ec   0x0000016c   Code   RO         9719    i.xTaskIncrementTick  tasks.o
    0x08010b58   0x08010b58   0x00000150   Code   RO        10277    x$fpl$dadd          fz_wm.l(daddsub_clz.o)
    0x08010ca8   0x08010ca8   0x00000018   Code   RO        10345    x$fpl$dcmpinf       fz_wm.l(dcmpi.o)
    0x08010cc0   0x08010cc0   0x0000005a   Code   RO        10283    x$fpl$dfixu         fz_wm.l(dfixu.o)
    0x08010d1a   0x08010d1a   0x0000002e   Code   RO        10288    x$fpl$dflt          fz_wm.l(dflt_clz.o)
    0x08010d48   0x08010d48   0x00000026   Code   RO        10287    x$fpl$dfltu         fz_wm.l(dflt_clz.o)
    0x08010d6e   0x08010d6e   0x00000002   PAD
    0x08010d70   0x08010d70   0x00000078   Code   RO        10293    x$fpl$dleqf         fz_wm.l(dleqf.o)
    0x08010de8   0x08010de8   0x00000154   Code   RO        10295    x$fpl$dmul          fz_wm.l(dmul.o)
    0x08010f3c   0x08010f3c   0x0000009c   Code   RO        10347    x$fpl$dnaninf       fz_wm.l(dnaninf.o)
    0x08010fd8   0x08010fd8   0x0000000c   Code   RO        10349    x$fpl$dretinf       fz_wm.l(dretinf.o)
    0x08010fe4   0x08010fe4   0x0000006c   Code   RO        10297    x$fpl$drleqf        fz_wm.l(drleqf.o)
    0x08011050   0x08011050   0x00000016   Code   RO        10278    x$fpl$drsb          fz_wm.l(daddsub_clz.o)
    0x08011066   0x08011066   0x00000002   PAD
    0x08011068   0x08011068   0x00000198   Code   RO        10351    x$fpl$dsqrt         fz_wm.l(dsqrt_umaal.o)
    0x08011200   0x08011200   0x000001d4   Code   RO        10279    x$fpl$dsub          fz_wm.l(daddsub_clz.o)
    0x080113d4   0x080113d4   0x00000056   Code   RO        10299    x$fpl$f2d           fz_wm.l(f2d.o)
    0x0801142a   0x0801142a   0x0000008c   Code   RO        10353    x$fpl$fnaninf       fz_wm.l(fnaninf.o)
    0x080114b6   0x080114b6   0x0000000a   Code   RO        10467    x$fpl$fpinit        fz_wm.l(fpinit.o)
    0x080114c0   0x080114c0   0x00000000   Code   RO        10355    x$fpl$usenofp       fz_wm.l(usenofp.o)
    0x080114c0   0x080114c0   0x00000010   Data   RO         1230    .constdata          stm32f4xx_hal_rcc.o
    0x080114d0   0x080114d0   0x00004740   Data   RO         6587    .constdata          lcd.o
    0x08015c10   0x08015c10   0x00000014   Data   RO         6863    .constdata          ft5206.o
    0x08015c24   0x08015c24   0x00000004   Data   RO         6918    .constdata          touch.o
    0x08015c28   0x08015c28   0x000000c2   Data   RO         7199    .constdata          gt9147.o
    0x08015cea   0x08015cea   0x000000ce   Data   RO         7251    .constdata          gt9271.o
    0x08015db8   0x08015db8   0x0000000a   Data   RO         7303    .constdata          ott2001a.o
    0x08015dc2   0x08015dc2   0x00000002   PAD
    0x08015dc4   0x08015dc4   0x00000024   Data   RO         8799    .constdata          malloc.o
    0x08015de8   0x08015de8   0x00000028   Data   RO        10208    .constdata          c_w.l(_printf_hex_int.o)
    0x08015e10   0x08015e10   0x00000011   Data   RO        10243    .constdata          c_w.l(__printf_flags_ss_wp.o)
    0x08015e21   0x08015e21   0x00000003   PAD
    0x08015e24   0x08015e24   0x00000079   Data   RO         6919    .conststring        touch.o
    0x08015e9d   0x08015e9d   0x00000003   PAD
    0x08015ea0   0x08015ea0   0x00000028   Data   RO         8881    .conststring        usmart.o
    0x08015ec8   0x08015ec8   0x0000012a   Data   RO         8958    .conststring        usmart_config.o
    0x08015ff2   0x08015ff2   0x00000002   PAD
    0x08015ff4   0x08015ff4   0x00000020   Data   RO        10521    Region$$Table       anon$$obj.o


    Execution Region RW_IRAM1 (Exec base: 0x20000000, Load base: 0x08016014, Size: 0x0002cfa0, Max: 0x00030000, ABSOLUTE, COMPRESSED[0x000000b4])

    Exec Addr    Load Addr    Size         Type   Attr      Idx    E Section Name        Object

    0x20000000   COMPRESSED   0x00000014   Data   RW          449    .data               system_stm32f4xx.o
    0x20000014   COMPRESSED   0x00000004   Data   RW          695    .data               stm32f4xx_hal.o
    0x20000018   COMPRESSED   0x00000004   Data   RW         5773    .data               delay.o
    0x2000001c   COMPRESSED   0x00000007   Data   RW         5848    .data               usart.o
    0x20000023   COMPRESSED   0x00000001   Data   RW         6075    .data               rs485.o
    0x20000024   COMPRESSED   0x00000010   Data   RW         6334    .data               easyui.o
    0x20000034   COMPRESSED   0x00000010   Data   RW         6588    .data               lcd.o
    0x20000044   COMPRESSED   0x00000007   Data   RW         6864    .data               ft5206.o
    0x2000004b   COMPRESSED   0x00000001   PAD
    0x2000004c   COMPRESSED   0x0000004a   Data   RW         6920    .data               touch.o
    0x20000096   COMPRESSED   0x00000002   PAD
    0x20000098   COMPRESSED   0x00000008   Data   RW         7029    .data               ltdc.o
    0x200000a0   COMPRESSED   0x00000001   Data   RW         7200    .data               gt9147.o
    0x200000a1   COMPRESSED   0x00000001   Data   RW         7252    .data               gt9271.o
    0x200000a2   COMPRESSED   0x00000001   Data   RW         7304    .data               ott2001a.o
    0x200000a3   COMPRESSED   0x00000001   PAD
    0x200000a4   COMPRESSED   0x00000004   Data   RW         7424    .data               ftl.o
    0x200000a8   COMPRESSED   0x00000002   Data   RW         7740    .data               w25qxx.o
    0x200000aa   COMPRESSED   0x00000002   Data   RW         8020    .data               esp8266.o
    0x200000ac   COMPRESSED   0x00000014   Data   RW         8236    .data               exfuns.o
    0x200000c0   COMPRESSED   0x00000002   Data   RW         8452    .data               ff.o
    0x200000c2   COMPRESSED   0x00000002   PAD
    0x200000c4   COMPRESSED   0x00000024   Data   RW         8800    .data               malloc.o
    0x200000e8   COMPRESSED   0x0000001c   Data   RW         8882    .data               usmart.o
    0x20000104   COMPRESSED   0x00000134   Data   RW         8959    .data               usmart_config.o
    0x20000238   COMPRESSED   0x0000003c   Data   RW         9728    .data               tasks.o
    0x20000274        -       0x00000108   Zero   RW         5847    .bss                usart.o
    0x2000037c        -       0x00000080   Zero   RW         6074    .bss                rs485.o
    0x200003fc        -       0x0000005e   Zero   RW         6586    .bss                lcd.o
    0x2000045a   COMPRESSED   0x00000002   PAD
    0x2000045c        -       0x00000108   Zero   RW         7028    .bss                ltdc.o
    0x20000564        -       0x00000034   Zero   RW         7356    .bss                sdram.o
    0x20000598        -       0x00000094   Zero   RW         7541    .bss                nand.o
    0x2000062c   COMPRESSED   0x00000004   PAD
    0x20000630        -       0x00000368   Zero   RW         7675    .bss                sdio_sdcard.o
    0x20000998        -       0x00001000   Zero   RW         7739    .bss                w25qxx.o
    0x20001998        -       0x00000058   Zero   RW         7847    .bss                spi.o
    0x200019f0        -       0x00000020   Zero   RW         7901    .bss                rtc.o
    0x20001a10        -       0x00000240   Zero   RW         8019    .bss                esp8266.o
    0x20001c50        -       0x00000029   Zero   RW         8102    .bss                fontupd.o
    0x20001c79   COMPRESSED   0x00000007   PAD
    0x20001c80        -       0x00000178   Zero   RW         8233    .bss                exfuns.o
    0x20001df8        -       0x0000000c   Zero   RW         8450    .bss                ff.o
    0x20001e04   COMPRESSED   0x0000001c   PAD
    0x20001e20        -       0x0002a800   Zero   RW         8798    .bss                malloc.o
    0x2002c620        -       0x0000003c   Zero   RW         8880    .bss                usmart.o
    0x2002c65c        -       0x000002e4   Zero   RW         9727    .bss                tasks.o
    0x2002c940        -       0x00000060   Zero   RW        10385    .bss                c_w.l(libspace.o)
    0x2002c9a0        -       0x00000200   Zero   RW          663    HEAP                startup_stm32f429xx.o
    0x2002cba0        -       0x00000400   Zero   RW          662    STACK               startup_stm32f429xx.o



  Load Region LR$$.ARM.__AT_0x10000000 (Base: 0x10000000, Size: 0x00000000, Max: 0x0000f000, ABSOLUTE)

    Execution Region ER$$.ARM.__AT_0x10000000 (Exec base: 0x10000000, Load base: 0x10000000, Size: 0x0000f000, Max: 0x0000f000, ABSOLUTE, UNINIT)

    Exec Addr    Load Addr    Size         Type   Attr      Idx    E Section Name        Object

    0x10000000        -       0x0000f000   Zero   RW         8794    .ARM.__AT_0x10000000  malloc.o



  Load Region LR$$.ARM.__AT_0x1000F000 (Base: 0x1000f000, Size: 0x00000000, Max: 0x00000f00, ABSOLUTE)

    Execution Region ER$$.ARM.__AT_0x1000F000 (Exec base: 0x1000f000, Load base: 0x1000f000, Size: 0x00000f00, Max: 0x00000f00, ABSOLUTE, UNINIT)

    Exec Addr    Load Addr    Size         Type   Attr      Idx    E Section Name        Object

    0x1000f000        -       0x00000f00   Zero   RW         8795    .ARM.__AT_0x1000F000  malloc.o



  Load Region LR$$.ARM.__AT_0xC0000000 (Base: 0xc0000000, Size: 0x00000000, Max: 0x001f4000, ABSOLUTE)

    Execution Region ER$$.ARM.__AT_0xC0000000 (Exec base: 0xc0000000, Load base: 0xc0000000, Size: 0x001f4000, Max: 0x001f4000, ABSOLUTE, UNINIT)

    Exec Addr    Load Addr    Size         Type   Attr      Idx    E Section Name        Object

    0xc0000000        -       0x001f4000   Zero   RW         7027    .ARM.__AT_0xC0000000  ltdc.o



  Load Region LR$$.ARM.__AT_0xC01F4000 (Base: 0xc01f4000, Size: 0x00000000, Max: 0x01c3c000, ABSOLUTE)

    Execution Region ER$$.ARM.__AT_0xC01F4000 (Exec base: 0xc01f4000, Load base: 0xc01f4000, Size: 0x01c3c000, Max: 0x01c3c000, ABSOLUTE, UNINIT)

    Exec Addr    Load Addr    Size         Type   Attr      Idx    E Section Name        Object

    0xc01f4000        -       0x01c3c000   Zero   RW         8796    .ARM.__AT_0xC01F4000  malloc.o



  Load Region LR$$.ARM.__AT_0xC1E30000 (Base: 0xc1e30000, Size: 0x00000000, Max: 0x001c3c00, ABSOLUTE)

    Execution Region ER$$.ARM.__AT_0xC1E30000 (Exec base: 0xc1e30000, Load base: 0xc1e30000, Size: 0x001c3c00, Max: 0x001c3c00, ABSOLUTE, UNINIT)

    Exec Addr    Load Addr    Size         Type   Attr      Idx    E Section Name        Object

    0xc1e30000        -       0x001c3c00   Zero   RW         8797    .ARM.__AT_0xC1E30000  malloc.o


==============================================================================

Image component sizes


      Code (inc. data)   RO Data    RW Data    ZI Data      Debug   Object Name

       246          0          0          0          0       3443   24cxx.o
       594        102          0          0          0       5425   ctiic.o
       172          8          0          4          0       2481   delay.o
       440         36          0          0          0       4116   dht11.o
       350          0          0          0          0       4237   diskio.o
       736        184          0         16          0       2923   easyui.o
       276         30          0          2        576       2188   esp8266.o
       132         18          0         20        376       1670   exfuns.o
      1740         42          0          2         12      12146   ff.o
        68          4          0          0         41       2019   fontupd.o
      1446         84         20          7          0       4181   ft5206.o
      2356        286          0          4          0      11369   ftl.o
      1558        104        194          1          0       4810   gt9147.o
      1166         82        206          1          0       4670   gt9271.o
       180         18          0          0          0        995   key.o
     14432        230      18240         16         94      24562   lcd.o
       164         14          0          0          0        915   led.o
        64          0          0          0          0       1592   list.o
      1974        130          0          8    2048264       9854   ltdc.o
       172         22          0          0          0     493075   main.o
       480         54         36         36   31695616       6446   malloc.o
         0          0          0          0          0       2280   mycc936.o
       712        112          0          0          0       4874   myiic.o
      3312        304          0          0        148      18067   nand.o
       942         70         10          1          0       4383   ott2001a.o
       208         10          0          0          0       2830   pcf8574.o
       234         22          0          0          0       3974   port.o
        72         12          0          1        128       1232   rs485.o
       520         66          0          0         32       6819   rtc.o
       556         42          0          0        872       3919   sdio_sdcard.o
       568         44          0          0         52       3550   sdram.o
       308         28          0          0         88       2806   spi.o
        64         26        428          0       1536        832   startup_stm32f429xx.o
       160         16          0          4          0       4744   stm32f4xx_hal.o
       338         22          0          0          0      31413   stm32f4xx_hal_cortex.o
       568         54          0          0          0       3099   stm32f4xx_hal_gpio.o
      1144          6          0          0          0       4685   stm32f4xx_hal_ltdc.o
       102          0          0          0          0       1220   stm32f4xx_hal_nand.o
        24          4          0          0          0        547   stm32f4xx_hal_pwr.o
       164         12          0          0          0       1280   stm32f4xx_hal_pwr_ex.o
      2044         66         16          0          0       6011   stm32f4xx_hal_rcc.o
       872         24          0          0          0       1564   stm32f4xx_hal_rcc_ex.o
      1764         32          0          0          0       9170   stm32f4xx_hal_rtc.o
       402         10          0          0          0       4035   stm32f4xx_hal_rtc_ex.o
      4864         16          0          0          0      21264   stm32f4xx_hal_sd.o
       162          0          0          0          0       2736   stm32f4xx_hal_sdram.o
      1262          0          0          0          0       3625   stm32f4xx_hal_spi.o
        88          0          0          0          0       1208   stm32f4xx_hal_sram.o
       312         44          0          0          0       3068   stm32f4xx_hal_tim.o
      1954         10          0          0          0       9638   stm32f4xx_hal_uart.o
        20          0          0          0          0       2689   stm32f4xx_it.o
       842         18          0          0          0       8161   stm32f4xx_ll_fmc.o
       208          4          0          0          0       6269   stm32f4xx_ll_sdmmc.o
       200          8          0          0          0       1719   sys.o
       100         18          0         20          0       1033   system_stm32f4xx.o
       628        180          0         60        740      14558   tasks.o
       750         20          0          0          0       4206   text.o
      4336        282        125         74          0      10785   touch.o
       460         60          0          7        264       5465   usart.o
      3202       1354         40         28         60       7883   usmart.o
         0          0        298        308          0       1532   usmart_config.o
      1328         20          0          0          0       8809   usmart_str.o
       906         76          0          2       4096       7437   w25qxx.o

    ----------------------------------------------------------------------
     65516       4540      19652        628   33753036     848536   Object Totals
         0          0         32          0          0          0   (incl. Generated)
        70          0          7          6         41          0   (incl. Padding)

    ----------------------------------------------------------------------

      Code (inc. data)   RO Data    RW Data    ZI Data      Debug   Library Member Name

        90          0          0          0          0          0   __dczerorl2.o
         8          0          0          0          0         68   __main.o
       392          4         17          0          0         92   __printf_flags_ss_wp.o
        14          0          0          0          0         68   __printf_wp.o
         0          0          0          0          0          0   __rtentry.o
        12          0          0          0          0          0   __rtentry2.o
         6          0          0          0          0          0   __rtentry4.o
        52          8          0          0          0          0   __scatter.o
        28          0          0          0          0          0   __scatter_zi.o
         6          0          0          0          0          0   _printf_c.o
        44          0          0          0          0        108   _printf_char.o
        48          6          0          0          0         96   _printf_char_common.o
        36          4          0          0          0         80   _printf_char_file.o
         6          0          0          0          0          0   _printf_d.o
       120         16          0          0          0         92   _printf_dec.o
        88          4         40          0          0         88   _printf_hex_int.o
       178          0          0          0          0         88   _printf_intcommon.o
        78          0          0          0          0        108   _printf_pad.o
         0          0          0          0          0          0   _printf_percent.o
         4          0          0          0          0          0   _printf_percent_end.o
         6          0          0          0          0          0   _printf_s.o
        82          0          0          0          0         80   _printf_str.o
         6          0          0          0          0          0   _printf_u.o
         6          0          0          0          0          0   _printf_x.o
        22          0          0          0          0        100   _rserrno.o
        10          0          0          0          0         68   _sputc.o
        18          0          0          0          0         80   exit.o
         8          0          0          0          0         68   ferror.o
         6          0          0          0          0        152   heapauxi.o
         2          0          0          0          0          0   libinit.o
         6          0          0          0          0          0   libinit2.o
         2          0          0          0          0          0   libshutdown.o
         2          0          0          0          0          0   libshutdown2.o
         8          4          0          0         96         68   libspace.o
       238          0          0          0          0        100   lludivv7m.o
        24          4          0          0          0         84   noretval__2printf.o
        40          6          0          0          0         84   noretval__2sprintf.o
         8          4          0          0          0         68   rt_errno_addr_intlibspace.o
        68          0          0          0          0         68   rt_memclr.o
        78          0          0          0          0         80   rt_memclr_w.o
       138          0          0          0          0         68   rt_memcpy_v6.o
       100          0          0          0          0         80   rt_memcpy_w.o
         2          0          0          0          0          0   rtexit.o
        10          0          0          0          0          0   rtexit2.o
       128          0          0          0          0         68   strcmpv7m.o
        62          0          0          0          0         76   strlen.o
        74          0          0          0          0         80   sys_stackheap_outer.o
         2          0          0          0          0         68   use_no_semi.o
         2          0          0          0          0         68   use_no_semi_2.o
       826         16          0          0          0        492   daddsub_clz.o
        24          0          0          0          0        116   dcmpi.o
        90          4          0          0          0        140   dfixu.o
        84          0          0          0          0        232   dflt_clz.o
       120          4          0          0          0        140   dleqf.o
       340         12          0          0          0        152   dmul.o
       156          4          0          0          0        140   dnaninf.o
        12          0          0          0          0        116   dretinf.o
       108          0          0          0          0        128   drleqf.o
       408         56          0          0          0        168   dsqrt_umaal.o
        86          4          0          0          0        132   f2d.o
       140          4          0          0          0        132   fnaninf.o
        10          0          0          0          0        116   fpinit.o
         0          0          0          0          0          0   usenofp.o
       122          0          0          0          0        148   sqrt.o

    ----------------------------------------------------------------------
      4904        164         60          0         96       4848   Library Totals
        10          0          3          0          0          0   (incl. Padding)

    ----------------------------------------------------------------------

      Code (inc. data)   RO Data    RW Data    ZI Data      Debug   Library Name

      2368         60         57          0         96       2496   c_w.l
      2404        104          0          0          0       2204   fz_wm.l
       122          0          0          0          0        148   m_wm.l

    ----------------------------------------------------------------------
      4904        164         60          0         96       4848   Library Totals

    ----------------------------------------------------------------------

==============================================================================


      Code (inc. data)   RO Data    RW Data    ZI Data      Debug   

     70420       4704      19712        628   33753132     815832   Grand Totals
     70420       4704      19712        180   33753132     815832   ELF Image Totals (compressed)
     70420       4704      19712        180          0          0   ROM Totals

==============================================================================

    Total RO  Size (Code + RO Data)                90132 (  88.02kB)
    Total RW  Size (RW Data + ZI Data)          33753760 (32962.66kB)
    Total ROM Size (Code + RO Data + RW Data)      90312 (  88.20kB)

==============================================================================

