Component: ARM Compiler 5.06 update 5 (build 528) Tool: armlink [4d35e2]

==============================================================================

Section Cross References

    main.o(i.Load_Drow_Dialog) refers to lcd.o(i.LCD_Clear) for LCD_Clear
    main.o(i.Load_Drow_Dialog) refers to lcd.o(i.LCD_ShowString) for LCD_ShowString
    main.o(i.Load_Drow_Dialog) refers to lcd.o(.data) for POINT_COLOR
    main.o(i.Load_Drow_Dialog) refers to lcd.o(.bss) for lcddev
    main.o(i.ctp_test) refers to main.o(i.lcd_draw_bline) for lcd_draw_bline
    main.o(i.ctp_test) refers to easyui.o(i.UI_TouchHandler) for UI_TouchHandler
    main.o(i.ctp_test) refers to main.o(i.Load_Drow_Dialog) for Load_Drow_Dialog
    main.o(i.ctp_test) refers to delay.o(i.delay_ms) for delay_ms
    main.o(i.ctp_test) refers to lcd.o(.bss) for lcddev
    main.o(i.ctp_test) refers to touch.o(.data) for tp_dev
    main.o(i.ctp_test) refers to main.o(.constdata) for .constdata
    main.o(i.gui_draw_hline) refers to lcd.o(i.LCD_Fill) for LCD_Fill
    main.o(i.gui_draw_hline) refers to lcd.o(.bss) for lcddev
    main.o(i.gui_fill_circle) refers to main.o(i.gui_draw_hline) for gui_draw_hline
    main.o(i.lcd_draw_bline) refers to main.o(i.gui_fill_circle) for gui_fill_circle
    main.o(i.main) refers to stm32f4xx_hal.o(i.HAL_Init) for HAL_Init
    main.o(i.main) refers to sys.o(i.Stm32_Clock_Init) for Stm32_Clock_Init
    main.o(i.main) refers to delay.o(i.delay_init) for delay_init
    main.o(i.main) refers to usart.o(i.uart_init) for uart_init
    main.o(i.main) refers to led.o(i.LED_Init) for LED_Init
    main.o(i.main) refers to key.o(i.KEY_Init) for KEY_Init
    main.o(i.main) refers to sdram.o(i.SDRAM_Init) for SDRAM_Init
    main.o(i.main) refers to lcd.o(i.LCD_Init) for LCD_Init
    main.o(i.main) refers to main.o(i.ctp_test) for ctp_test
    main.o(i.main) refers to touch.o(.data) for tp_dev
    main.o(i.main) refers to lcd.o(.data) for POINT_COLOR
    stm32f4xx_it.o(i.SysTick_Handler) refers to stm32f4xx_hal.o(i.HAL_IncTick) for HAL_IncTick
    system_stm32f4xx.o(i.SystemCoreClockUpdate) refers to system_stm32f4xx.o(.data) for .data
    startup_stm32f429xx.o(STACK) refers (Special) to heapauxi.o(.text) for __use_two_region_memory
    startup_stm32f429xx.o(HEAP) refers (Special) to heapauxi.o(.text) for __use_two_region_memory
    startup_stm32f429xx.o(RESET) refers (Special) to heapauxi.o(.text) for __use_two_region_memory
    startup_stm32f429xx.o(RESET) refers to startup_stm32f429xx.o(STACK) for __initial_sp
    startup_stm32f429xx.o(RESET) refers to startup_stm32f429xx.o(.text) for Reset_Handler
    startup_stm32f429xx.o(RESET) refers to stm32f4xx_it.o(i.NMI_Handler) for NMI_Handler
    startup_stm32f429xx.o(RESET) refers to stm32f4xx_it.o(i.HardFault_Handler) for HardFault_Handler
    startup_stm32f429xx.o(RESET) refers to stm32f4xx_it.o(i.MemManage_Handler) for MemManage_Handler
    startup_stm32f429xx.o(RESET) refers to stm32f4xx_it.o(i.BusFault_Handler) for BusFault_Handler
    startup_stm32f429xx.o(RESET) refers to stm32f4xx_it.o(i.UsageFault_Handler) for UsageFault_Handler
    startup_stm32f429xx.o(RESET) refers to stm32f4xx_it.o(i.SVC_Handler) for SVC_Handler
    startup_stm32f429xx.o(RESET) refers to stm32f4xx_it.o(i.DebugMon_Handler) for DebugMon_Handler
    startup_stm32f429xx.o(RESET) refers to stm32f4xx_it.o(i.PendSV_Handler) for PendSV_Handler
    startup_stm32f429xx.o(RESET) refers to stm32f4xx_it.o(i.SysTick_Handler) for SysTick_Handler
    startup_stm32f429xx.o(RESET) refers to usart.o(i.USART1_IRQHandler) for USART1_IRQHandler
    startup_stm32f429xx.o(RESET) refers to rs485.o(i.USART2_IRQHandler) for USART2_IRQHandler
    startup_stm32f429xx.o(.text) refers (Special) to heapauxi.o(.text) for __use_two_region_memory
    startup_stm32f429xx.o(.text) refers to system_stm32f4xx.o(i.SystemInit) for SystemInit
    startup_stm32f429xx.o(.text) refers to __main.o(!!!main) for __main
    startup_stm32f429xx.o(.text) refers to startup_stm32f429xx.o(HEAP) for Heap_Mem
    startup_stm32f429xx.o(.text) refers to startup_stm32f429xx.o(STACK) for Stack_Mem
    stm32f4xx_hal.o(i.HAL_DeInit) refers to stm32f4xx_hal.o(i.HAL_MspDeInit) for HAL_MspDeInit
    stm32f4xx_hal.o(i.HAL_Delay) refers to stm32f4xx_hal.o(i.HAL_GetTick) for HAL_GetTick
    stm32f4xx_hal.o(i.HAL_GetTick) refers to stm32f4xx_hal.o(.data) for .data
    stm32f4xx_hal.o(i.HAL_IncTick) refers to stm32f4xx_hal.o(.data) for .data
    stm32f4xx_hal.o(i.HAL_Init) refers to stm32f4xx_hal_cortex.o(i.HAL_NVIC_SetPriorityGrouping) for HAL_NVIC_SetPriorityGrouping
    stm32f4xx_hal.o(i.HAL_Init) refers to stm32f4xx_hal.o(i.HAL_InitTick) for HAL_InitTick
    stm32f4xx_hal.o(i.HAL_Init) refers to stm32f4xx_hal.o(i.HAL_MspInit) for HAL_MspInit
    stm32f4xx_hal.o(i.HAL_InitTick) refers to stm32f4xx_hal_rcc.o(i.HAL_RCC_GetHCLKFreq) for HAL_RCC_GetHCLKFreq
    stm32f4xx_hal.o(i.HAL_InitTick) refers to stm32f4xx_hal_cortex.o(i.HAL_SYSTICK_Config) for HAL_SYSTICK_Config
[...]
    x$fpl$fnaninf                            0x080092d6   Section      140  fnaninf.o(x$fpl$fnaninf)
    $v0                                      0x080092d6   Number         0  fnaninf.o(x$fpl$fnaninf)
    x$fpl$fpinit                             0x08009362   Section       10  fpinit.o(x$fpl$fpinit)
    $v0                                      0x08009362   Number         0  fpinit.o(x$fpl$fpinit)
    .constdata                               0x0800936c   Section       20  main.o(.constdata)
    x$fpl$usenofp                            0x0800936c   Section        0  usenofp.o(x$fpl$usenofp)
    .constdata                               0x08009380   Section       16  stm32f4xx_hal_rcc.o(.constdata)
    .constdata                               0x08009390   Section    18240  lcd.o(.constdata)
    .constdata                               0x0800dad0   Section       20  ft5206.o(.constdata)
    .constdata                               0x0800dae4   Section        4  touch.o(.constdata)
    .constdata                               0x0800dae8   Section      194  gt9147.o(.constdata)
    .constdata                               0x0800dbaa   Section      206  gt9271.o(.constdata)
    .constdata                               0x0800dc78   Section       10  ott2001a.o(.constdata)
    .constdata                               0x0800dc82   Section       40  _printf_hex_int.o(.constdata)
    uc_hextab                                0x0800dc82   Data          20  _printf_hex_int.o(.constdata)
    lc_hextab                                0x0800dc96   Data          20  _printf_hex_int.o(.constdata)
    .conststring                             0x0800dcac   Section      121  touch.o(.conststring)
    .data                                    0x20000000   Section       20  system_stm32f4xx.o(.data)
    .data                                    0x20000014   Section        4  stm32f4xx_hal.o(.data)
    uwTick                                   0x20000014   Data           4  stm32f4xx_hal.o(.data)
    .data                                    0x20000018   Section        4  delay.o(.data)
    fac_us                                   0x20000018   Data           4  delay.o(.data)
    .data                                    0x2000001c   Section        4  usart.o(.data)
    .data                                    0x20000020   Section        4  usart.o(.data)
    .data                                    0x20000024   Section        1  rs485.o(.data)
    .data                                    0x20000025   Section        1  easyui.o(.data)
    current_screen                           0x20000025   Data           1  easyui.o(.data)
    .data                                    0x20000028   Section       12  lcd.o(.data)
    .data                                    0x20000034   Section        7  ft5206.o(.data)
    t                                        0x20000035   Data           1  ft5206.o(.data)
    .data                                    0x2000003c   Section       76  touch.o(.data)
    .data                                    0x20000088   Section        8  ltdc.o(.data)
    .data                                    0x20000090   Section        1  gt9147.o(.data)
    t                                        0x20000090   Data           1  gt9147.o(.data)
    .data                                    0x20000091   Section        1  gt9271.o(.data)
    t                                        0x20000091   Data           1  gt9271.o(.data)
    .data                                    0x20000092   Section        1  ott2001a.o(.data)
    t                                        0x20000092   Data           1  ott2001a.o(.data)
    .bss                                     0x20000094   Section      264  usart.o(.bss)
    .bss                                     0x2000019c   Section      128  rs485.o(.bss)
    .bss                                     0x2000021c   Section       94  lcd.o(.bss)
    .bss                                     0x2000027c   Section      200  ltdc.o(.bss)
    .bss                                     0x20000344   Section       52  sdram.o(.bss)
    .bss                                     0x20000378   Section       96  libspace.o(.bss)
    HEAP                                     0x200003d8   Section      512  startup_stm32f429xx.o(HEAP)
    Heap_Mem                                 0x200003d8   Data         512  startup_stm32f429xx.o(HEAP)
    STACK                                    0x200005d8   Section     1024  startup_stm32f429xx.o(STACK)
    Stack_Mem                                0x200005d8   Data        1024  startup_stm32f429xx.o(STACK)
    __initial_sp                             0x200009d8   Data           0  startup_stm32f429xx.o(STACK)
    .ARM.__AT_0xC0000000                     0xc0000000   Section    2048000  ltdc.o(.ARM.__AT_0xC0000000)

    Global Symbols

    Symbol Name                              Value     Ov Type        Size  Object(Section)

    BuildAttributes$$THM_ISAv4$E$P$D$K$B$S$7EM$VFPi3$EXTD16$VFPS$VFMA$PE$A:L22UL41UL21$X:L11$S22US41US21$IEEE1$IW$USESV6$~STKCKD$USESV7$~SHL$OTIME$ROPI$IEEEJ$EBA8$UX$STANDARDLIB$REQ8$PRES8$EABIv2 0x00000000   Number         0  anon$$obj.o ABSOLUTE
    __ARM_use_no_argv                        0x00000000   Number         0  main.o ABSOLUTE
    __ARM_exceptions_init                     - Undefined Weak Reference
    __alloca_initialize                       - Undefined Weak Reference
    __arm_preinit_                            - Undefined Weak Reference
    __cpp_initialize__aeabi_                  - Undefined Weak Reference
    __cxa_finalize                            - Undefined Weak Reference
    __rt_locale                               - Undefined Weak Reference
    __sigvec_lookup                           - Undefined Weak Reference
    _atexit_init                              - Undefined Weak Reference
    _call_atexit_fns                          - Undefined Weak Reference
    _clock_init                               - Undefined Weak Reference
    _fp_trap_init                             - Undefined Weak Reference
    _fp_trap_shutdown                         - Undefined Weak Reference
    _get_lc_collate                           - Undefined Weak Reference
    _get_lc_ctype                             - Undefined Weak Reference
    _get_lc_monetary                          - Undefined Weak Reference
    _get_lc_numeric                           - Undefined Weak Reference
    _get_lc_time                              - Undefined Weak Reference
    _getenv_init                              - Undefined Weak Reference
    _handle_redirection                       - Undefined Weak Reference
    _init_alloc                               - Undefined Weak Reference
    _init_user_alloc                          - Undefined Weak Reference
    _initio                                   - Undefined Weak Reference
    _mutex_acquire                            - Undefined Weak Reference
    _mutex_release                            - Undefined Weak Reference
    _printf_mbtowc                            - Undefined Weak Reference
    _printf_post_padding                      - Undefined Weak Reference
    _printf_pre_padding                       - Undefined Weak Reference
    _printf_truncate_signed                   - Undefined Weak Reference
    _printf_truncate_unsigned                 - Undefined Weak Reference
    _rand_init                                - Undefined Weak Reference
    _signal_finish                            - Undefined Weak Reference
    _signal_init                              - Undefined Weak Reference
    _terminate_alloc                          - Undefined Weak Reference
    _terminate_user_alloc                     - Undefined Weak Reference
    _terminateio                              - Undefined Weak Reference
    __Vectors_Size                           0x000001ac   Number         0  startup_stm32f429xx.o ABSOLUTE
    __Vectors                                0x08000000   Data           4  startup_stm32f429xx.o(RESET)
    __Vectors_End                            0x080001ac   Data           0  startup_stm32f429xx.o(RESET)
    __main                                   0x080001ad   Thumb Code     8  __main.o(!!!main)
    __scatterload                            0x080001b5   Thumb Code     0  __scatter.o(!!!scatter)
    __scatterload_rt2                        0x080001b5   Thumb Code    44  __scatter.o(!!!scatter)
    __scatterload_rt2_thumb_only             0x080001b5   Thumb Code     0  __scatter.o(!!!scatter)
    __scatterload_null                       0x080001c3   Thumb Code     0  __scatter.o(!!!scatter)
    __scatterload_copy                       0x080001e9   Thumb Code    26  __scatter_copy.o(!!handler_copy)
    __scatterload_zeroinit                   0x08000205   Thumb Code    28  __scatter_zi.o(!!handler_zi)
    _printf_d                                0x08000221   Thumb Code     0  _printf_d.o(.ARM.Collect$$_printf_percent$$00000009)
    _printf_percent                          0x08000221   Thumb Code     0  _printf_percent.o(.ARM.Collect$$_printf_percent$$00000000)
    _printf_x                                0x08000227   Thumb Code     0  _printf_x.o(.ARM.Collect$$_printf_percent$$0000000C)
    _printf_s                                0x0800022d   Thumb Code     0  _printf_s.o(.ARM.Collect$$_printf_percent$$00000014)
    _printf_percent_end                      0x08000233   Thumb Code     0  _printf_percent_end.o(.ARM.Collect$$_printf_percent$$00000017)
    __rt_lib_init                            0x08000237   Thumb Code     0  libinit.o(.ARM.Collect$$libinit$$00000000)
    __rt_lib_init_fp_1                       0x08000239   Thumb Code     0  libinit2.o(.ARM.Collect$$libinit$$00000001)
    __rt_lib_init_alloca_1                   0x0800023d   Thumb Code     0  libinit2.o(.ARM.Collect$$libinit$$0000002E)
    __rt_lib_init_argv_1                     0x0800023d   Thumb Code     0  libinit2.o(.ARM.Collect$$libinit$$0000002C)
    __rt_lib_init_atexit_1                   0x0800023d   Thumb Code     0  libinit2.o(.ARM.Collect$$libinit$$0000001B)
    __rt_lib_init_clock_1                    0x0800023d   Thumb Code     0  libinit2.o(.ARM.Collect$$libinit$$00000021)
    __rt_lib_init_cpp_1                      0x0800023d   Thumb Code     0  libinit2.o(.ARM.Collect$$libinit$$00000032)
    __rt_lib_init_exceptions_1               0x0800023d   Thumb Code     0  libinit2.o(.ARM.Collect$$libinit$$00000030)
    __rt_lib_init_fp_trap_1                  0x0800023d   Thumb Code     0  libinit2.o(.ARM.Collect$$libinit$$0000001F)
    __rt_lib_init_getenv_1                   0x0800023d   Thumb Code     0  libinit2.o(.ARM.Collect$$libinit$$00000023)
    __rt_lib_init_heap_1                     0x0800023d   Thumb Code     0  libinit2.o(.ARM.Collect$$libinit$$0000000A)
    __rt_lib_init_lc_collate_1               0x0800023d   Thumb Code     0  libinit2.o(.ARM.Collect$$libinit$$00000011)
    __rt_lib_init_lc_ctype_1                 0x0800023d   Thumb Code     0  libinit2.o(.ARM.Collect$$libinit$$00000013)
    __rt_lib_init_lc_monetary_1              0x0800023d   Thumb Code     0  libinit2.o(.ARM.Collect$$libinit$$00000015)
    __rt_lib_init_lc_numeric_1               0x0800023d   Thumb Code     0  libinit2.o(.ARM.Collect$$libinit$$00000017)
    __rt_lib_init_lc_time_1                  0x0800023d   Thumb Code     0  libinit2.o(.ARM.Collect$$libinit$$00000019)
    __rt_lib_init_preinit_1                  0x0800023d   Thumb Code     0  libinit2.o(.ARM.Collect$$libinit$$00000004)
    __rt_lib_init_rand_1                     0x0800023d   Thumb Code     0  libinit2.o(.ARM.Collect$$libinit$$0000000E)
    __rt_lib_init_return                     0x0800023d   Thumb Code     0  libinit2.o(.ARM.Collect$$libinit$$00000033)
    __rt_lib_init_signal_1                   0x0800023d   Thumb Code     0  libinit2.o(.ARM.Collect$$libinit$$0000001D)
    __rt_lib_init_stdio_1                    0x0800023d   Thumb Code     0  libinit2.o(.ARM.Collect$$libinit$$00000025)
    __rt_lib_init_user_alloc_1               0x0800023d   Thumb Code     0  libinit2.o(.ARM.Collect$$libinit$$0000000C)
    __rt_lib_shutdown                        0x0800023f   Thumb Code     0  libshutdown.o(.ARM.Collect$$libshutdown$$00000000)
    __rt_lib_shutdown_cpp_1                  0x08000241   Thumb Code     0  libshutdown2.o(.ARM.Collect$$libshutdown$$00000002)
    __rt_lib_shutdown_fp_trap_1              0x08000241   Thumb Code     0  libshutdown2.o(.ARM.Collect$$libshutdown$$00000007)
    __rt_lib_shutdown_heap_1                 0x08000241   Thumb Code     0  libshutdown2.o(.ARM.Collect$$libshutdown$$0000000F)
    __rt_lib_shutdown_return                 0x08000241   Thumb Code     0  libshutdown2.o(.ARM.Collect$$libshutdown$$00000010)
    __rt_lib_shutdown_signal_1               0x08000241   Thumb Code     0  libshutdown2.o(.ARM.Collect$$libshutdown$$0000000A)
    __rt_lib_shutdown_stdio_1                0x08000241   Thumb Code     0  libshutdown2.o(.ARM.Collect$$libshutdown$$00000004)
    __rt_lib_shutdown_user_alloc_1           0x08000241   Thumb Code     0  libshutdown2.o(.ARM.Collect$$libshutdown$$0000000C)
    __rt_entry                               0x08000243   Thumb Code     0  __rtentry.o(.ARM.Collect$$rtentry$$00000000)
    __rt_entry_presh_1                       0x08000243   Thumb Code     0  __rtentry2.o(.ARM.Collect$$rtentry$$00000002)
    __rt_entry_sh                            0x08000243   Thumb Code     0  __rtentry4.o(.ARM.Collect$$rtentry$$00000004)
    __rt_entry_li                            0x08000249   Thumb Code     0  __rtentry2.o(.ARM.Collect$$rtentry$$0000000A)
    __rt_entry_postsh_1                      0x08000249   Thumb Code     0  __rtentry2.o(.ARM.Collect$$rtentry$$00000009)
    __rt_entry_main                          0x0800024d   Thumb Code     0  __rtentry2.o(.ARM.Collect$$rtentry$$0000000D)
    __rt_entry_postli_1                      0x0800024d   Thumb Code     0  __rtentry2.o(.ARM.Collect$$rtentry$$0000000C)
    __rt_exit                                0x08000255   Thumb Code     0  rtexit.o(.ARM.Collect$$rtexit$$00000000)
    __rt_exit_ls                             0x08000257   Thumb Code     0  rtexit2.o(.ARM.Collect$$rtexit$$00000003)
    __rt_exit_prels_1                        0x08000257   Thumb Code     0  rtexit2.o(.ARM.Collect$$rtexit$$00000002)
    __rt_exit_exit                           0x0800025b   Thumb Code     0  rtexit2.o(.ARM.Collect$$rtexit$$00000004)
    Reset_Handler                            0x08000261   Thumb Code     8  startup_stm32f429xx.o(.text)
    ADC_IRQHandler                           0x0800027b   Thumb Code     0  startup_stm32f429xx.o(.text)
    CAN1_RX0_IRQHandler                      0x0800027b   Thumb Code     0  startup_stm32f429xx.o(.text)
    CAN1_RX1_IRQHandler                      0x0800027b   Thumb Code     0  startup_stm32f429xx.o(.text)
    CAN1_SCE_IRQHandler                      0x0800027b   Thumb Code     0  startup_stm32f429xx.o(.text)
    CAN1_TX_IRQHandler                       0x0800027b   Thumb Code     0  startup_stm32f429xx.o(.text)
    CAN2_RX0_IRQHandler                      0x0800027b   Thumb Code     0  startup_stm32f429xx.o(.text)
    CAN2_RX1_IRQHandler                      0x0800027b   Thumb Code     0  startup_stm32f429xx.o(.text)
    CAN2_SCE_IRQHandler                      0x0800027b   Thumb Code     0  startup_stm32f429xx.o(.text)
    CAN2_TX_IRQHandler                       0x0800027b   Thumb Code     0  startup_stm32f429xx.o(.text)
    DCMI_IRQHandler                          0x0800027b   Thumb Code     0  startup_stm32f429xx.o(.text)
    DMA1_Stream0_IRQHandler                  0x0800027b   Thumb Code     0  startup_stm32f429xx.o(.text)
    DMA1_Stream1_IRQHandler                  0x0800027b   Thumb Code     0  startup_stm32f429xx.o(.text)
    DMA1_Stream2_IRQHandler                  0x0800027b   Thumb Code     0  startup_stm32f429xx.o(.text)
    DMA1_Stream3_IRQHandler                  0x0800027b   Thumb Code     0  startup_stm32f429xx.o(.text)
    DMA1_Stream4_IRQHandler                  0x0800027b   Thumb Code     0  startup_stm32f429xx.o(.text)
    DMA1_Stream5_IRQHandler                  0x0800027b   Thumb Code     0  startup_stm32f429xx.o(.text)
    DMA1_Stream6_IRQHandler                  0x0800027b   Thumb Code     0  startup_stm32f429xx.o(.text)
    DMA1_Stream7_IRQHandler                  0x0800027b   Thumb Code     0  startup_stm32f429xx.o(.text)
    DMA2D_IRQHandler                         0x0800027b   Thumb Code     0  startup_stm32f429xx.o(.text)
    DMA2_Stream0_IRQHandler                  0x0800027b   Thumb Code     0  startup_stm32f429xx.o(.text)
    DMA2_Stream1_IRQHandler                  0x0800027b   Thumb Code     0  startup_stm32f429xx.o(.text)
    DMA2_Stream2_IRQHandler                  0x0800027b   Thumb Code     0  startup_stm32f429xx.o(.text)
    DMA2_Stream3_IRQHandler                  0x0800027b   Thumb Code     0  startup_stm32f429xx.o(.text)
    DMA2_Stream4_IRQHandler                  0x0800027b   Thumb Code     0  startup_stm32f429xx.o(.text)
    DMA2_Stream5_IRQHandler                  0x0800027b   Thumb Code     0  startup_stm32f429xx.o(.text)
    DMA2_Stream6_IRQHandler                  0x0800027b   Thumb Code     0  startup_stm32f429xx.o(.text)
    DMA2_Stream7_IRQHandler                  0x0800027b   Thumb Code     0  startup_stm32f429xx.o(.text)
    ETH_IRQHandler                           0x0800027b   Thumb Code     0  startup_stm32f429xx.o(.text)
    ETH_WKUP_IRQHandler                      0x0800027b   Thumb Code     0  startup_stm32f429xx.o(.text)
    EXTI0_IRQHandler                         0x0800027b   Thumb Code     0  startup_stm32f429xx.o(.text)
    EXTI15_10_IRQHandler                     0x0800027b   Thumb Code     0  startup_stm32f429xx.o(.text)
    EXTI1_IRQHandler                         0x0800027b   Thumb Code     0  startup_stm32f429xx.o(.text)
    EXTI2_IRQHandler                         0x0800027b   Thumb Code     0  startup_stm32f429xx.o(.text)
    EXTI3_IRQHandler                         0x0800027b   Thumb Code     0  startup_stm32f429xx.o(.text)
    EXTI4_IRQHandler                         0x0800027b   Thumb Code     0  startup_stm32f429xx.o(.text)
    EXTI9_5_IRQHandler                       0x0800027b   Thumb Code     0  startup_stm32f429xx.o(.text)
    FLASH_IRQHandler                         0x0800027b   Thumb Code     0  startup_stm32f429xx.o(.text)
    FMC_IRQHandler                           0x0800027b   Thumb Code     0  startup_stm32f429xx.o(.text)
    FPU_IRQHandler                           0x0800027b   Thumb Code     0  startup_stm32f429xx.o(.text)
    HASH_RNG_IRQHandler                      0x0800027b   Thumb Code     0  startup_stm32f429xx.o(.text)
    I2C1_ER_IRQHandler                       0x0800027b   Thumb Code     0  startup_stm32f429xx.o(.text)
    I2C1_EV_IRQHandler                       0x0800027b   Thumb Code     0  startup_stm32f429xx.o(.text)
    I2C2_ER_IRQHandler                       0x0800027b   Thumb Code     0  startup_stm32f429xx.o(.text)
    I2C2_EV_IRQHandler                       0x0800027b   Thumb Code     0  startup_stm32f429xx.o(.text)
    I2C3_ER_IRQHandler                       0x0800027b   Thumb Code     0  startup_stm32f429xx.o(.text)
    I2C3_EV_IRQHandler                       0x0800027b   Thumb Code     0  startup_stm32f429xx.o(.text)
    LTDC_ER_IRQHandler                       0x0800027b   Thumb Code     0  startup_stm32f429xx.o(.text)
    LTDC_IRQHandler                          0x0800027b   Thumb Code     0  startup_stm32f429xx.o(.text)
    OTG_FS_IRQHandler                        0x0800027b   Thumb Code     0  startup_stm32f429xx.o(.text)
    OTG_FS_WKUP_IRQHandler                   0x0800027b   Thumb Code     0  startup_stm32f429xx.o(.text)
    OTG_HS_EP1_IN_IRQHandler                 0x0800027b   Thumb Code     0  startup_stm32f429xx.o(.text)
    OTG_HS_EP1_OUT_IRQHandler                0x0800027b   Thumb Code     0  startup_stm32f429xx.o(.text)
    OTG_HS_IRQHandler                        0x0800027b   Thumb Code     0  startup_stm32f429xx.o(.text)
    OTG_HS_WKUP_IRQHandler                   0x0800027b   Thumb Code     0  startup_stm32f429xx.o(.text)
    PVD_IRQHandler                           0x0800027b   Thumb Code     0  startup_stm32f429xx.o(.text)
    RCC_IRQHandler                           0x0800027b   Thumb Code     0  startup_stm32f429xx.o(.text)
    RTC_Alarm_IRQHandler                     0x0800027b   Thumb Code     0  startup_stm32f429xx.o(.text)
    RTC_WKUP_IRQHandler                      0x0800027b   Thumb Code     0  startup_stm32f429xx.o(.text)
    SAI1_IRQHandler                          0x0800027b   Thumb Code     0  startup_stm32f429xx.o(.text)
    SDIO_IRQHandler                          0x0800027b   Thumb Code     0  startup_stm32f429xx.o(.text)
    SPI1_IRQHandler                          0x0800027b   Thumb Code     0  startup_stm32f429xx.o(.text)
    SPI2_IRQHandler                          0x0800027b   Thumb Code     0  startup_stm32f429xx.o(.text)
    SPI3_IRQHandler                          0x0800027b   Thumb Code     0  startup_stm32f429xx.o(.text)
    SPI4_IRQHandler                          0x0800027b   Thumb Code     0  startup_stm32f429xx.o(.text)
    SPI5_IRQHandler                          0x0800027b   Thumb Code     0  startup_stm32f429xx.o(.text)
    SPI6_IRQHandler                          0x0800027b   Thumb Code     0  startup_stm32f429xx.o(.text)
    TAMP_STAMP_IRQHandler                    0x0800027b   Thumb Code     0  startup_stm32f429xx.o(.text)
    TIM1_BRK_TIM9_IRQHandler                 0x0800027b   Thumb Code     0  startup_stm32f429xx.o(.text)
    TIM1_CC_IRQHandler                       0x0800027b   Thumb Code     0  startup_stm32f429xx.o(.text)
    TIM1_TRG_COM_TIM11_IRQHandler            0x0800027b   Thumb Code     0  startup_stm32f429xx.o(.text)
    TIM1_UP_TIM10_IRQHandler                 0x0800027b   Thumb Code     0  startup_stm32f429xx.o(.text)
    TIM2_IRQHandler                          0x0800027b   Thumb Code     0  startup_stm32f429xx.o(.text)
    TIM3_IRQHandler                          0x0800027b   Thumb Code     0  startup_stm32f429xx.o(.text)
    TIM4_IRQHandler                          0x0800027b   Thumb Code     0  startup_stm32f429xx.o(.text)
    TIM5_IRQHandler                          0x0800027b   Thumb Code     0  startup_stm32f429xx.o(.text)
    TIM6_DAC_IRQHandler                      0x0800027b   Thumb Code     0  startup_stm32f429xx.o(.text)
    TIM7_IRQHandler                          0x0800027b   Thumb Code     0  startup_stm32f429xx.o(.text)
    TIM8_BRK_TIM12_IRQHandler                0x0800027b   Thumb Code     0  startup_stm32f429xx.o(.text)
    TIM8_CC_IRQHandler                       0x0800027b   Thumb Code     0  startup_stm32f429xx.o(.text)
    TIM8_TRG_COM_TIM14_IRQHandler            0x0800027b   Thumb Code     0  startup_stm32f429xx.o(.text)
    TIM8_UP_TIM13_IRQHandler                 0x0800027b   Thumb Code     0  startup_stm32f429xx.o(.text)
    UART4_IRQHandler                         0x0800027b   Thumb Code     0  startup_stm32f429xx.o(.text)
    UART5_IRQHandler                         0x0800027b   Thumb Code     0  startup_stm32f429xx.o(.text)
    UART7_IRQHandler                         0x0800027b   Thumb Code     0  startup_stm32f429xx.o(.text)
    UART8_IRQHandler                         0x0800027b   Thumb Code     0  startup_stm32f429xx.o(.text)
    USART3_IRQHandler                        0x0800027b   Thumb Code     0  startup_stm32f429xx.o(.text)
    USART6_IRQHandler                        0x0800027b   Thumb Code     0  startup_stm32f429xx.o(.text)
    WWDG_IRQHandler                          0x0800027b   Thumb Code     0  startup_stm32f429xx.o(.text)
    __user_initial_stackheap                 0x0800027d   Thumb Code     0  startup_stm32f429xx.o(.text)
    __use_no_semihosting                     0x080002a1   Thumb Code     2  use_no_semi_2.o(.text)
    __2printf                                0x080002a5   Thumb Code    20  noretval__2printf.o(.text)
    __printf                                 0x080002bd   Thumb Code   104  __printf.o(.text)
    _printf_str                              0x08000325   Thumb Code    82  _printf_str.o(.text)
    _printf_int_dec                          0x08000379   Thumb Code   104  _printf_dec.o(.text)
    _printf_int_hex                          0x080003f1   Thumb Code    84  _printf_hex_int.o(.text)
    _printf_longlong_hex                     0x080003f1   Thumb Code     0  _printf_hex_int.o(.text)
    __aeabi_memcpy4                          0x08000449   Thumb Code     0  rt_memcpy_w.o(.text)
    __aeabi_memcpy8                          0x08000449   Thumb Code     0  rt_memcpy_w.o(.text)
    __rt_memcpy_w                            0x08000449   Thumb Code   100  rt_memcpy_w.o(.text)
    _memcpy_lastbytes_aligned                0x08000491   Thumb Code     0  rt_memcpy_w.o(.text)
    strcmp                                   0x080004ad   Thumb Code   128  strcmpv7m.o(.text)
    __use_two_region_memory                  0x0800052d   Thumb Code     2  heapauxi.o(.text)
    __rt_heap_escrow$2region                 0x0800052f   Thumb Code     2  heapauxi.o(.text)
    __rt_heap_expand$2region                 0x08000531   Thumb Code     2  heapauxi.o(.text)
    __I$use$semihosting                      0x08000533   Thumb Code     0  use_no_semi.o(.text)
    __use_no_semihosting_swi                 0x08000533   Thumb Code     2  use_no_semi.o(.text)
    __read_errno                             0x08000535   Thumb Code    10  _rserrno.o(.text)
    __set_errno                              0x0800053f   Thumb Code    12  _rserrno.o(.text)
    _printf_int_common                       0x0800054b   Thumb Code   178  _printf_intcommon.o(.text)
    _printf_cs_common                        0x080005fd   Thumb Code    20  _printf_char.o(.text)
    _printf_char                             0x08000611   Thumb Code    16  _printf_char.o(.text)
    _printf_string                           0x08000621   Thumb Code     8  _printf_char.o(.text)
    _printf_char_file                        0x08000629   Thumb Code    32  _printf_char_file.o(.text)
    __aeabi_errno_addr                       0x0800064d   Thumb Code     8  rt_errno_addr_intlibspace.o(.text)
    __errno$intlibspace                      0x0800064d   Thumb Code     0  rt_errno_addr_intlibspace.o(.text)
    __rt_errno_addr$intlibspace              0x0800064d   Thumb Code     0  rt_errno_addr_intlibspace.o(.text)
    _printf_char_common                      0x0800065f   Thumb Code    32  _printf_char_common.o(.text)
    ferror                                   0x08000685   Thumb Code     8  ferror.o(.text)
    __user_libspace                          0x0800068d   Thumb Code     8  libspace.o(.text)
    __user_perproc_libspace                  0x0800068d   Thumb Code     0  libspace.o(.text)
    __user_perthread_libspace                0x0800068d   Thumb Code     0  libspace.o(.text)
    __user_setup_stackheap                   0x08000695   Thumb Code    74  sys_stackheap_outer.o(.text)
    exit                                     0x080006df   Thumb Code    18  exit.o(.text)
    AT24CXX_Init                             0x080006f1   Thumb Code     4  24cxx.o(i.AT24CXX_Init)
    AT24CXX_Read                             0x080006f5   Thumb Code    34  24cxx.o(i.AT24CXX_Read)
    AT24CXX_ReadOneByte                      0x08000717   Thumb Code    66  24cxx.o(i.AT24CXX_ReadOneByte)
    AT24CXX_Write                            0x08000759   Thumb Code    32  24cxx.o(i.AT24CXX_Write)
    AT24CXX_WriteOneByte                     0x08000779   Thumb Code    62  24cxx.o(i.AT24CXX_WriteOneByte)
    BusFault_Handler                         0x080007b7   Thumb Code     2  stm32f4xx_it.o(i.BusFault_Handler)
    CT_IIC_Ack                               0x080007b9   Thumb Code    60  ctiic.o(i.CT_IIC_Ack)
    CT_IIC_Init                              0x080007fd   Thumb Code    90  ctiic.o(i.CT_IIC_Init)
    CT_IIC_NAck                              0x0800086d   Thumb Code    46  ctiic.o(i.CT_IIC_NAck)
    CT_IIC_Read_Byte                         0x080008a5   Thumb Code    84  ctiic.o(i.CT_IIC_Read_Byte)
    CT_IIC_Send_Byte                         0x08000901   Thumb Code    64  ctiic.o(i.CT_IIC_Send_Byte)
    CT_IIC_Start                             0x08000949   Thumb Code    52  ctiic.o(i.CT_IIC_Start)
    CT_IIC_Stop                              0x08000985   Thumb Code    46  ctiic.o(i.CT_IIC_Stop)
    CT_IIC_Wait_Ack                          0x080009bd   Thumb Code    80  ctiic.o(i.CT_IIC_Wait_Ack)
    DebugMon_Handler                         0x08000a15   Thumb Code     2  stm32f4xx_it.o(i.DebugMon_Handler)
    FMC_NORSRAM_Extended_Timing_Init         0x08000a19   Thumb Code    60  stm32f4xx_ll_fmc.o(i.FMC_NORSRAM_Extended_Timing_Init)
    FMC_NORSRAM_Init                         0x08000a59   Thumb Code   110  stm32f4xx_ll_fmc.o(i.FMC_NORSRAM_Init)
    FMC_NORSRAM_Timing_Init                  0x08000ad1   Thumb Code    86  stm32f4xx_ll_fmc.o(i.FMC_NORSRAM_Timing_Init)
    FMC_SDRAM_Init                           0x08000b2d   Thumb Code    76  stm32f4xx_ll_fmc.o(i.FMC_SDRAM_Init)
    FMC_SDRAM_ProgramRefreshRate             0x08000b79   Thumb Code    12  stm32f4xx_ll_fmc.o(i.FMC_SDRAM_ProgramRefreshRate)
    FMC_SDRAM_SendCommand                    0x08000b85   Thumb Code    72  stm32f4xx_ll_fmc.o(i.FMC_SDRAM_SendCommand)
    FMC_SDRAM_Timing_Init                    0x08000bcd   Thumb Code   124  stm32f4xx_ll_fmc.o(i.FMC_SDRAM_Timing_Init)
    FT5206_Init                              0x08000c49   Thumb Code   298  ft5206.o(i.FT5206_Init)
    FT5206_RD_Reg                            0x08000da1   Thumb Code    86  ft5206.o(i.FT5206_RD_Reg)
    FT5206_Scan                              0x08000df9   Thumb Code   554  ft5206.o(i.FT5206_Scan)
    FT5206_WR_Reg                            0x08001039   Thumb Code    72  ft5206.o(i.FT5206_WR_Reg)
    GT9147_Init                              0x08001081   Thumb Code   288  gt9147.o(i.GT9147_Init)
    GT9147_RD_Reg                            0x080011ed   Thumb Code    96  gt9147.o(i.GT9147_RD_Reg)
    GT9147_Scan                              0x0800124d   Thumb Code   488  gt9147.o(i.GT9147_Scan)
    GT9147_Send_Cfg                          0x08001445   Thumb Code    72  gt9147.o(i.GT9147_Send_Cfg)
    GT9147_WR_Reg                            0x08001491   Thumb Code    82  gt9147.o(i.GT9147_WR_Reg)
    GT9271_Init                              0x080014e5   Thumb Code   260  gt9271.o(i.GT9271_Init)
    GT9271_RD_Reg                            0x08001621   Thumb Code    96  gt9271.o(i.GT9271_RD_Reg)
    GT9271_Scan                              0x08001681   Thumb Code   414  gt9271.o(i.GT9271_Scan)
    GT9271_Send_Cfg                          0x08001831   Thumb Code    72  gt9271.o(i.GT9271_Send_Cfg)
    GT9271_WR_Reg                            0x0800187d   Thumb Code    82  gt9271.o(i.GT9271_WR_Reg)
    HAL_GPIO_Init                            0x080018d1   Thumb Code   422  stm32f4xx_hal_gpio.o(i.HAL_GPIO_Init)
    HAL_GPIO_ReadPin                         0x08001aad   Thumb Code    10  stm32f4xx_hal_gpio.o(i.HAL_GPIO_ReadPin)
    HAL_GPIO_WritePin                        0x08001ab7   Thumb Code    10  stm32f4xx_hal_gpio.o(i.HAL_GPIO_WritePin)
    HAL_GetTick                              0x08001ac1   Thumb Code     6  stm32f4xx_hal.o(i.HAL_GetTick)
    HAL_IncTick                              0x08001acd   Thumb Code    10  stm32f4xx_hal.o(i.HAL_IncTick)
    HAL_Init                                 0x08001add   Thumb Code    48  stm32f4xx_hal.o(i.HAL_Init)
    HAL_InitTick                             0x08001b11   Thumb Code    34  stm32f4xx_hal.o(i.HAL_InitTick)
    HAL_LTDC_ConfigLayer                     0x08001b33   Thumb Code    82  stm32f4xx_hal_ltdc.o(i.HAL_LTDC_ConfigLayer)
    HAL_LTDC_Init                            0x08001b85   Thumb Code   248  stm32f4xx_hal_ltdc.o(i.HAL_LTDC_Init)
    HAL_LTDC_MspInit                         0x08001c81   Thumb Code   218  ltdc.o(i.HAL_LTDC_MspInit)
    HAL_LTDC_SetWindowPosition               0x08001d75   Thumb Code    84  stm32f4xx_hal_ltdc.o(i.HAL_LTDC_SetWindowPosition)
    HAL_LTDC_SetWindowSize                   0x08001dc9   Thumb Code    84  stm32f4xx_hal_ltdc.o(i.HAL_LTDC_SetWindowSize)
    HAL_MspInit                              0x08001e1d   Thumb Code     8  stm32f4xx_hal.o(i.HAL_MspInit)
    HAL_NVIC_EnableIRQ                       0x08001e25   Thumb Code    22  stm32f4xx_hal_cortex.o(i.HAL_NVIC_EnableIRQ)
    HAL_NVIC_SetPriority                     0x08001e3d   Thumb Code    60  stm32f4xx_hal_cortex.o(i.HAL_NVIC_SetPriority)
    HAL_NVIC_SetPriorityGrouping             0x08001e7d   Thumb Code    26  stm32f4xx_hal_cortex.o(i.HAL_NVIC_SetPriorityGrouping)
    HAL_PWREx_EnableOverDrive                0x08001ea1   Thumb Code   122  stm32f4xx_hal_pwr_ex.o(i.HAL_PWREx_EnableOverDrive)
    HAL_RCCEx_PeriphCLKConfig                0x08001f29   Thumb Code   644  stm32f4xx_hal_rcc_ex.o(i.HAL_RCCEx_PeriphCLKConfig)
    HAL_RCC_ClockConfig                      0x080021d1   Thumb Code   512  stm32f4xx_hal_rcc.o(i.HAL_RCC_ClockConfig)
    HAL_RCC_GetHCLKFreq                      0x080023d9   Thumb Code    38  stm32f4xx_hal_rcc.o(i.HAL_RCC_GetHCLKFreq)
    HAL_RCC_GetPCLK1Freq                     0x0800240d   Thumb Code    36  stm32f4xx_hal_rcc.o(i.HAL_RCC_GetPCLK1Freq)
    HAL_RCC_GetPCLK2Freq                     0x08002439   Thumb Code    36  stm32f4xx_hal_rcc.o(i.HAL_RCC_GetPCLK2Freq)
    HAL_RCC_GetSysClockFreq                  0x08002465   Thumb Code   104  stm32f4xx_hal_rcc.o(i.HAL_RCC_GetSysClockFreq)
    HAL_RCC_OscConfig                        0x080024d9   Thumb Code   774  stm32f4xx_hal_rcc.o(i.HAL_RCC_OscConfig)
    HAL_SDRAM_Init                           0x080027f5   Thumb Code    66  stm32f4xx_hal_sdram.o(i.HAL_SDRAM_Init)
    HAL_SDRAM_MspInit                        0x08002839   Thumb Code   194  sdram.o(i.HAL_SDRAM_MspInit)
    HAL_SDRAM_ProgramRefreshRate             0x08002915   Thumb Code    34  stm32f4xx_hal_sdram.o(i.HAL_SDRAM_ProgramRefreshRate)
    HAL_SDRAM_SendCommand                    0x08002937   Thumb Code    46  stm32f4xx_hal_sdram.o(i.HAL_SDRAM_SendCommand)
    HAL_SRAM_Init                            0x08002965   Thumb Code    86  stm32f4xx_hal_sram.o(i.HAL_SRAM_Init)
    HAL_SRAM_MspInit                         0x080029bd   Thumb Code   106  lcd.o(i.HAL_SRAM_MspInit)
    HAL_SYSTICK_CLKSourceConfig              0x08002a35   Thumb Code    24  stm32f4xx_hal_cortex.o(i.HAL_SYSTICK_CLKSourceConfig)
    HAL_SYSTICK_Config                       0x08002a4d   Thumb Code    40  stm32f4xx_hal_cortex.o(i.HAL_SYSTICK_Config)
    HAL_UART_ErrorCallback                   0x08002a75   Thumb Code     2  stm32f4xx_hal_uart.o(i.HAL_UART_ErrorCallback)
    HAL_UART_GetState                        0x08002a77   Thumb Code     6  stm32f4xx_hal_uart.o(i.HAL_UART_GetState)
    HAL_UART_IRQHandler                      0x08002a7d   Thumb Code   244  stm32f4xx_hal_uart.o(i.HAL_UART_IRQHandler)
    HAL_UART_Init                            0x08002b71   Thumb Code    94  stm32f4xx_hal_uart.o(i.HAL_UART_Init)
    HAL_UART_MspInit                         0x08002bd1   Thumb Code   112  usart.o(i.HAL_UART_MspInit)
    HAL_UART_Receive                         0x08002c4d   Thumb Code   202  stm32f4xx_hal_uart.o(i.HAL_UART_Receive)
    HAL_UART_Receive_IT                      0x08002d17   Thumb Code   104  stm32f4xx_hal_uart.o(i.HAL_UART_Receive_IT)
    HAL_UART_RxCpltCallback                  0x08002d81   Thumb Code    76  usart.o(i.HAL_UART_RxCpltCallback)
    HAL_UART_TxCpltCallback                  0x08002dd9   Thumb Code     2  stm32f4xx_hal_uart.o(i.HAL_UART_TxCpltCallback)
    HardFault_Handler                        0x08002ddb   Thumb Code     2  stm32f4xx_it.o(i.HardFault_Handler)
    IIC_Ack                                  0x08002ddd   Thumb Code    56  myiic.o(i.IIC_Ack)
    IIC_Init                                 0x08002e1d   Thumb Code    58  myiic.o(i.IIC_Init)
    IIC_NAck                                 0x08002e65   Thumb Code    56  myiic.o(i.IIC_NAck)
    IIC_Read_Byte                            0x08002ea5   Thumb Code    96  myiic.o(i.IIC_Read_Byte)
    IIC_Send_Byte                            0x08002f0d   Thumb Code    86  myiic.o(i.IIC_Send_Byte)
    IIC_Start                                0x08002f6d   Thumb Code    56  myiic.o(i.IIC_Start)
    IIC_Stop                                 0x08002fad   Thumb Code    56  myiic.o(i.IIC_Stop)
    IIC_Wait_Ack                             0x08002fed   Thumb Code    74  myiic.o(i.IIC_Wait_Ack)
    KEY_Init                                 0x08003041   Thumb Code   110  key.o(i.KEY_Init)
    LCD_Clear                                0x080030c1   Thumb Code    58  lcd.o(i.LCD_Clear)
    LCD_Display_Dir                          0x08003109   Thumb Code   256  lcd.o(i.LCD_Display_Dir)
    LCD_DrawLine                             0x08003211   Thumb Code   150  lcd.o(i.LCD_DrawLine)
    LCD_DrawPoint                            0x080032a9   Thumb Code    36  lcd.o(i.LCD_DrawPoint)
    LCD_DrawRectangle                        0x080032d9   Thumb Code    58  lcd.o(i.LCD_DrawRectangle)
    LCD_Draw_Circle                          0x08003313   Thumb Code   176  lcd.o(i.LCD_Draw_Circle)
    LCD_Fast_DrawPoint                       0x080033c5   Thumb Code   214  lcd.o(i.LCD_Fast_DrawPoint)
    LCD_Fill                                 0x080034a9   Thumb Code    86  lcd.o(i.LCD_Fill)
    LCD_GetCursor                            0x08003509   Thumb Code    12  lcd.o(i.LCD_GetCursor)
    LCD_Init                                 0x08003519   Thumb Code 11032  lcd.o(i.LCD_Init)
    LCD_Pow                                  0x08006035   Thumb Code    16  lcd.o(i.LCD_Pow)
    LCD_RD_DATA                              0x08006045   Thumb Code    16  lcd.o(i.LCD_RD_DATA)
    LCD_SSD_BackLightSet                     0x08006059   Thumb Code    72  lcd.o(i.LCD_SSD_BackLightSet)
    LCD_Scan_Dir                             0x080060a9   Thumb Code   414  lcd.o(i.LCD_Scan_Dir)
    LCD_SetCursor                            0x0800624d   Thumb Code   242  lcd.o(i.LCD_SetCursor)
    LCD_ShowChar                             0x08006349   Thumb Code   196  lcd.o(i.LCD_ShowChar)
    LCD_ShowNum                              0x08006425   Thumb Code   118  lcd.o(i.LCD_ShowNum)
    LCD_ShowString                           0x0800649b   Thumb Code    84  lcd.o(i.LCD_ShowString)
    LCD_WR_DATA                              0x080064f1   Thumb Code    20  lcd.o(i.LCD_WR_DATA)
    LCD_WR_REG                               0x08006509   Thumb Code    20  lcd.o(i.LCD_WR_REG)
    LCD_WriteRAM_Prepare                     0x08006521   Thumb Code    10  lcd.o(i.LCD_WriteRAM_Prepare)
    LCD_WriteReg                             0x08006535   Thumb Code    10  lcd.o(i.LCD_WriteReg)
    LED_Init                                 0x08006545   Thumb Code    68  led.o(i.LED_Init)
    LTDC_Clear                               0x08006591   Thumb Code    28  ltdc.o(i.LTDC_Clear)
    LTDC_Clk_Set                             0x080065b1   Thumb Code    30  ltdc.o(i.LTDC_Clk_Set)
    LTDC_Display_Dir                         0x080065d1   Thumb Code    34  ltdc.o(i.LTDC_Display_Dir)
    LTDC_Draw_Point                          0x080065f9   Thumb Code    52  ltdc.o(i.LTDC_Draw_Point)
    LTDC_Fill                                0x08006635   Thumb Code   162  ltdc.o(i.LTDC_Fill)
    LTDC_Init                                0x080066e9   Thumb Code   494  ltdc.o(i.LTDC_Init)
    LTDC_Layer_Parameter_Config              0x080068f1   Thumb Code    86  ltdc.o(i.LTDC_Layer_Parameter_Config)
    LTDC_Layer_Window_Config                 0x0800694d   Thumb Code    32  ltdc.o(i.LTDC_Layer_Window_Config)
    LTDC_PanelID_Read                        0x08006971   Thumb Code   170  ltdc.o(i.LTDC_PanelID_Read)
    Load_Drow_Dialog                         0x08006b8d   Thumb Code    50  main.o(i.Load_Drow_Dialog)
    MemManage_Handler                        0x08006bcd   Thumb Code     2  stm32f4xx_it.o(i.MemManage_Handler)
    NMI_Handler                              0x08006bcf   Thumb Code     2  stm32f4xx_it.o(i.NMI_Handler)
    OTT2001A_Init                            0x08006bf1   Thumb Code   152  ott2001a.o(i.OTT2001A_Init)
    OTT2001A_RD_Reg                          0x08006ca5   Thumb Code    96  ott2001a.o(i.OTT2001A_RD_Reg)
    OTT2001A_Scan                            0x08006d05   Thumb Code   328  ott2001a.o(i.OTT2001A_Scan)
    OTT2001A_SensorControl                   0x08006e71   Thumb Code    30  ott2001a.o(i.OTT2001A_SensorControl)
    OTT2001A_WR_Reg                          0x08006e8f   Thumb Code    82  ott2001a.o(i.OTT2001A_WR_Reg)
    PendSV_Handler                           0x08006ee1   Thumb Code     2  stm32f4xx_it.o(i.PendSV_Handler)
    SDRAM_Init                               0x08006ee5   Thumb Code    86  sdram.o(i.SDRAM_Init)
    SDRAM_Initialization_Sequence            0x08006f45   Thumb Code    74  sdram.o(i.SDRAM_Initialization_Sequence)
    SDRAM_Send_Cmd                           0x08006f95   Thumb Code    48  sdram.o(i.SDRAM_Send_Cmd)
    SVC_Handler                              0x08006fc9   Thumb Code     2  stm32f4xx_it.o(i.SVC_Handler)
    Stm32_Clock_Init                         0x08006fcd   Thumb Code   122  sys.o(i.Stm32_Clock_Init)
    SysTick_Handler                          0x08007051   Thumb Code     4  stm32f4xx_it.o(i.SysTick_Handler)
    SystemInit                               0x08007055   Thumb Code    66  system_stm32f4xx.o(i.SystemInit)
    TP_Adj_Info_Show                         0x080070a9   Thumb Code   326  touch.o(i.TP_Adj_Info_Show)
    TP_Adjust                                0x08007221   Thumb Code  1414  touch.o(i.TP_Adjust)
    TP_Drow_Touch_Point                      0x080077d9   Thumb Code   106  touch.o(i.TP_Drow_Touch_Point)
    TP_Get_Adjdata                           0x08007849   Thumb Code    56  touch.o(i.TP_Get_Adjdata)
    TP_Init                                  0x08007885   Thumb Code   356  touch.o(i.TP_Init)
    TP_Read_AD                               0x08007a11   Thumb Code   128  touch.o(i.TP_Read_AD)
    TP_Read_XOY                              0x08007a9d   Thumb Code    96  touch.o(i.TP_Read_XOY)
    TP_Read_XY                               0x08007afd   Thumb Code    34  touch.o(i.TP_Read_XY)
    TP_Read_XY2                              0x08007b25   Thumb Code   124  touch.o(i.TP_Read_XY2)
    TP_Save_Adjdata                          0x08007ba1   Thumb Code    24  touch.o(i.TP_Save_Adjdata)
    TP_Scan                                  0x08007bbd   Thumb Code   178  touch.o(i.TP_Scan)
    TP_Write_Byte                            0x08007c79   Thumb Code    62  touch.o(i.TP_Write_Byte)
    UI_100                                   0x08007fd5   Thumb Code   230  easyui.o(i.UI_100)
    UI_200                                   0x08008109   Thumb Code   236  easyui.o(i.UI_200)
    UI_300                                   0x08008231   Thumb Code   236  easyui.o(i.UI_300)
    UI_Main                                  0x08008369   Thumb Code   312  easyui.o(i.UI_Main)
    UI_TouchHandler                          0x08008531   Thumb Code   114  easyui.o(i.UI_TouchHandler)
    USART1_IRQHandler                        0x080085a9   Thumb Code    56  usart.o(i.USART1_IRQHandler)
    USART2_IRQHandler                        0x080085ed   Thumb Code    52  rs485.o(i.USART2_IRQHandler)
    UsageFault_Handler                       0x08008629   Thumb Code     2  stm32f4xx_it.o(i.UsageFault_Handler)
    __hardfp_sqrt                            0x0800862b   Thumb Code   122  sqrt.o(i.__hardfp_sqrt)
    _sys_exit                                0x080086a5   Thumb Code     2  usart.o(i._sys_exit)
    ctp_test                                 0x080086a9   Thumb Code   228  main.o(i.ctp_test)
    delay_init                               0x0800879d   Thumb Code    16  delay.o(i.delay_init)
    delay_ms                                 0x080087b1   Thumb Code    26  delay.o(i.delay_ms)
    delay_us                                 0x080087cd   Thumb Code    48  delay.o(i.delay_us)
    fputc                                    0x08008801   Thumb Code    14  usart.o(i.fputc)
    gui_draw_hline                           0x08008815   Thumb Code    52  main.o(i.gui_draw_hline)
    gui_fill_circle                          0x0800884d   Thumb Code   182  main.o(i.gui_fill_circle)
    lcd_draw_bline                           0x08008903   Thumb Code   172  main.o(i.lcd_draw_bline)
    main                                     0x080089b1   Thumb Code    66  main.o(i.main)
    uart_init                                0x080089fd   Thumb Code    44  usart.o(i.uart_init)
    __aeabi_dadd                             0x08008a35   Thumb Code     0  daddsub_clz.o(x$fpl$dadd)
    _dadd                                    0x08008a35   Thumb Code   332  daddsub_clz.o(x$fpl$dadd)
    __fpl_dcmp_Inf                           0x08008b85   Thumb Code    24  dcmpi.o(x$fpl$dcmpinf)
    __aeabi_d2uiz                            0x08008b9d   Thumb Code     0  dfixu.o(x$fpl$dfixu)
    _dfixu                                   0x08008b9d   Thumb Code    90  dfixu.o(x$fpl$dfixu)
    __aeabi_ui2d                             0x08008bf7   Thumb Code     0  dflt_clz.o(x$fpl$dfltu)
    _dfltu                                   0x08008bf7   Thumb Code    38  dflt_clz.o(x$fpl$dfltu)
    __aeabi_cdcmple                          0x08008c1d   Thumb Code     0  dleqf.o(x$fpl$dleqf)
    _dcmple                                  0x08008c1d   Thumb Code   120  dleqf.o(x$fpl$dleqf)
    __fpl_dcmple_InfNaN                      0x08008c7f   Thumb Code     0  dleqf.o(x$fpl$dleqf)
    __aeabi_dmul                             0x08008c95   Thumb Code     0  dmul.o(x$fpl$dmul)
    _dmul                                    0x08008c95   Thumb Code   332  dmul.o(x$fpl$dmul)
    __fpl_dnaninf                            0x08008de9   Thumb Code   156  dnaninf.o(x$fpl$dnaninf)
    __fpl_dretinf                            0x08008e85   Thumb Code    12  dretinf.o(x$fpl$dretinf)
    __aeabi_cdrcmple                         0x08008e91   Thumb Code     0  drleqf.o(x$fpl$drleqf)
    _drcmple                                 0x08008e91   Thumb Code   108  drleqf.o(x$fpl$drleqf)
    __aeabi_drsub                            0x08008efd   Thumb Code     0  daddsub_clz.o(x$fpl$drsb)
    _drsb                                    0x08008efd   Thumb Code    22  daddsub_clz.o(x$fpl$drsb)
    _dsqrt                                   0x08008f15   Thumb Code   404  dsqrt_umaal.o(x$fpl$dsqrt)
    __aeabi_dsub                             0x080090ad   Thumb Code     0  daddsub_clz.o(x$fpl$dsub)
    _dsub                                    0x080090ad   Thumb Code   464  daddsub_clz.o(x$fpl$dsub)
    __aeabi_f2d                              0x08009281   Thumb Code     0  f2d.o(x$fpl$f2d)
    _f2d                                     0x08009281   Thumb Code    86  f2d.o(x$fpl$f2d)
    __fpl_fnaninf                            0x080092d7   Thumb Code   140  fnaninf.o(x$fpl$fnaninf)
    _fp_init                                 0x08009363   Thumb Code    10  fpinit.o(x$fpl$fpinit)
    __fplib_config_fpu_vfp                   0x0800936b   Thumb Code     0  fpinit.o(x$fpl$fpinit)
    __fplib_config_pureend_doubles           0x0800936b   Thumb Code     0  fpinit.o(x$fpl$fpinit)
    POINT_COLOR_TBL                          0x0800936c   Data          20  main.o(.constdata)
    __I$use$fp                               0x0800936c   Number         0  usenofp.o(x$fpl$usenofp)
    APBAHBPrescTable                         0x08009380   Data          16  stm32f4xx_hal_rcc.o(.constdata)
    asc2_1206                                0x08009390   Data        1140  lcd.o(.constdata)
    asc2_1608                                0x08009804   Data        1520  lcd.o(.constdata)
    asc2_2412                                0x08009df4   Data        3420  lcd.o(.constdata)
    asc2_3216                                0x0800ab50   Data       12160  lcd.o(.constdata)
    FT5206_TPX_TBL                           0x0800dad0   Data          10  ft5206.o(.constdata)
    GT911_TPX_TBL                            0x0800dada   Data          10  ft5206.o(.constdata)
    TP_REMIND_MSG_TBL                        0x0800dae4   Data           4  touch.o(.constdata)
    GT9147_CFG_TBL                           0x0800dae8   Data         184  gt9147.o(.constdata)
    GT9147_TPX_TBL                           0x0800dba0   Data          10  gt9147.o(.constdata)
    GT9271_CFG_TBL                           0x0800dbaa   Data         186  gt9271.o(.constdata)
    GT9271_TPX_TBL                           0x0800dc64   Data          20  gt9271.o(.constdata)
    OTT_TPX_TBL                              0x0800dc78   Data          10  ott2001a.o(.constdata)
    Region$$Table$$Base                      0x0800dd28   Number         0  anon$$obj.o(Region$$Table)
    Region$$Table$$Limit                     0x0800dd48   Number         0  anon$$obj.o(Region$$Table)
    SystemCoreClock                          0x20000000   Data           4  system_stm32f4xx.o(.data)
    AHBPrescTable                            0x20000004   Data          16  system_stm32f4xx.o(.data)
    aRxBuffer                                0x2000001c   Data           1  usart.o(.data)
    USART_RX_STA                             0x2000001e   Data           2  usart.o(.data)
    __stdout                                 0x20000020   Data           4  usart.o(.data)
    RS485_RX_CNT                             0x20000024   Data           1  rs485.o(.data)
    g_curX                                   0x20000028   Data           2  lcd.o(.data)
    g_curY                                   0x2000002a   Data           2  lcd.o(.data)
    POINT_COLOR                              0x2000002c   Data           4  lcd.o(.data)
    BACK_COLOR                               0x20000030   Data           4  lcd.o(.data)
    g_gt_tnum                                0x20000034   Data           1  ft5206.o(.data)
    CIP                                      0x20000036   Data           5  ft5206.o(.data)
    CMD_RDX                                  0x2000003c   Data           1  touch.o(.data)
    CMD_RDY                                  0x2000003d   Data           1  touch.o(.data)
    tp_dev                                   0x20000040   Data          72  touch.o(.data)
    ltdc_framebuf                            0x20000088   Data           8  ltdc.o(.data)
    USART_RX_BUF                             0x20000094   Data         200  usart.o(.bss)
    UART1_Handler                            0x2000015c   Data          64  usart.o(.bss)
    USART2_RS485Handler                      0x2000019c   Data          64  rs485.o(.bss)
    RS485_RX_BUF                             0x200001dc   Data          64  rs485.o(.bss)
    SRAM_Handler                             0x2000021c   Data          80  lcd.o(.bss)
    lcddev                                   0x2000026c   Data          14  lcd.o(.bss)
    LTDC_Handler                             0x2000027c   Data         168  ltdc.o(.bss)
    lcdltdc                                  0x20000324   Data          32  ltdc.o(.bss)
    SDRAM_Handler                            0x20000344   Data          52  sdram.o(.bss)
    __libspace_start                         0x20000378   Data          96  libspace.o(.bss)
    __temporary_stack_top$libspace           0x200003d8   Data           0  libspace.o(.bss)
    ltdc_lcd_framebuf                        0xc0000000   Data       2048000  ltdc.o(.ARM.__AT_0xC0000000)



==============================================================================

Memory Map of the image

  Image Entry point : 0x080001ad

  Load Region LR_IROM1 (Base: 0x08000000, Size: 0x0000dddc, Max: 0x00100000, ABSOLUTE)

    Execution Region ER_IROM1 (Exec base: 0x08000000, Load base: 0x08000000, Size: 0x0000dd48, Max: 0x00100000, ABSOLUTE)

    Exec Addr    Load Addr    Size         Type   Attr      Idx    E Section Name        Object

    0x08000000   0x08000000   0x000001ac   Data   RO          545    RESET               startup_stm32f429xx.o
    0x080001ac   0x080001ac   0x00000008   Code   RO         6209  * !!!main             c_w.l(__main.o)
    0x080001b4   0x080001b4   0x00000034   Code   RO         6445    !!!scatter          c_w.l(__scatter.o)
    0x080001e8   0x080001e8   0x0000001a   Code   RO         6447    !!handler_copy      c_w.l(__scatter_copy.o)
    0x08000202   0x08000202   0x00000002   PAD
    0x08000204   0x08000204   0x0000001c   Code   RO         6449    !!handler_zi        c_w.l(__scatter_zi.o)
    0x08000220   0x08000220   0x00000000   Code   RO         6202    .ARM.Collect$$_printf_percent$$00000000  c_w.l(_printf_percent.o)
    0x08000220   0x08000220   0x00000006   Code   RO         6201    .ARM.Collect$$_printf_percent$$00000009  c_w.l(_printf_d.o)
    0x08000226   0x08000226   0x00000006   Code   RO         6200    .ARM.Collect$$_printf_percent$$0000000C  c_w.l(_printf_x.o)
    0x0800022c   0x0800022c   0x00000006   Code   RO         6199    .ARM.Collect$$_printf_percent$$00000014  c_w.l(_printf_s.o)
    0x08000232   0x08000232   0x00000004   Code   RO         6270    .ARM.Collect$$_printf_percent$$00000017  c_w.l(_printf_percent_end.o)
    0x08000236   0x08000236   0x00000002   Code   RO         6322    .ARM.Collect$$libinit$$00000000  c_w.l(libinit.o)
    0x08000238   0x08000238   0x00000004   Code   RO         6325    .ARM.Collect$$libinit$$00000001  c_w.l(libinit2.o)
    0x0800023c   0x0800023c   0x00000000   Code   RO         6328    .ARM.Collect$$libinit$$00000004  c_w.l(libinit2.o)
    0x0800023c   0x0800023c   0x00000000   Code   RO         6331    .ARM.Collect$$libinit$$0000000A  c_w.l(libinit2.o)
    0x0800023c   0x0800023c   0x00000000   Code   RO         6333    .ARM.Collect$$libinit$$0000000C  c_w.l(libinit2.o)
    0x0800023c   0x0800023c   0x00000000   Code   RO         6335    .ARM.Collect$$libinit$$0000000E  c_w.l(libinit2.o)
    0x0800023c   0x0800023c   0x00000000   Code   RO         6338    .ARM.Collect$$libinit$$00000011  c_w.l(libinit2.o)
    0x0800023c   0x0800023c   0x00000000   Code   RO         6340    .ARM.Collect$$libinit$$00000013  c_w.l(libinit2.o)
    0x0800023c   0x0800023c   0x00000000   Code   RO         6342    .ARM.Collect$$libinit$$00000015  c_w.l(libinit2.o)
    0x0800023c   0x0800023c   0x00000000   Code   RO         6344    .ARM.Collect$$libinit$$00000017  c_w.l(libinit2.o)
    0x0800023c   0x0800023c   0x00000000   Code   RO         6346    .ARM.Collect$$libinit$$00000019  c_w.l(libinit2.o)
    0x0800023c   0x0800023c   0x00000000   Code   RO         6348    .ARM.Collect$$libinit$$0000001B  c_w.l(libinit2.o)
    0x0800023c   0x0800023c   0x00000000   Code   RO         6350    .ARM.Collect$$libinit$$0000001D  c_w.l(libinit2.o)
    0x0800023c   0x0800023c   0x00000000   Code   RO         6352    .ARM.Collect$$libinit$$0000001F  c_w.l(libinit2.o)
    0x0800023c   0x0800023c   0x00000000   Code   RO         6354    .ARM.Collect$$libinit$$00000021  c_w.l(libinit2.o)
    0x0800023c   0x0800023c   0x00000000   Code   RO         6356    .ARM.Collect$$libinit$$00000023  c_w.l(libinit2.o)
    0x0800023c   0x0800023c   0x00000000   Code   RO         6358    .ARM.Collect$$libinit$$00000025  c_w.l(libinit2.o)
    0x0800023c   0x0800023c   0x00000000   Code   RO         6362    .ARM.Collect$$libinit$$0000002C  c_w.l(libinit2.o)
    0x0800023c   0x0800023c   0x00000000   Code   RO         6364    .ARM.Collect$$libinit$$0000002E  c_w.l(libinit2.o)
    0x0800023c   0x0800023c   0x00000000   Code   RO         6366    .ARM.Collect$$libinit$$00000030  c_w.l(libinit2.o)
    0x0800023c   0x0800023c   0x00000000   Code   RO         6368    .ARM.Collect$$libinit$$00000032  c_w.l(libinit2.o)
    0x0800023c   0x0800023c   0x00000002   Code   RO         6369    .ARM.Collect$$libinit$$00000033  c_w.l(libinit2.o)
    0x0800023e   0x0800023e   0x00000002   Code   RO         6387    .ARM.Collect$$libshutdown$$00000000  c_w.l(libshutdown.o)
    0x08000240   0x08000240   0x00000000   Code   RO         6397    .ARM.Collect$$libshutdown$$00000002  c_w.l(libshutdown2.o)
    0x08000240   0x08000240   0x00000000   Code   RO         6399    .ARM.Collect$$libshutdown$$00000004  c_w.l(libshutdown2.o)
    0x08000240   0x08000240   0x00000000   Code   RO         6402    .ARM.Collect$$libshutdown$$00000007  c_w.l(libshutdown2.o)
    0x08000240   0x08000240   0x00000000   Code   RO         6405    .ARM.Collect$$libshutdown$$0000000A  c_w.l(libshutdown2.o)
    0x08000240   0x08000240   0x00000000   Code   RO         6407    .ARM.Collect$$libshutdown$$0000000C  c_w.l(libshutdown2.o)
    0x08000240   0x08000240   0x00000000   Code   RO         6410    .ARM.Collect$$libshutdown$$0000000F  c_w.l(libshutdown2.o)
    0x08000240   0x08000240   0x00000002   Code   RO         6411    .ARM.Collect$$libshutdown$$00000010  c_w.l(libshutdown2.o)
    0x08000242   0x08000242   0x00000000   Code   RO         6261    .ARM.Collect$$rtentry$$00000000  c_w.l(__rtentry.o)
    0x08000242   0x08000242   0x00000000   Code   RO         6283    .ARM.Collect$$rtentry$$00000002  c_w.l(__rtentry2.o)
    0x08000242   0x08000242   0x00000006   Code   RO         6295    .ARM.Collect$$rtentry$$00000004  c_w.l(__rtentry4.o)
    0x08000248   0x08000248   0x00000000   Code   RO         6285    .ARM.Collect$$rtentry$$00000009  c_w.l(__rtentry2.o)
    0x08000248   0x08000248   0x00000004   Code   RO         6286    .ARM.Collect$$rtentry$$0000000A  c_w.l(__rtentry2.o)
    0x0800024c   0x0800024c   0x00000000   Code   RO         6288    .ARM.Collect$$rtentry$$0000000C  c_w.l(__rtentry2.o)
    0x0800024c   0x0800024c   0x00000008   Code   RO         6289    .ARM.Collect$$rtentry$$0000000D  c_w.l(__rtentry2.o)
    0x08000254   0x08000254   0x00000002   Code   RO         6323    .ARM.Collect$$rtexit$$00000000  c_w.l(rtexit.o)
    0x08000256   0x08000256   0x00000000   Code   RO         6371    .ARM.Collect$$rtexit$$00000002  c_w.l(rtexit2.o)
    0x08000256   0x08000256   0x00000004   Code   RO         6372    .ARM.Collect$$rtexit$$00000003  c_w.l(rtexit2.o)
    0x0800025a   0x0800025a   0x00000006   Code   RO         6373    .ARM.Collect$$rtexit$$00000004  c_w.l(rtexit2.o)
    0x08000260   0x08000260   0x00000040   Code   RO          546    .text               startup_stm32f429xx.o
    0x080002a0   0x080002a0   0x00000002   Code   RO         6146    .text               c_w.l(use_no_semi_2.o)
    0x080002a2   0x080002a2   0x00000002   PAD
    0x080002a4   0x080002a4   0x00000018   Code   RO         6150    .text               c_w.l(noretval__2printf.o)
    0x080002bc   0x080002bc   0x00000068   Code   RO         6152    .text               c_w.l(__printf.o)
    0x08000324   0x08000324   0x00000052   Code   RO         6154    .text               c_w.l(_printf_str.o)
    0x08000376   0x08000376   0x00000002   PAD
    0x08000378   0x08000378   0x00000078   Code   RO         6156    .text               c_w.l(_printf_dec.o)
    0x080003f0   0x080003f0   0x00000058   Code   RO         6161    .text               c_w.l(_printf_hex_int.o)
    0x08000448   0x08000448   0x00000064   Code   RO         6203    .text               c_w.l(rt_memcpy_w.o)
    0x080004ac   0x080004ac   0x00000080   Code   RO         6205    .text               c_w.l(strcmpv7m.o)
    0x0800052c   0x0800052c   0x00000006   Code   RO         6207    .text               c_w.l(heapauxi.o)
    0x08000532   0x08000532   0x00000002   Code   RO         6259    .text               c_w.l(use_no_semi.o)
    0x08000534   0x08000534   0x00000016   Code   RO         6262    .text               c_w.l(_rserrno.o)
    0x0800054a   0x0800054a   0x000000b2   Code   RO         6264    .text               c_w.l(_printf_intcommon.o)
    0x080005fc   0x080005fc   0x0000002c   Code   RO         6266    .text               c_w.l(_printf_char.o)
    0x08000628   0x08000628   0x00000024   Code   RO         6268    .text               c_w.l(_printf_char_file.o)
    0x0800064c   0x0800064c   0x00000008   Code   RO         6300    .text               c_w.l(rt_errno_addr_intlibspace.o)
    0x08000654   0x08000654   0x00000030   Code   RO         6302    .text               c_w.l(_printf_char_common.o)
    0x08000684   0x08000684   0x00000008   Code   RO         6304    .text               c_w.l(ferror.o)
    0x0800068c   0x0800068c   0x00000008   Code   RO         6308    .text               c_w.l(libspace.o)
    0x08000694   0x08000694   0x0000004a   Code   RO         6311    .text               c_w.l(sys_stackheap_outer.o)
    0x080006de   0x080006de   0x00000012   Code   RO         6315    .text               c_w.l(exit.o)
    0x080006f0   0x080006f0   0x00000004   Code   RO         5866    i.AT24CXX_Init      24cxx.o
    0x080006f4   0x080006f4   0x00000022   Code   RO         5867    i.AT24CXX_Read      24cxx.o
    0x08000716   0x08000716   0x00000042   Code   RO         5869    i.AT24CXX_ReadOneByte  24cxx.o
    0x08000758   0x08000758   0x00000020   Code   RO         5870    i.AT24CXX_Write     24cxx.o
    0x08000778   0x08000778   0x0000003e   Code   RO         5872    i.AT24CXX_WriteOneByte  24cxx.o
    0x080007b6   0x080007b6   0x00000002   Code   RO          332    i.BusFault_Handler  stm32f4xx_it.o
    0x080007b8   0x080007b8   0x00000044   Code   RO         5527    i.CT_IIC_Ack        ctiic.o
    0x080007fc   0x080007fc   0x00000070   Code   RO         5528    i.CT_IIC_Init       ctiic.o
    0x0800086c   0x0800086c   0x00000038   Code   RO         5529    i.CT_IIC_NAck       ctiic.o
    0x080008a4   0x080008a4   0x0000005c   Code   RO         5530    i.CT_IIC_Read_Byte  ctiic.o
    0x08000900   0x08000900   0x00000048   Code   RO         5531    i.CT_IIC_Send_Byte  ctiic.o
    0x08000948   0x08000948   0x0000003c   Code   RO         5532    i.CT_IIC_Start      ctiic.o
    0x08000984   0x08000984   0x00000038   Code   RO         5533    i.CT_IIC_Stop       ctiic.o
    0x080009bc   0x080009bc   0x00000058   Code   RO         5534    i.CT_IIC_Wait_Ack   ctiic.o
    0x08000a14   0x08000a14   0x00000002   Code   RO          333    i.DebugMon_Handler  stm32f4xx_it.o
    0x08000a16   0x08000a16   0x00000002   PAD
    0x08000a18   0x08000a18   0x00000040   Code   RO         4546    i.FMC_NORSRAM_Extended_Timing_Init  stm32f4xx_ll_fmc.o
    0x08000a58   0x08000a58   0x00000078   Code   RO         4547    i.FMC_NORSRAM_Init  stm32f4xx_ll_fmc.o
    0x08000ad0   0x08000ad0   0x0000005c   Code   RO         4548    i.FMC_NORSRAM_Timing_Init  stm32f4xx_ll_fmc.o
    0x08000b2c   0x08000b2c   0x0000004c   Code   RO         4558    i.FMC_SDRAM_Init    stm32f4xx_ll_fmc.o
    0x08000b78   0x08000b78   0x0000000c   Code   RO         4559    i.FMC_SDRAM_ProgramRefreshRate  stm32f4xx_ll_fmc.o
    0x08000b84   0x08000b84   0x00000048   Code   RO         4560    i.FMC_SDRAM_SendCommand  stm32f4xx_ll_fmc.o
    0x08000bcc   0x08000bcc   0x0000007c   Code   RO         4562    i.FMC_SDRAM_Timing_Init  stm32f4xx_ll_fmc.o
    0x08000c48   0x08000c48   0x00000158   Code   RO         5599    i.FT5206_Init       ft5206.o
    0x08000da0   0x08000da0   0x00000056   Code   RO         5600    i.FT5206_RD_Reg     ft5206.o
    0x08000df6   0x08000df6   0x00000002   PAD
    0x08000df8   0x08000df8   0x00000240   Code   RO         5601    i.FT5206_Scan       ft5206.o
    0x08001038   0x08001038   0x00000048   Code   RO         5602    i.FT5206_WR_Reg     ft5206.o
    0x08001080   0x08001080   0x0000016c   Code   RO         5931    i.GT9147_Init       gt9147.o
    0x080011ec   0x080011ec   0x00000060   Code   RO         5932    i.GT9147_RD_Reg     gt9147.o
    0x0800124c   0x0800124c   0x000001f8   Code   RO         5933    i.GT9147_Scan       gt9147.o
    0x08001444   0x08001444   0x0000004c   Code   RO         5934    i.GT9147_Send_Cfg   gt9147.o
    0x08001490   0x08001490   0x00000052   Code   RO         5935    i.GT9147_WR_Reg     gt9147.o
    0x080014e2   0x080014e2   0x00000002   PAD
    0x080014e4   0x080014e4   0x0000013c   Code   RO         5983    i.GT9271_Init       gt9271.o
    0x08001620   0x08001620   0x00000060   Code   RO         5984    i.GT9271_RD_Reg     gt9271.o
    0x08001680   0x08001680   0x000001b0   Code   RO         5985    i.GT9271_Scan       gt9271.o
    0x08001830   0x08001830   0x0000004c   Code   RO         5986    i.GT9271_Send_Cfg   gt9271.o
    0x0800187c   0x0800187c   0x00000052   Code   RO         5987    i.GT9271_WR_Reg     gt9271.o
    0x080018ce   0x080018ce   0x00000002   PAD
    0x080018d0   0x080018d0   0x000001dc   Code   RO          837    i.HAL_GPIO_Init     stm32f4xx_hal_gpio.o
    0x08001aac   0x08001aac   0x0000000a   Code   RO          839    i.HAL_GPIO_ReadPin  stm32f4xx_hal_gpio.o
    0x08001ab6   0x08001ab6   0x0000000a   Code   RO          841    i.HAL_GPIO_WritePin  stm32f4xx_hal_gpio.o
    0x08001ac0   0x08001ac0   0x0000000c   Code   RO          568    i.HAL_GetTick       stm32f4xx_hal.o
    0x08001acc   0x08001acc   0x00000010   Code   RO          569    i.HAL_IncTick       stm32f4xx_hal.o
    0x08001adc   0x08001adc   0x00000034   Code   RO          570    i.HAL_Init          stm32f4xx_hal.o
    0x08001b10   0x08001b10   0x00000022   Code   RO          571    i.HAL_InitTick      stm32f4xx_hal.o
    0x08001b32   0x08001b32   0x00000052   Code   RO         2686    i.HAL_LTDC_ConfigLayer  stm32f4xx_hal_ltdc.o
    0x08001b84   0x08001b84   0x000000fc   Code   RO         2698    i.HAL_LTDC_Init     stm32f4xx_hal_ltdc.o
    0x08001c80   0x08001c80   0x000000f4   Code   RO         5751    i.HAL_LTDC_MspInit  ltdc.o
    0x08001d74   0x08001d74   0x00000054   Code   RO         2707    i.HAL_LTDC_SetWindowPosition  stm32f4xx_hal_ltdc.o
    0x08001dc8   0x08001dc8   0x00000054   Code   RO         2708    i.HAL_LTDC_SetWindowSize  stm32f4xx_hal_ltdc.o
    0x08001e1c   0x08001e1c   0x00000008   Code   RO          573    i.HAL_MspInit       stm32f4xx_hal.o
    0x08001e24   0x08001e24   0x00000016   Code   RO          714    i.HAL_NVIC_EnableIRQ  stm32f4xx_hal_cortex.o
    0x08001e3a   0x08001e3a   0x00000002   PAD
    0x08001e3c   0x08001e3c   0x00000040   Code   RO          720    i.HAL_NVIC_SetPriority  stm32f4xx_hal_cortex.o
    0x08001e7c   0x08001e7c   0x00000024   Code   RO          721    i.HAL_NVIC_SetPriorityGrouping  stm32f4xx_hal_cortex.o
    0x08001ea0   0x08001ea0   0x00000088   Code   RO         1026    i.HAL_PWREx_EnableOverDrive  stm32f4xx_hal_pwr_ex.o
    0x08001f28   0x08001f28   0x000002a8   Code   RO         1198    i.HAL_RCCEx_PeriphCLKConfig  stm32f4xx_hal_rcc_ex.o
    0x080021d0   0x080021d0   0x00000208   Code   RO         1093    i.HAL_RCC_ClockConfig  stm32f4xx_hal_rcc.o
    0x080023d8   0x080023d8   0x00000034   Code   RO         1098    i.HAL_RCC_GetHCLKFreq  stm32f4xx_hal_rcc.o
    0x0800240c   0x0800240c   0x0000002c   Code   RO         1100    i.HAL_RCC_GetPCLK1Freq  stm32f4xx_hal_rcc.o
    0x08002438   0x08002438   0x0000002c   Code   RO         1101    i.HAL_RCC_GetPCLK2Freq  stm32f4xx_hal_rcc.o
    0x08002464   0x08002464   0x00000074   Code   RO         1102    i.HAL_RCC_GetSysClockFreq  stm32f4xx_hal_rcc.o
    0x080024d8   0x080024d8   0x0000031c   Code   RO         1105    i.HAL_RCC_OscConfig  stm32f4xx_hal_rcc.o
    0x080027f4   0x080027f4   0x00000042   Code   RO         2881    i.HAL_SDRAM_Init    stm32f4xx_hal_sdram.o
    0x08002836   0x08002836   0x00000002   PAD
    0x08002838   0x08002838   0x000000dc   Code   RO         6089    i.HAL_SDRAM_MspInit  sdram.o
    0x08002914   0x08002914   0x00000022   Code   RO         2884    i.HAL_SDRAM_ProgramRefreshRate  stm32f4xx_hal_sdram.o
    0x08002936   0x08002936   0x0000002e   Code   RO         2890    i.HAL_SDRAM_SendCommand  stm32f4xx_hal_sdram.o
    0x08002964   0x08002964   0x00000056   Code   RO         3035    i.HAL_SRAM_Init     stm32f4xx_hal_sram.o
    0x080029ba   0x080029ba   0x00000002   PAD
    0x080029bc   0x080029bc   0x00000078   Code   RO         5301    i.HAL_SRAM_MspInit  lcd.o
    0x08002a34   0x08002a34   0x00000018   Code   RO          723    i.HAL_SYSTICK_CLKSourceConfig  stm32f4xx_hal_cortex.o
    0x08002a4c   0x08002a4c   0x00000028   Code   RO          725    i.HAL_SYSTICK_Config  stm32f4xx_hal_cortex.o
    0x08002a74   0x08002a74   0x00000002   Code   RO         1245    i.HAL_UART_ErrorCallback  stm32f4xx_hal_uart.o
    0x08002a76   0x08002a76   0x00000006   Code   RO         1247    i.HAL_UART_GetState  stm32f4xx_hal_uart.o
    0x08002a7c   0x08002a7c   0x000000f4   Code   RO         1248    i.HAL_UART_IRQHandler  stm32f4xx_hal_uart.o
    0x08002b70   0x08002b70   0x0000005e   Code   RO         1249    i.HAL_UART_Init     stm32f4xx_hal_uart.o
    0x08002bce   0x08002bce   0x00000002   PAD
    0x08002bd0   0x08002bd0   0x0000007c   Code   RO         4784    i.HAL_UART_MspInit  usart.o
    0x08002c4c   0x08002c4c   0x000000ca   Code   RO         1252    i.HAL_UART_Receive  stm32f4xx_hal_uart.o
    0x08002d16   0x08002d16   0x00000068   Code   RO         1254    i.HAL_UART_Receive_IT  stm32f4xx_hal_uart.o
    0x08002d7e   0x08002d7e   0x00000002   PAD
    0x08002d80   0x08002d80   0x00000058   Code   RO         4785    i.HAL_UART_RxCpltCallback  usart.o
    0x08002dd8   0x08002dd8   0x00000002   Code   RO         1260    i.HAL_UART_TxCpltCallback  stm32f4xx_hal_uart.o
    0x08002dda   0x08002dda   0x00000002   Code   RO          334    i.HardFault_Handler  stm32f4xx_it.o
    0x08002ddc   0x08002ddc   0x00000040   Code   RO         5070    i.IIC_Ack           myiic.o
    0x08002e1c   0x08002e1c   0x00000048   Code   RO         5071    i.IIC_Init          myiic.o
    0x08002e64   0x08002e64   0x00000040   Code   RO         5072    i.IIC_NAck          myiic.o
    0x08002ea4   0x08002ea4   0x00000068   Code   RO         5073    i.IIC_Read_Byte     myiic.o
    0x08002f0c   0x08002f0c   0x00000060   Code   RO         5074    i.IIC_Send_Byte     myiic.o
    0x08002f6c   0x08002f6c   0x00000040   Code   RO         5075    i.IIC_Start         myiic.o
    0x08002fac   0x08002fac   0x00000040   Code   RO         5076    i.IIC_Stop          myiic.o
    0x08002fec   0x08002fec   0x00000054   Code   RO         5077    i.IIC_Wait_Ack      myiic.o
    0x08003040   0x08003040   0x00000080   Code   RO         4850    i.KEY_Init          key.o
    0x080030c0   0x080030c0   0x00000048   Code   RO         5303    i.LCD_Clear         lcd.o
    0x08003108   0x08003108   0x00000108   Code   RO         5307    i.LCD_Display_Dir   lcd.o
    0x08003210   0x08003210   0x00000096   Code   RO         5308    i.LCD_DrawLine      lcd.o
    0x080032a6   0x080032a6   0x00000002   PAD
    0x080032a8   0x080032a8   0x00000030   Code   RO         5309    i.LCD_DrawPoint     lcd.o
    0x080032d8   0x080032d8   0x0000003a   Code   RO         5310    i.LCD_DrawRectangle  lcd.o
    0x08003312   0x08003312   0x000000b0   Code   RO         5311    i.LCD_Draw_Circle   lcd.o
    0x080033c2   0x080033c2   0x00000002   PAD
    0x080033c4   0x080033c4   0x000000e4   Code   RO         5312    i.LCD_Fast_DrawPoint  lcd.o
    0x080034a8   0x080034a8   0x00000060   Code   RO         5313    i.LCD_Fill          lcd.o
    0x08003508   0x08003508   0x00000010   Code   RO         5314    i.LCD_GetCursor     lcd.o
    0x08003518   0x08003518   0x00002b1c   Code   RO         5315    i.LCD_Init          lcd.o
    0x08006034   0x08006034   0x00000010   Code   RO         5316    i.LCD_Pow           lcd.o
    0x08006044   0x08006044   0x00000014   Code   RO         5317    i.LCD_RD_DATA       lcd.o
    0x08006058   0x08006058   0x00000050   Code   RO         5320    i.LCD_SSD_BackLightSet  lcd.o
    0x080060a8   0x080060a8   0x000001a4   Code   RO         5321    i.LCD_Scan_Dir      lcd.o
    0x0800624c   0x0800624c   0x000000fc   Code   RO         5322    i.LCD_SetCursor     lcd.o
    0x08006348   0x08006348   0x000000dc   Code   RO         5324    i.LCD_ShowChar      lcd.o
    0x08006424   0x08006424   0x00000076   Code   RO         5325    i.LCD_ShowNum       lcd.o
    0x0800649a   0x0800649a   0x00000054   Code   RO         5326    i.LCD_ShowString    lcd.o
    0x080064ee   0x080064ee   0x00000002   PAD
    0x080064f0   0x080064f0   0x00000018   Code   RO         5328    i.LCD_WR_DATA       lcd.o
    0x08006508   0x08006508   0x00000018   Code   RO         5329    i.LCD_WR_REG        lcd.o
    0x08006520   0x08006520   0x00000014   Code   RO         5331    i.LCD_WriteRAM_Prepare  lcd.o
    0x08006534   0x08006534   0x00000010   Code   RO         5332    i.LCD_WriteReg      lcd.o
    0x08006544   0x08006544   0x0000004c   Code   RO         4938    i.LED_Init          led.o
    0x08006590   0x08006590   0x00000020   Code   RO         5752    i.LTDC_Clear        ltdc.o
    0x080065b0   0x080065b0   0x0000001e   Code   RO         5753    i.LTDC_Clk_Set      ltdc.o
    0x080065ce   0x080065ce   0x00000002   PAD
    0x080065d0   0x080065d0   0x00000028   Code   RO         5755    i.LTDC_Display_Dir  ltdc.o
    0x080065f8   0x080065f8   0x0000003c   Code   RO         5756    i.LTDC_Draw_Point   ltdc.o
    0x08006634   0x08006634   0x000000b4   Code   RO         5757    i.LTDC_Fill         ltdc.o
    0x080066e8   0x080066e8   0x00000208   Code   RO         5758    i.LTDC_Init         ltdc.o
    0x080068f0   0x080068f0   0x0000005c   Code   RO         5759    i.LTDC_Layer_Parameter_Config  ltdc.o
    0x0800694c   0x0800694c   0x00000024   Code   RO         5761    i.LTDC_Layer_Window_Config  ltdc.o
    0x08006970   0x08006970   0x000000b8   Code   RO         5762    i.LTDC_PanelID_Read  ltdc.o
    0x08006a28   0x08006a28   0x00000162   Code   RO         2709    i.LTDC_SetConfig    stm32f4xx_hal_ltdc.o
    0x08006b8a   0x08006b8a   0x00000002   PAD
    0x08006b8c   0x08006b8c   0x00000040   Code   RO            4    i.Load_Drow_Dialog  main.o
    0x08006bcc   0x08006bcc   0x00000002   Code   RO          335    i.MemManage_Handler  stm32f4xx_it.o
    0x08006bce   0x08006bce   0x00000002   Code   RO          336    i.NMI_Handler       stm32f4xx_it.o
    0x08006bd0   0x08006bd0   0x00000020   Code   RO          727    i.NVIC_SetPriority  stm32f4xx_hal_cortex.o
    0x08006bf0   0x08006bf0   0x000000b4   Code   RO         6035    i.OTT2001A_Init     ott2001a.o
    0x08006ca4   0x08006ca4   0x00000060   Code   RO         6036    i.OTT2001A_RD_Reg   ott2001a.o
    0x08006d04   0x08006d04   0x0000016c   Code   RO         6037    i.OTT2001A_Scan     ott2001a.o
    0x08006e70   0x08006e70   0x0000001e   Code   RO         6038    i.OTT2001A_SensorControl  ott2001a.o
    0x08006e8e   0x08006e8e   0x00000052   Code   RO         6039    i.OTT2001A_WR_Reg   ott2001a.o
    0x08006ee0   0x08006ee0   0x00000002   Code   RO          337    i.PendSV_Handler    stm32f4xx_it.o
    0x08006ee2   0x08006ee2   0x00000002   PAD
    0x08006ee4   0x08006ee4   0x00000060   Code   RO         6090    i.SDRAM_Init        sdram.o
    0x08006f44   0x08006f44   0x00000050   Code   RO         6091    i.SDRAM_Initialization_Sequence  sdram.o
    0x08006f94   0x08006f94   0x00000034   Code   RO         6092    i.SDRAM_Send_Cmd    sdram.o
    0x08006fc8   0x08006fc8   0x00000002   Code   RO          338    i.SVC_Handler       stm32f4xx_it.o
    0x08006fca   0x08006fca   0x00000002   PAD
    0x08006fcc   0x08006fcc   0x00000084   Code   RO         4757    i.Stm32_Clock_Init  sys.o
    0x08007050   0x08007050   0x00000004   Code   RO          339    i.SysTick_Handler   stm32f4xx_it.o
    0x08007054   0x08007054   0x00000054   Code   RO          411    i.SystemInit        system_stm32f4xx.o
    0x080070a8   0x080070a8   0x00000178   Code   RO         5645    i.TP_Adj_Info_Show  touch.o
    0x08007220   0x08007220   0x000005b8   Code   RO         5646    i.TP_Adjust         touch.o
    0x080077d8   0x080077d8   0x00000070   Code   RO         5648    i.TP_Drow_Touch_Point  touch.o
    0x08007848   0x08007848   0x0000003c   Code   RO         5649    i.TP_Get_Adjdata    touch.o
    0x08007884   0x08007884   0x0000018c   Code   RO         5650    i.TP_Init           touch.o
    0x08007a10   0x08007a10   0x0000008c   Code   RO         5651    i.TP_Read_AD        touch.o
    0x08007a9c   0x08007a9c   0x00000060   Code   RO         5652    i.TP_Read_XOY       touch.o
    0x08007afc   0x08007afc   0x00000028   Code   RO         5653    i.TP_Read_XY        touch.o
    0x08007b24   0x08007b24   0x0000007c   Code   RO         5654    i.TP_Read_XY2       touch.o
    0x08007ba0   0x08007ba0   0x0000001c   Code   RO         5655    i.TP_Save_Adjdata   touch.o
    0x08007bbc   0x08007bbc   0x000000bc   Code   RO         5656    i.TP_Scan           touch.o
    0x08007c78   0x08007c78   0x00000048   Code   RO         5657    i.TP_Write_Byte     touch.o
    0x08007cc0   0x08007cc0   0x000000a6   Code   RO         1267    i.UART_Receive_IT   stm32f4xx_hal_uart.o
    0x08007d66   0x08007d66   0x00000002   PAD
    0x08007d68   0x08007d68   0x00000174   Code   RO         1268    i.UART_SetConfig    stm32f4xx_hal_uart.o
    0x08007edc   0x08007edc   0x00000066   Code   RO         1269    i.UART_Transmit_IT  stm32f4xx_hal_uart.o
    0x08007f42   0x08007f42   0x00000092   Code   RO         1270    i.UART_WaitOnFlagUntilTimeout  stm32f4xx_hal_uart.o
    0x08007fd4   0x08007fd4   0x00000134   Code   RO         5239    i.UI_100            easyui.o
    0x08008108   0x08008108   0x00000128   Code   RO         5240    i.UI_200            easyui.o
    0x08008230   0x08008230   0x00000138   Code   RO         5241    i.UI_300            easyui.o
    0x08008368   0x08008368   0x000001c8   Code   RO         5243    i.UI_Main           easyui.o
    0x08008530   0x08008530   0x00000078   Code   RO         5244    i.UI_TouchHandler   easyui.o
    0x080085a8   0x080085a8   0x00000044   Code   RO         4786    i.USART1_IRQHandler  usart.o
    0x080085ec   0x080085ec   0x0000003c   Code   RO         5019    i.USART2_IRQHandler  rs485.o
    0x08008628   0x08008628   0x00000002   Code   RO          340    i.UsageFault_Handler  stm32f4xx_it.o
    0x0800862a   0x0800862a   0x0000007a   Code   RO         6235    i.__hardfp_sqrt     m_wm.l(sqrt.o)
    0x080086a4   0x080086a4   0x00000002   Code   RO         4787    i._sys_exit         usart.o
    0x080086a6   0x080086a6   0x00000002   PAD
    0x080086a8   0x080086a8   0x000000f4   Code   RO            5    i.ctp_test          main.o
    0x0800879c   0x0800879c   0x00000014   Code   RO         4718    i.delay_init        delay.o
    0x080087b0   0x080087b0   0x0000001a   Code   RO         4719    i.delay_ms          delay.o
    0x080087ca   0x080087ca   0x00000002   PAD
    0x080087cc   0x080087cc   0x00000034   Code   RO         4720    i.delay_us          delay.o
    0x08008800   0x08008800   0x00000014   Code   RO         4788    i.fputc             usart.o
    0x08008814   0x08008814   0x00000038   Code   RO            6    i.gui_draw_hline    main.o
    0x0800884c   0x0800884c   0x000000b6   Code   RO            7    i.gui_fill_circle   main.o
    0x08008902   0x08008902   0x000000ac   Code   RO            8    i.lcd_draw_bline    main.o
    0x080089ae   0x080089ae   0x00000002   PAD
    0x080089b0   0x080089b0   0x0000004c   Code   RO            9    i.main              main.o
    0x080089fc   0x080089fc   0x00000038   Code   RO         4789    i.uart_init         usart.o
    0x08008a34   0x08008a34   0x00000150   Code   RO         6211    x$fpl$dadd          fz_wm.l(daddsub_clz.o)
    0x08008b84   0x08008b84   0x00000018   Code   RO         6271    x$fpl$dcmpinf       fz_wm.l(dcmpi.o)
    0x08008b9c   0x08008b9c   0x0000005a   Code   RO         6217    x$fpl$dfixu         fz_wm.l(dfixu.o)
    0x08008bf6   0x08008bf6   0x00000026   Code   RO         6221    x$fpl$dfltu         fz_wm.l(dflt_clz.o)
    0x08008c1c   0x08008c1c   0x00000078   Code   RO         6227    x$fpl$dleqf         fz_wm.l(dleqf.o)
    0x08008c94   0x08008c94   0x00000154   Code   RO         6229    x$fpl$dmul          fz_wm.l(dmul.o)
    0x08008de8   0x08008de8   0x0000009c   Code   RO         6273    x$fpl$dnaninf       fz_wm.l(dnaninf.o)
    0x08008e84   0x08008e84   0x0000000c   Code   RO         6275    x$fpl$dretinf       fz_wm.l(dretinf.o)
    0x08008e90   0x08008e90   0x0000006c   Code   RO         6231    x$fpl$drleqf        fz_wm.l(drleqf.o)
    0x08008efc   0x08008efc   0x00000016   Code   RO         6212    x$fpl$drsb          fz_wm.l(daddsub_clz.o)
    0x08008f12   0x08008f12   0x00000002   PAD
    0x08008f14   0x08008f14   0x00000198   Code   RO         6277    x$fpl$dsqrt         fz_wm.l(dsqrt_umaal.o)
    0x080090ac   0x080090ac   0x000001d4   Code   RO         6213    x$fpl$dsub          fz_wm.l(daddsub_clz.o)
    0x08009280   0x08009280   0x00000056   Code   RO         6233    x$fpl$f2d           fz_wm.l(f2d.o)
    0x080092d6   0x080092d6   0x0000008c   Code   RO         6279    x$fpl$fnaninf       fz_wm.l(fnaninf.o)
    0x08009362   0x08009362   0x0000000a   Code   RO         6379    x$fpl$fpinit        fz_wm.l(fpinit.o)
    0x0800936c   0x0800936c   0x00000000   Code   RO         6281    x$fpl$usenofp       fz_wm.l(usenofp.o)
    0x0800936c   0x0800936c   0x00000014   Data   RO           11    .constdata          main.o
    0x08009380   0x08009380   0x00000010   Data   RO         1106    .constdata          stm32f4xx_hal_rcc.o
    0x08009390   0x08009390   0x00004740   Data   RO         5335    .constdata          lcd.o
    0x0800dad0   0x0800dad0   0x00000014   Data   RO         5603    .constdata          ft5206.o
    0x0800dae4   0x0800dae4   0x00000004   Data   RO         5658    .constdata          touch.o
    0x0800dae8   0x0800dae8   0x000000c2   Data   RO         5936    .constdata          gt9147.o
    0x0800dbaa   0x0800dbaa   0x000000ce   Data   RO         5988    .constdata          gt9271.o
    0x0800dc78   0x0800dc78   0x0000000a   Data   RO         6040    .constdata          ott2001a.o
    0x0800dc82   0x0800dc82   0x00000028   Data   RO         6162    .constdata          c_w.l(_printf_hex_int.o)
    0x0800dcaa   0x0800dcaa   0x00000002   PAD
    0x0800dcac   0x0800dcac   0x00000079   Data   RO         5659    .conststring        touch.o
    0x0800dd25   0x0800dd25   0x00000003   PAD
    0x0800dd28   0x0800dd28   0x00000020   Data   RO         6443    Region$$Table       anon$$obj.o


    Execution Region RW_IRAM1 (Exec base: 0x20000000, Load base: 0x0800dd48, Size: 0x000009d8, Max: 0x00030000, ABSOLUTE)

    Exec Addr    Load Addr    Size         Type   Attr      Idx    E Section Name        Object

    0x20000000   0x0800dd48   0x00000014   Data   RW          412    .data               system_stm32f4xx.o
    0x20000014   0x0800dd5c   0x00000004   Data   RW          576    .data               stm32f4xx_hal.o
    0x20000018   0x0800dd60   0x00000004   Data   RW         4721    .data               delay.o
    0x2000001c   0x0800dd64   0x00000004   Data   RW         4791    .data               usart.o
    0x20000020   0x0800dd68   0x00000004   Data   RW         4792    .data               usart.o
    0x20000024   0x0800dd6c   0x00000001   Data   RW         5021    .data               rs485.o
    0x20000025   0x0800dd6d   0x00000001   Data   RW         5245    .data               easyui.o
    0x20000026   0x0800dd6e   0x00000002   PAD
    0x20000028   0x0800dd70   0x0000000c   Data   RW         5336    .data               lcd.o
    0x20000034   0x0800dd7c   0x00000007   Data   RW         5604    .data               ft5206.o
    0x2000003b   0x0800dd83   0x00000001   PAD
    0x2000003c   0x0800dd84   0x0000004c   Data   RW         5660    .data               touch.o
    0x20000088   0x0800ddd0   0x00000008   Data   RW         5769    .data               ltdc.o
    0x20000090   0x0800ddd8   0x00000001   Data   RW         5937    .data               gt9147.o
    0x20000091   0x0800ddd9   0x00000001   Data   RW         5989    .data               gt9271.o
    0x20000092   0x0800ddda   0x00000001   Data   RW         6041    .data               ott2001a.o
    0x20000093   0x0800dddb   0x00000001   PAD
    0x20000094        -       0x00000108   Zero   RW         4790    .bss                usart.o
    0x2000019c        -       0x00000080   Zero   RW         5020    .bss                rs485.o
    0x2000021c        -       0x0000005e   Zero   RW         5334    .bss                lcd.o
    0x2000027a   0x0800dddb   0x00000002   PAD
    0x2000027c        -       0x000000c8   Zero   RW         5767    .bss                ltdc.o
    0x20000344        -       0x00000034   Zero   RW         6093    .bss                sdram.o
    0x20000378        -       0x00000060   Zero   RW         6309    .bss                c_w.l(libspace.o)
    0x200003d8        -       0x00000200   Zero   RW          544    HEAP                startup_stm32f429xx.o
    0x200005d8        -       0x00000400   Zero   RW          543    STACK               startup_stm32f429xx.o



  Load Region LR$$.ARM.__AT_0xC0000000 (Base: 0xc0000000, Size: 0x00000000, Max: 0x001f4000, ABSOLUTE)

    Execution Region ER$$.ARM.__AT_0xC0000000 (Exec base: 0xc0000000, Load base: 0xc0000000, Size: 0x001f4000, Max: 0x001f4000, ABSOLUTE, UNINIT)

    Exec Addr    Load Addr    Size         Type   Attr      Idx    E Section Name        Object

    0xc0000000        -       0x001f4000   Zero   RW         5766    .ARM.__AT_0xC0000000  ltdc.o


==============================================================================

Image component sizes


      Code (inc. data)   RO Data    RW Data    ZI Data      Debug   Object Name

       198          0          0          0          0       3275   24cxx.o
       604         82          0          0          0       5349   ctiic.o
        98          8          0          4          0       1851   delay.o
      1492        364          0          1          0       2923   easyui.o
      1078         68         20          7          0       4401   ft5206.o
      1122         96        194          1          0       4850   gt9147.o
      1002         78        206          1          0       4718   gt9271.o
       128         18          0          0          0        935   key.o
     13558        204      18240         12         94      25001   lcd.o
        76          8          0          0          0        819   led.o
      1418        118          0          8    2048200       9112   ltdc.o
       794         44         20          0          0     410759   main.o
       612         74          0          0          0       4758   myiic.o
       752         64         10          1          0       4427   ott2001a.o
        60          8          0          1        128       1243   rs485.o
       448         46          0          0         52       3270   sdram.o
        64         26        428          0       1536        808   startup_stm32f429xx.o
       122         16          0          4          0       3984   stm32f4xx_hal.o
       218         14          0          0          0      30745   stm32f4xx_hal_cortex.o
       496         54          0          0          0       3215   stm32f4xx_hal_gpio.o
       856          4          0          0          0       4605   stm32f4xx_hal_ltdc.o
       136         14          0          0          0       1256   stm32f4xx_hal_pwr_ex.o
      1572         72         16          0          0       6171   stm32f4xx_hal_rcc.o
       680         36          0          0          0       1628   stm32f4xx_hal_rcc_ex.o
       146          0          0          0          0       2632   stm32f4xx_hal_sdram.o
        86          0          0          0          0       1172   stm32f4xx_hal_sram.o
      1440          8          0          0          0       9286   stm32f4xx_hal_uart.o
        20          0          0          0          0       3782   stm32f4xx_it.o
       560         20          0          0          0       5792   stm32f4xx_ll_fmc.o
       132         10          0          0          0       1095   sys.o
        84         18          0         20          0        965   system_stm32f4xx.o
      3096        240        125         76          0      10851   touch.o
       358         54          0          8        264       5353   usart.o

    ----------------------------------------------------------------------
     33546       1866      19294        148    2050276     581031   Object Totals
         0          0         32          0          0          0   (incl. Generated)
        40          0          3          4          2          0   (incl. Padding)

    ----------------------------------------------------------------------

      Code (inc. data)   RO Data    RW Data    ZI Data      Debug   Library Member Name

         8          0          0          0          0         68   __main.o
       104          0          0          0          0         84   __printf.o
         0          0          0          0          0          0   __rtentry.o
        12          0          0          0          0          0   __rtentry2.o
         6          0          0          0          0          0   __rtentry4.o
        52          8          0          0          0          0   __scatter.o
        26          0          0          0          0          0   __scatter_copy.o
        28          0          0          0          0          0   __scatter_zi.o
        44          0          0          0          0        108   _printf_char.o
        48          6          0          0          0         96   _printf_char_common.o
        36          4          0          0          0         80   _printf_char_file.o
         6          0          0          0          0          0   _printf_d.o
       120         16          0          0          0         92   _printf_dec.o
        88          4         40          0          0         88   _printf_hex_int.o
       178          0          0          0          0         88   _printf_intcommon.o
         0          0          0          0          0          0   _printf_percent.o
         4          0          0          0          0          0   _printf_percent_end.o
         6          0          0          0          0          0   _printf_s.o
        82          0          0          0          0         80   _printf_str.o
         6          0          0          0          0          0   _printf_x.o
        22          0          0          0          0        100   _rserrno.o
        18          0          0          0          0         80   exit.o
         8          0          0          0          0         68   ferror.o
         6          0          0          0          0        152   heapauxi.o
         2          0          0          0          0          0   libinit.o
         6          0          0          0          0          0   libinit2.o
         2          0          0          0          0          0   libshutdown.o
         2          0          0          0          0          0   libshutdown2.o
         8          4          0          0         96         68   libspace.o
        24          4          0          0          0         84   noretval__2printf.o
         8          4          0          0          0         68   rt_errno_addr_intlibspace.o
       100          0          0          0          0         80   rt_memcpy_w.o
         2          0          0          0          0          0   rtexit.o
        10          0          0          0          0          0   rtexit2.o
       128          0          0          0          0         68   strcmpv7m.o
        74          0          0          0          0         80   sys_stackheap_outer.o
         2          0          0          0          0         68   use_no_semi.o
         2          0          0          0          0         68   use_no_semi_2.o
       826         16          0          0          0        492   daddsub_clz.o
        24          0          0          0          0        116   dcmpi.o
        90          4          0          0          0        140   dfixu.o
        38          0          0          0          0        116   dflt_clz.o
       120          4          0          0          0        140   dleqf.o
       340         12          0          0          0        152   dmul.o
       156          4          0          0          0        140   dnaninf.o
        12          0          0          0          0        116   dretinf.o
       108          0          0          0          0        128   drleqf.o
       408         56          0          0          0        168   dsqrt_umaal.o
        86          4          0          0          0        132   f2d.o
       140          4          0          0          0        132   fnaninf.o
        10          0          0          0          0        116   fpinit.o
         0          0          0          0          0          0   usenofp.o
       122          0          0          0          0        148   sqrt.o

    ----------------------------------------------------------------------
      3766        154         42          0         96       4004   Library Totals
         8          0          2          0          0          0   (incl. Padding)

    ----------------------------------------------------------------------

      Code (inc. data)   RO Data    RW Data    ZI Data      Debug   Library Name

      1278         50         40          0         96       1768   c_w.l
      2358        104          0          0          0       2088   fz_wm.l
       122          0          0          0          0        148   m_wm.l

    ----------------------------------------------------------------------
      3766        154         42          0         96       4004   Library Totals

    ----------------------------------------------------------------------

==============================================================================


      Code (inc. data)   RO Data    RW Data    ZI Data      Debug   

     37312       2020      19336        148    2050372     566351   Grand Totals
     37312       2020      19336        148    2050372     566351   ELF Image Totals
     37312       2020      19336        148          0          0   ROM Totals

==============================================================================

    Total RO  Size (Code + RO Data)                56648 (  55.32kB)
    Total RW  Size (RW Data + ZI Data)           2050520 (2002.46kB)
    Total ROM Size (Code + RO Data + RW Data)      56796 (  55.46kB)

==============================================================================

