<html>
<body>
<pre>
<h1>µVision Build Log</h1>
<h2>Tool Versions:</h2>
IDE-Version: ¦ÌVision V5.24.2.0
Copyright (C) 2017 ARM Ltd and ARM Germany GmbH. All rights reserved.
License Information: a 1394431759@qq.com, a, LIC=JL28G-VUHNZ-BSEYX-HZPX2-UGX9L-9U7CI
 
Tool Versions:
Toolchain:       MDK-ARM Plus  Version: 5.24.1
Toolchain Path:  D:\Keil_v5\ARM\ARMCC\Bin
C Compiler:      Armcc.exe V5.06 update 5 (build 528)
Assembler:       Armasm.exe V5.06 update 5 (build 528)
Linker/Locator:  ArmLink.exe V5.06 update 5 (build 528)
Library Manager: ArmAr.exe V5.06 update 5 (build 528)
Hex Converter:   FromElf.exe V5.06 update 5 (build 528)
CPU DLL:         SARMCM3.DLL V5.24.1
Dialog DLL:      DCM.DLL V1.16.0.0
Target DLL:      STLink\ST-LINKIII-KEIL_SWO.dll V3.0.1.0
Dialog DLL:      TCM.DLL V1.32.0.0
 
<h2>Project:</h2>
D:\alarm\alarm\alarm\USER\alarm.uvprojx
Project File Date:  08/19/2025

<h2>Output:</h2>
*** Using Compiler 'V5.06 update 5 (build 528)', folder: 'D:\Keil_v5\ARM\ARMCC\Bin'
Rebuild target 'alarm'
assembling startup_stm32f429xx.s...
compiling stm32f4xx_it.c...
compiling system_stm32f4xx.c...
compiling stm32f4xx_hal_gpio.c...
compiling stm32f4xx_hal_pwr.c...
compiling stm32f4xx_hal_pwr_ex.c...
compiling stm32f4xx_hal_rcc_ex.c...
compiling stm32f4xx_hal_cortex.c...
compiling stm32f4xx_hal.c...
compiling stm32f4xx_hal_uart.c...
compiling main.c...
..\HARDWARE\easyUI\easyUI.h(26): warning:  #1-D: last line of file ends without a newline
  #endif
main.c: 1 warning, 0 errors
compiling stm32f4xx_hal_rcc.c...
compiling stm32f4xx_hal_adc_ex.c...
compiling stm32f4xx_hal_ltdc_ex.c...
compiling stm32f4xx_hal_adc.c...
compiling stm32f4xx_hal_i2c_ex.c...
compiling stm32f4xx_hal_dma_ex.c...
compiling stm32f4xx_hal_i2s.c...
compiling stm32f4xx_hal_dma.c...
compiling stm32f4xx_hal_usart.c...
compiling stm32f4xx_hal_ltdc.c...
compiling stm32f4xx_hal_i2c.c...
compiling stm32f4xx_hal_i2s_ex.c...
compiling stm32f4xx_hal_sram.c...
compiling delay.c...
compiling stm32f4xx_hal_sdram.c...
compiling stm32f4xx_hal_tim_ex.c...
compiling stm32f4xx_hal_dma2d.c...
compiling sys.c...
compiling usart.c...
compiling stm32f4xx_hal_can.c...
compiling stm32f4xx_ll_fmc.c...
compiling stm32f4xx_hal_spi.c...
compiling stm32f4xx_hal_tim.c...
compiling key.c...
compiling pcf8574.c...
compiling zmpt101b.c...
compiling ctiic.c...
compiling led.c...
compiling myiic.c...
compiling adc.c...
compiling rs485.c...
compiling dht11.c...
compiling easyUI.c...
..\HARDWARE\easyUI\easyUI.h(26): warning:  #1-D: last line of file ends without a newline
  #endif
..\HARDWARE\easyUI\easyUI.c(124): warning:  #1-D: last line of file ends without a newline
  }
..\HARDWARE\easyUI\easyUI.c: 2 warnings, 0 errors
compiling lcd.c...
compiling ft5206.c...
compiling sdram.c...
compiling 24cxx.c...
compiling ott2001a.c...
compiling gt9147.c...
compiling ltdc.c...
compiling gt9271.c...
compiling touch.c...
linking...
Program Size: Code=37312 RO-data=19336 RW-data=148 ZI-data=2050372  
FromELF: creating hex file...
"..\OBJ\LED.axf" - 0 Error(s), 3 Warning(s).

<h2>Software Packages used:</h2>

Package Vendor: Keil
                http://www.keil.com/pack/Keil.STM32F4xx_DFP.2.7.0.pack
                Keil.STM32F4xx_DFP.2.7.0
                STMicroelectronics STM32F4 Series Device Support, Drivers and Examples

<h2>Collection of Component include folders:</h2>
  .\RTE\_alarm
  D:\Keil_v5\ARM\PACK\Keil\STM32F4xx_DFP\2.7.0\Drivers\CMSIS\Device\ST\STM32F4xx\Include

<h2>Collection of Component Files used:</h2>
Build Time Elapsed:  00:00:20
</pre>
</body>
</html>
